10-01 15:47:42.499 23314 11885 W NearbyFastPair: 	at com.google.android.gms.common.api.internal.BasePendingResult.y(:com.google.android.gms@233614024@23.36.14 (100300-567131450):74)
10-01 15:47:42.499 23314 11885 W NearbyFastPair: 	at com.google.android.gms.common.api.internal.BasePendingResult.p(:com.google.android.gms@233614024@23.36.14 (100300-567131450):35)
10-01 15:47:42.499 23314 11885 W NearbyFastPair: 	at ahps.a(:com.google.android.gms@233614024@23.36.14 (100300-567131450):16)
10-01 15:47:42.499 23314 11885 W NearbyFastPair: 	at ahph.c(:com.google.android.gms@233614024@23.36.14 (100300-567131450):3)
10-01 15:47:42.499 23314 11885 W NearbyFastPair: 	at ahsa.p(:com.google.android.gms@233614024@23.36.14 (100300-567131450):48)
10-01 15:47:42.499 23314 11885 W NearbyFastPair: 	at ahsa.d(:com.google.android.gms@233614024@23.36.14 (100300-567131450):10)
10-01 15:47:42.499 23314 11885 W NearbyFastPair: 	at ahsa.g(:com.google.android.gms@233614024@23.36.14 (100300-567131450):204)
10-01 15:47:42.499 23314 11885 W NearbyFastPair: 	at ahsa.onConnectionFailed(:com.google.android.gms@233614024@23.36.14 (100300-567131450):2)
10-01 15:47:42.499 23314 11885 W NearbyFastPair: 	at ailc.hM(:com.google.android.gms@233614024@23.36.14 (100300-567131450):3)
10-01 15:47:42.499 23314 11885 W NearbyFastPair: 	at aikg.b(:com.google.android.gms@233614024@23.36.14 (100300-567131450):7)
10-01 15:47:42.499 23314 11885 W NearbyFastPair: 	at aijx.a(:com.google.android.gms@233614024@23.36.14 (100300-567131450):85)
10-01 15:47:42.499 23314 11885 W NearbyFastPair: 	at aika.handleMessage(:com.google.android.gms@233614024@23.36.14 (100300-567131450):287)
10-01 15:47:42.499 23314 11885 W NearbyFastPair: 	at android.os.Handler.dispatchMessage(Handler.java:106)
10-01 15:47:42.499 23314 11885 W NearbyFastPair: 	at becy.lB(:com.google.android.gms@233614024@23.36.14 (100300-567131450):1)
10-01 15:47:42.499 23314 11885 W NearbyFastPair: 	at becy.dispatchMessage(:com.google.android.gms@233614024@23.36.14 (100300-567131450):143)
10-01 15:47:42.499 23314 11885 W NearbyFastPair: 	at android.os.Looper.loop(Looper.java:193)
10-01 15:47:42.499 23314 11885 W NearbyFastPair: 	at android.os.HandlerThread.run(HandlerThread.java:65)
10-01 15:47:42.499 23314 11885 I NearbyFastPair: (REDACTED) WearApiRetryWrapper: retry#%s
10-01 15:47:42.501 23314  5529 I NearbyDiscovery: (REDACTED) FastPairHandler: Received action %s
10-01 15:47:42.502 11967 11967 I ContactsPerf: VoicemailContentProvider.onCreate finish
10-01 15:47:42.502  4933  4978 I atmd    : Is not a headset device
10-01 15:47:42.508 11967 11994 D CallLogProvider: match == 1
10-01 15:47:42.509 11967 11994 D CallLogProvider: In call log providers,  selectionBuilder=(((type != 4)) AND (date> ?) AND (conference_call_id<0)) AND ((type != 4)) AND ((phone_account_hidden = 0))
10-01 15:47:42.509 23314 11350 I NearbyFastPair: DynamicSupportModule: onSupportStateUpdate end [CONTEXT service_id=265 ]
10-01 15:47:42.513  4933  4978 I bdoy    : (REDACTED) Not a bisto device: %s
10-01 15:47:42.515 23314 11886 I ProximityAuth: [AccountEligibilityMediator] Cannot check accounts eligibility in cross profile, checking accounts in current profiles
10-01 15:47:42.518 11905 11905 I NewAvrcpBrowsedPlayerWrapper: onConnected: com.google.android.apps.youtube.music is connected
10-01 15:47:42.518 23314  5529 I Nearby  : (REDACTED) is blocked device type %s, isAuto=%s, isIot=%s, isLatchsky=%s, isChinaWearable=%s, isTv=%s, isWearable=%s (supportWearOs=%s), isChromeOsDevice=%s (supportChromeOs=%s)
10-01 15:47:42.518 11905 11905 I NewAvrcpBrowsedPlayerWrapper: getFolderItems: Connected to browsable player: com.google.android.apps.youtube.music
10-01 15:47:42.527 11967 11994 D CallLogProvider: query count == 0
10-01 15:47:42.530 23314  9748 I NearbySharing: (REDACTED) Loading certificates with visibility %s
10-01 15:47:42.535 23314 11885 I NearbyFastPair: (REDACTED) WDLS updateIsTriangleState: hasNearbyNodes %s, hasBondedHeadset %s
10-01 15:47:42.539 11967 11992 D ContactsDatabaseHelper: WAL enabled for contacts2.db: true
10-01 15:47:42.539 27500 27500 D BoundBrokerSvc: onBind: Intent { act=com.google.android.gms.common.BIND_SHARED_PREFS pkg=com.google.android.gms }
10-01 15:47:42.539 27500 27500 D BoundBrokerSvc: Loading bound service for intent: Intent { act=com.google.android.gms.common.BIND_SHARED_PREFS pkg=com.google.android.gms }
10-01 15:47:42.541 23314  9748 I NearbySharing: (REDACTED) SavePrivateCertificateByFileName %s.
10-01 15:47:42.542   999  1008 I system_server: Background concurrent copying GC freed 70657(3MB) AllocSpace objects, 43(2MB) LOS objects, 20% free, 23MB/29MB, paused 854us total 546.602ms
10-01 15:47:42.543 23314  9748 I NearbySharing: (REDACTED) Created endpointInfo: %s
10-01 15:47:42.549 23314  5529 I NearbyDiscovery: (REDACTED) DiscoveryController, showNotification, itemSize=%s
10-01 15:47:42.549 23314  5529 I NearbyDiscovery: (REDACTED) Show notifications: %d total, no changes since last shown, no-op.
10-01 15:47:42.551 23314  9748 I NearbySharing: (REDACTED) Started advertising with power level = %s and isAllowGattConnections = %s and advertising mediums %s.
10-01 15:47:42.555   999 19591 V AlarmManager: Past alarm, need to trigger immediatly (min_futurity)
10-01 15:47:42.561 23314 23583 I NearbyConnections: Client 49091819 requested advertising to start.
10-01 15:47:42.565 23314 11885 I NearbyShared: (REDACTED) ServiceBinder: %s is already unbind
10-01 15:47:42.566 23314 23314 I NearbyFastPair: WDLS destroyed [CONTEXT service_id=265 ]
10-01 15:47:42.568 23314  9190 I NearbyConnections: Generated local endpoint id BS0H for client 49091819
10-01 15:47:42.573 23314 11886 I ProximityAuth: [PhoneHubService] No enabled account, stopping service
10-01 15:47:42.574 23314  9190 I NearbyConnections: In startBleAdvertising([ 0x32 0x4f 0x56 0x29 0xeb 0xc7 0xea 0x61 0x9a 0x4b 0x7f 0xfe 0x6e 0x6a 0xa3 0x58 0x2a ]), client 49091819 not allowed to listen for incoming BLE connections to ServiceID NearbySharing
10-01 15:47:42.574 27500 27500 D BoundBrokerSvc: onUnbind: Intent { act=com.google.android.gms.common.BIND_SHARED_PREFS pkg=com.google.android.gms }
10-01 15:47:42.579 23314 23314 I ProximityAuth: [PhoneHubService] Destroying PhoneHubChimeraService.
10-01 15:47:42.580 23314 23314 W ProximityAuth: [PhoneHubNotificationProcessor] shutdown(): context is null.
10-01 15:47:42.580 23314 23314 I ProximityAuth: [PhoneHubService] All devices have disconnected. Performing cleanup...
10-01 15:47:42.582 23314 23314 W ChimeraUtils: Module com.google.android.gms.auth_proximity missing resource null(0)
10-01 15:47:42.598 23314  9190 W BluetoothAdapter: getBluetoothService() called with no BluetoothManagerCallback
10-01 15:47:42.600 11905 11945 I bt_stack: [INFO:port_api.cc(237)] RFCOMM_CreateConnection: bd_addr=ff:ff:ff:ff:ff:ff, scn=4, is_server=1, mtu=990, uuid=0x003d, dlci=8, signal_state=0x0b, p_port=0x8efcfdc4
10-01 15:47:42.601 23314  9190 I NearbyMediums: Started accepting Bluetooth Classic connections for NearbySharing.
10-01 15:47:42.620 23314  9190 D BluetoothAdapter: isLeEnabled(): ON
10-01 15:47:42.621 23314  9190 D BluetoothAdapter: isLeEnabled(): ON
10-01 15:47:42.624 11905 11919 D BluetoothAdapterService: getAdapterService() - returning com.android.bluetooth.btservice.AdapterService@398fbaa
10-01 15:47:42.642 23314  9190 I NearbyMediums: Started fast BLE advertisement with: { mode: legacy, txPowerLevel: MEDIUM, advertiseMode: LOW_POWER}
10-01 15:47:42.642 23314  9190 I NearbyMediums: Successfully started BLE advertising of size 23 for service NearbySharing
10-01 15:47:42.643 11967 11992 I ContactLocale: AddressBook Labels [[pt_BR]]: [, A, B, C, D, E, F, G, H, I, J, K, L, M, N, O, P, Q, R, S, T, U, V, W, X, Y, Z, , , , , , , , , , , , , , , , , , , , , , , , , , , , , , , , , , , , , , , , , , , , , , , , , , , , , , , , , , , , , , , , , , , , , , , , , , , , , , , , , , , , , , , , , , , , , , , , , , , , , , , , , , , , , , , , , , , , , , , , , , , , , , , , , , , , , , , , , , , , , , , , , , , , , , , , , , , , , , , , , , , , , , , , , , , , , , , , , , , , , , , , , , , #, ]
10-01 15:47:42.657 23314  9748 I NearbySharing: (REDACTED) Successfully started advertising over Nearby Connections: %s, %s, %s
10-01 15:47:42.661 23314  9555 I NearbySharing: (REDACTED) Successfully logged %s
10-01 15:47:42.679 11967 11992 D ContactsDatabaseHelper: WAL enabled for profile.db: false
10-01 15:47:42.692 11967 11967 W Worker-1: type=1400 audit(0.0:214122): avc: denied { read } for name="buffer_total_size_kb" dev="tracefs" ino=53 scontext=u:r:priv_app:s0:c512,c768 tcontext=u:object_r:debugfs_tracing_debug:s0 tclass=file permissive=0
10-01 15:47:42.692 11967 11967 W Worker-1: type=1400 audit(0.0:214123): avc: denied { read } for name="clients" dev="debugfs" ino=5714 scontext=u:r:priv_app:s0:c512,c768 tcontext=u:object_r:debugfs_ion:s0 tclass=dir permissive=0
10-01 15:47:42.709 11967 11992 W android.os.Debug: Unable to open /sys/kernel/debug/shrinker: No such file or directory
10-01 15:47:42.709 11967 11992 W android.os.Debug: Unable to open /sys/kernel/debug/tracing/buffer_total_size_kb: Permission denied
10-01 15:47:42.709 11967 11992 E android.os.Debug: open dir: /d/ion/clients/.
10-01 15:47:42.710 11967 11992 D ContactsProvider: loadLocalPhoneAccounts()+ 
10-01 15:47:42.712 11967 11992 D ContactsProvider: performBackgroundTask()- **** task=0
10-01 15:47:42.712 11967 11992 D ContactsProvider: performBackgroundTask()+ **** task=3
10-01 15:47:42.765 11905 11963 D BluetoothPbapUtils: Contacts updated between last BT OFF and currentPbap Connect, primaryVersionCounter=3219, secondaryVersionCounter=258
10-01 15:47:42.774 11967 11992 W d.process.acor: Unknown chunk type '200'.
10-01 15:47:42.786 11967 11992 W d.process.acor: Unknown chunk type '200'.
10-01 15:47:42.800 11967 11992 D ContactsProvider: performBackgroundTask()- **** task=3
10-01 15:47:42.800 11967 11992 D ContactsProvider: performBackgroundTask()+ **** task=4
10-01 15:47:42.802 11967 11992 D ContactsProvider: performBackgroundTask()- **** task=4
10-01 15:47:42.802 11967 11992 D ContactsProvider: performBackgroundTask()+ **** task=5
10-01 15:47:42.802 11967 11992 D ContactsProvider: performBackgroundTask()- **** task=5
10-01 15:47:42.802 11967 11992 D ContactsProvider: performBackgroundTask()+ **** task=6
10-01 15:47:42.803 11967 11992 D ContactsProvider: performBackgroundTask()- **** task=6
10-01 15:47:42.803 11967 11992 D ContactsProvider: performBackgroundTask()+ **** task=7
10-01 15:47:42.803 11967 11992 D ContactsProvider: performBackgroundTask()- **** task=7
10-01 15:47:42.803 11967 11992 D ContactsProvider: performBackgroundTask()+ **** task=1
10-01 15:47:42.803 11967 11992 D ContactsProvider: performBackgroundTask()- **** task=1
10-01 15:47:42.803 11967 11992 D ContactsProvider: performBackgroundTask()+ **** task=10
10-01 15:47:42.812 11967 11992 D ContactsProvider: performBackgroundTask()- **** task=10
10-01 15:47:42.812 11967 11992 D ContactsProvider: performBackgroundTask()+ **** task=11
10-01 15:47:42.813 11967 11992 D ContactsProvider: performBackgroundTask()- **** task=11
10-01 15:47:42.932   999  1107 E WifiVendorHal: getWifiLinkLayerStats(l.937) failed {.code = ERROR_NOT_SUPPORTED, .description = }
10-01 15:47:43.719   541   585 D AALLightSensor: newLux = 1988, [1698, 1654] -> 1988
10-01 15:47:43.769   999  1095 I PowerWrap: PowerHal_TouchBoost
10-01 15:47:43.851   999  1095 I PowerWrap: PowerHal_TouchBoost
10-01 15:47:43.862   487  1090 I BufferQueueProducer: [com.android.settings/com.android.settings.SubSettings#1](this:0xaa39e000,id:412,api:1,p:11790,c:487) queueBuffer: fps=14.28 dur=1540.48 max=1201.99 min=9.43
10-01 15:47:43.873   999 23142 V WindowManager: Set focused app to: AppWindowToken{65d5566 token=Token{764f9c1 ActivityRecord{30b5aa8 u0 com.android.settings/.SubSettings t183}}} old focus=AppWindowToken{87f9d57 token=Token{21e96d6 ActivityRecord{ba59af1 u0 com.android.settings/.SubSettings t183}}} moveFocusNow=true
10-01 15:47:43.873   487   487 I SurfaceFlinger: [Built-in Screen (type:0)] fps:15.294858,dur:1569.15,max:1185.95,min:15.75
10-01 15:47:43.874   999 23142 V WindowManager: Changing focus from Window{cd91012 u0 com.android.settings/com.android.settings.SubSettings} to null Callers=com.android.server.wm.WindowManagerService.setFocusedApp:2651 com.android.server.am.ActivityManagerService.setResumedActivityUncheckLocked:3631 com.android.server.am.ActivityStack.onActivityStateChanged:498 com.android.server.am.TaskRecord.onActivityStateChanged:1794 
10-01 15:47:43.874   999 23142 D WindowManager: Input focus has changed to null
10-01 15:47:43.875   475   526 I vendor.mediatek.hardware.power@2.0-impl: notifyAppState pack:com.android.settings, act:com.android.settings.SubSettings, pid:11790, state:1
10-01 15:47:43.878   999  1026 I WindowManager: Focus moving from Window{cd91012 u0 com.android.settings/com.android.settings.SubSettings} to null
10-01 15:47:43.897 11790 11808 I DeviceIndex: Skipping: device index is not enabled
10-01 15:47:43.910 11790 11809 W TileUtils: Found com.android.settings.Settings$NotificationAppListActivity for intent Intent { act=com.android.settings.action.SETTINGS pkg=com.android.settings } missing metadata com.android.settings.category
10-01 15:47:43.911 23314 23314 W ChimeraUtils: Module com.google.android.gms.cast missing resource cast_module_display_name(0)
10-01 15:47:43.938 11790 11809 D OperatorCustomizationFactoryLoader: Slot -1's OperatorInfo is__
10-01 15:47:43.938 11790 11809 D OperatorCustomizationFactoryLoader: It's OM load or parse failed, because operator is null
10-01 15:47:43.938 11790 11809 E OperatorCustomizationFactoryLoader: can not find operatorFactoryInfo by slot id -1 from 
10-01 15:47:43.938 11790 11809 E OperatorCustomizationFactoryLoader: 0: OperatorFactoryInfo(OP01_null_null:OP01Settings.apk:com.mediatek.settings.op01.Op01SettingsCustomizationFactory:com.mediatek.settings.op01)
10-01 15:47:43.938 11790 11809 E OperatorCustomizationFactoryLoader: 1: OperatorFactoryInfo(OP02_null_null:OP02Settings.apk:com.mediatek.settings.op02.Op02SettingsCustomizationFactory:com.mediatek.settings.op02)
10-01 15:47:43.938 11790 11809 E OperatorCustomizationFactoryLoader: 2: OperatorFactoryInfo(OP03_null_SEGDEFAULT:OP03Settings.apk:com.mediatek.op03.settings.OP03SettingsCustomizationFactory:com.mediatek.op03.settings)
10-01 15:47:43.938 11790 11809 E OperatorCustomizationFactoryLoader: 3: OperatorFactoryInfo(OP06_null_SEGDEFAULT:OP06Settings.apk:com.mediatek.op06.settings.Op06SettingsCustomizationFactory:com.mediatek.op06.settings)
10-01 15:47:43.938 11790 11809 E OperatorCustomizationFactoryLoader: 4: OperatorFactoryInfo(OP07_null_SEGDEFAULT:OP07Settings.apk:com.mediatek.op07.settings.OP07SettingsCustomizationFactory:com.mediatek.op07.settings)
10-01 15:47:43.938 11790 11809 E OperatorCustomizationFactoryLoader: 5: OperatorFactoryInfo(OP08_null_SEGDEFAULT:OP08Settings.apk:com.mediatek.op08.settings.Op08SettingsCustomizationFactory:com.mediatek.op08.settings)
10-01 15:47:43.938 11790 11809 E OperatorCustomizationFactoryLoader: 6: OperatorFactoryInfo(OP09_null_SEGC:OP09ClibSettings.apk:com.mediatek.settings.op09clib.Op09ClibSettingsCustomizationFactory:com.mediatek.settings.op09clib)
10-01 15:47:43.938 11790 11809 E OperatorCustomizationFactoryLoader: 7: OperatorFactoryInfo(OP12_null_null:OP12Settings.apk:com.mediatek.op12.settings.Op12SettingsCustomizationFactory:com.mediatek.op12.settings)
10-01 15:47:43.938 11790 11809 E OperatorCustomizationFactoryLoader: 8: OperatorFactoryInfo(OP16_null_SEGDEFAULT:OP16Settings.apk:com.mediatek.op16.settings.Op16SettingsCustomizationFactory:com.mediatek.op16.settings)
10-01 15:47:43.938 11790 11809 E OperatorCustomizationFactoryLoader: 9: OperatorFactoryInfo(OP18_null_SEGDEFAULT:OP18Settings.apk:com.mediatek.op18.settings.OP18SettingsCustomizationFactory:com.mediatek.op18.settings)
10-01 15:47:43.938 11790 11809 E OperatorCustomizationFactoryLoader: 10: OperatorFactoryInfo(OP20_null_SEGDEFAULT:OP20Settings.apk:com.mediatek.op20.settings.OP20SettingsCustomizationFactory:com.mediatek.op20.settings)
10-01 15:47:43.939 11790 11809 D DefaultSettingsMiscExt: default doUpdateTilesList
10-01 15:47:43.940 11790 11809 D SettingsActivity: No enabled state changed, skipping updateCategory call
10-01 15:47:43.943 23314 23314 I CastMirroringProvider: onDiscoveryModeChanged, mode=1
10-01 15:47:43.947 11790 11790 V PhoneWindow: DecorView setVisiblity: visibility = 0, Parent = android.view.ViewRootImpl@4aea015, this = DecorView@4f8cf1e[SubSettings]
10-01 15:47:43.954   999 23142 I WindowManager: Relayout Window{23f2576 u0 com.android.settings/com.android.settings.SubSettings}: oldVis=8 newVis=0 focusMayChange = true
10-01 15:47:43.958   487  1090 I BufferQueue: [unnamed-487-413](this:0xacaa7000,id:413,api:0,p:-1,c:-1) BufferQueue core=(487:/system/bin/surfaceflinger)
10-01 15:47:43.958   487  1090 I BufferQueueConsumer: [unnamed-487-413](this:0xacaa7000,id:413,api:0,p:-1,c:487) connect(C): consumer=(487:/system/bin/surfaceflinger) controlledByApp=false
10-01 15:47:43.958   487  1090 I BufferQueueConsumer: [unnamed-487-413](this:0xacaa7000,id:413,api:0,p:-1,c:487) setConsumerName: unnamed-487-413
10-01 15:47:43.958   487  1090 I BufferQueueConsumer: [com.android.settings/com.android.settings.SubSettings#0](this:0xacaa7000,id:413,api:0,p:-1,c:487) setConsumerName: com.android.settings/com.android.settings.SubSettings#0
10-01 15:47:43.958   487  1090 I BufferQueueConsumer: [com.android.settings/com.android.settings.SubSettings#0](this:0xacaa7000,id:413,api:0,p:-1,c:487) setDefaultBufferSize: width=720 height=1560
10-01 15:47:43.959   999 23142 V WindowManager: Changing focus from null to Window{23f2576 u0 com.android.settings/com.android.settings.SubSettings} Callers=com.android.server.wm.WindowManagerService.relayoutWindow:2155 com.android.server.wm.Session.relayout:244 android.view.IWindowSession$Stub.onTransact:309 com.android.server.wm.Session.onTransact:164 
10-01 15:47:43.960   999 23142 D WindowManager: Input focus has changed to Window{23f2576 u0 com.android.settings/com.android.settings.SubSettings}
10-01 15:47:43.961   999  1026 I WindowManager: Focus moving from null to Window{23f2576 u0 com.android.settings/com.android.settings.SubSettings}
10-01 15:47:43.962 11790 11790 D Surface : Surface::allocateBuffers(this=0x89260000)
10-01 15:47:43.962 11790 11810 D Surface : Surface::connect(this=0x89260000,api=1)
10-01 15:47:43.962   487  1091 I BufferQueueProducer: [com.android.settings/com.android.settings.SubSettings#0](this:0xacaa7000,id:413,api:1,p:11790,c:487) connect(P): api=1 producer=(11790:com.android.settings) producerControlledByApp=true
10-01 15:47:43.965 23314 10225 I DiscoveryManager: Filter criteria(674A0243,8E6C866D) scannerFlags(0)
10-01 15:47:43.969 23314 10225 W DatabaseProcessor: processLocalDevices: failed to get the network info with non-null networkId.
10-01 15:47:43.970 23314 23314 I CastMirroringProvider: onDiscoveryModeChanged, mode=0
10-01 15:47:43.970 23314 10225 W GuestModeDeviceProber: setFilterCriteria
10-01 15:47:43.970 23314 23314 I CastMediaRouteProvider: Published 0 routes
10-01 15:47:43.976 23314 10225 W DatabaseProcessor: processLocalDevices: failed to get the network info with non-null networkId.
10-01 15:47:43.978 23314 10225 W DatabaseProcessor: processLocalDevices: failed to get the network info with non-null networkId.
10-01 15:47:43.979 23314 10225 I CastMirroringProvider: onDiscoveryModeChanged removing all remote displays
10-01 15:47:43.984 27500 27500 D BoundBrokerSvc: onBind: Intent { act=com.google.android.gms.common.BIND_SHARED_PREFS pkg=com.google.android.gms }
10-01 15:47:43.984 27500 27500 D BoundBrokerSvc: Loading bound service for intent: Intent { act=com.google.android.gms.common.BIND_SHARED_PREFS pkg=com.google.android.gms }
10-01 15:47:43.986 23314 23314 I CastMediaRouteProvider: Published 0 routes
10-01 15:47:43.990 27500 27500 D BoundBrokerSvc: onUnbind: Intent { act=com.google.android.gms.common.BIND_SHARED_PREFS pkg=com.google.android.gms }
10-01 15:47:43.998 23314 23314 W ChimeraUtils: Module com.google.android.gms.cast missing resource cast_module_display_name(0)
10-01 15:47:44.006 23314 10225 I DiscoveryManager: Filter criteria(null) scannerFlags(0)
10-01 15:47:44.007   999 19237 I WifiService: acquireMulticastLock uid=10010
10-01 15:47:44.010  1314  1314 I wpa_supplicant: wpa_driver_nl80211_driver_cmd: wlan0 recv cmd RXFILTER-STOP
10-01 15:47:44.010 23314 10225 W DatabaseProcessor: processLocalDevices: failed to get the network info with non-null networkId.
10-01 15:47:44.011 23314 10225 W GuestModeDeviceProber: setFilterCriteria
10-01 15:47:44.011 23314 23314 I CastMirroringProvider: onDiscoveryModeChanged, mode=1
10-01 15:47:44.012  1314  1314 I wpa_supplicant: wpa_driver_nl80211_driver_cmd: wlan0 recv cmd RXFILTER-ADD 2
10-01 15:47:44.013 23314 10225 W DatabaseProcessor: processLocalDevices: failed to get the network info with non-null networkId.
10-01 15:47:44.014 23314 10225 W DatabaseProcessor: processLocalDevices: failed to get the network info with non-null networkId.
10-01 15:47:44.015  1314  1314 I wpa_supplicant: wpa_driver_nl80211_driver_cmd: wlan0 recv cmd RXFILTER-START
10-01 15:47:44.016   999 23142 I WifiService: releaseMulticastLock uid=10010
10-01 15:47:44.017  1314  1314 I wpa_supplicant: wpa_driver_nl80211_driver_cmd: wlan0 recv cmd RXFILTER-STOP
10-01 15:47:44.018  1314  1314 I wpa_supplicant: wpa_driver_nl80211_driver_cmd: wlan0 recv cmd RXFILTER-REMOVE 2
10-01 15:47:44.019  1314  1314 I wpa_supplicant: wpa_driver_nl80211_driver_cmd: wlan0 recv cmd RXFILTER-START
10-01 15:47:44.019 20004 20004 I GoogleInputMethodService: GoogleInputMethodService.onFinishInput():3267 
10-01 15:47:44.021 20004 20004 I GoogleInputMethodService: GoogleInputMethodService.updateDeviceLockedStatus():2097 repeatCheckTimes = 0, locked = false
10-01 15:47:44.021 20004 20004 I GoogleInputMethodService: GoogleInputMethodService.onStartInput():1889 onStartInput(EditorInfo{EditorInfo{packageName=com.android.settings, inputType=0, inputTypeString=NULL, enableLearning=false, autoCorrection=false, autoComplete=false, imeOptions=0, privateImeOptions=null, actionName=UNSPECIFIED, actionLabel=null, initialSelStart=-1, initialSelEnd=-1, initialCapsMode=0, label=null, fieldId=-1, fieldName=null, extras=null, hintText=null, hintLocales=[]}}, false)
10-01 15:47:44.022 20004 20004 I GoogleInputMethodService: GoogleInputMethodService.updateDeviceLockedStatus():2097 repeatCheckTimes = 1, locked = false
10-01 15:47:44.032 23314 10225 I DiscoveryManager: Filter criteria(674A0243,8E6C866D) scannerFlags(0)
10-01 15:47:44.035 23314 10225 W DatabaseProcessor: processLocalDevices: failed to get the network info with non-null networkId.
10-01 15:47:44.036 23314 23314 I CastMediaRouteProvider: Published 0 routes
10-01 15:47:44.036 23314 10225 W GuestModeDeviceProber: setFilterCriteria
10-01 15:47:44.041 23314 10225 W DatabaseProcessor: processLocalDevices: failed to get the network info with non-null networkId.
10-01 15:47:44.042 23314 23314 I CastMediaRouteProvider: Published 0 routes
10-01 15:47:44.044 23314 10225 W DatabaseProcessor: processLocalDevices: failed to get the network info with non-null networkId.
10-01 15:47:44.058   999 19591 I WifiService: acquireMulticastLock uid=10010
10-01 15:47:44.059  1314  1314 I wpa_supplicant: wpa_driver_nl80211_driver_cmd: wlan0 recv cmd RXFILTER-STOP
10-01 15:47:44.060  1314  1314 I wpa_supplicant: wpa_driver_nl80211_driver_cmd: wlan0 recv cmd RXFILTER-ADD 2
10-01 15:47:44.061  1314  1314 I wpa_supplicant: wpa_driver_nl80211_driver_cmd: wlan0 recv cmd RXFILTER-START
10-01 15:47:44.258 11790 11810 D Surface : Surface::disconnect(this=0x89260800,api=1)
10-01 15:47:44.259   487   573 I BufferQueueProducer: [com.android.settings/com.android.settings.SubSettings#1](this:0xaa39e000,id:412,api:1,p:11790,c:487) disconnect(P): api 1
10-01 15:47:44.259   487   573 D BufferQueueConsumer: [com.android.settings/com.android.settings.SubSettings#1](this:0xaa39e000,id:412,api:1,p:-1,c:487) getReleasedBuffers: returning mask 0xffffffffffffffff
10-01 15:47:44.273 11790 11790 V PhoneWindow: DecorView setVisiblity: visibility = 4, Parent = android.view.ViewRootImpl@eaaf395, this = DecorView@823849e[SubSettings]
10-01 15:47:44.276 11790 11790 D View    : [Warning] assignParent to null: this = DecorView@823849e[SubSettings]
10-01 15:47:44.288   487   487 I BufferQueueConsumer: [com.android.settings/com.android.settings.SubSettings#1](this:0xaa39e000,id:412,api:1,p:-1,c:-1) disconnect(C)
10-01 15:47:44.289   487   487 I BufferQueue: [com.android.settings/com.android.settings.SubSettings#1](this:0xaa39e000,id:412,api:1,p:-1,c:-1) ~BufferQueueCore
10-01 15:47:44.335  1160  1160 D NetworkController.WifiSignalController: [com.android.systemui.statusbar.policy.WifiSignalController@288028f]
10-01 15:47:44.335  1160  1160 D NetworkController.WifiSignalController: Change in state from: this=225206754,connected=true,enabled=true,level=3,inetCondition=1,iconGroup=IconGroup(Wi-Fi Icons),activityIn=true,activityOut=false,rssi=-70,lastModified=10-01 15:47:39,ssid="fibra142",isTransient=false,statusLabel=null
10-01 15:47:44.335  1160  1160 D NetworkController.WifiSignalController:                   to: this=63224179,connected=true,enabled=true,level=3,inetCondition=1,iconGroup=IconGroup(Wi-Fi Icons),activityIn=true,activityOut=true,rssi=-70,lastModified=10-01 15:47:39,ssid="fibra142",isTransient=false,statusLabel=null
10-01 15:47:44.367   487   573 I BufferQueueProducer: [StatusBar#0](this:0xacdd2000,id:4,api:1,p:1160,c:487) queueBuffer: fps=3.28 dur=2435.51 max=1916.30 min=14.05
10-01 15:47:44.595 27500 27500 D BoundBrokerSvc: onUnbind: Intent { act=com.google.android.gms.inappreach.service.START dat=chimera-action: cmp=com.google.android.gms/.chimera.GmsApiService }
10-01 15:47:44.762  1283  1302 I m.android.phon: Background concurrent copying GC freed 15485(2045KB) AllocSpace objects, 0(0B) LOS objects, 49% free, 2MB/4MB, paused 451us total 107.411ms
10-01 15:47:45.162   456   456 E IMGMemtrackHAL: GetGLMemtrackRecords: Subtracting per-pid stats from global stats would wrap. Clamping global stats to zero.
10-01 15:47:45.345   456   456 I chatty  : uid=1000(system) memtrack@1.0-se identical 14 lines
10-01 15:47:45.345   456   456 E IMGMemtrackHAL: GetGLMemtrackRecords: Subtracting per-pid stats from global stats would wrap. Clamping global stats to zero.
10-01 15:47:45.577   487   573 I BufferQueueProducer: [com.android.settings/com.android.settings.SubSettings#0](this:0xacaa7000,id:413,api:1,p:11790,c:487) queueBuffer: fps=2.53 dur=1582.48 max=1507.93 min=14.52
10-01 15:47:45.594   487   487 I SurfaceFlinger: [Built-in Screen (type:0)] fps:16.268742,dur:1721.09,max:1218.34,min:14.21
10-01 15:47:45.942   999  1107 E WifiVendorHal: getWifiLinkLayerStats(l.937) failed {.code = ERROR_NOT_SUPPORTED, .description = }
10-01 15:47:46.104   999  1095 I PowerWrap: PowerHal_TouchBoost
10-01 15:47:46.204   999  1095 I PowerWrap: PowerHal_TouchBoost
10-01 15:47:46.211   999 19591 I PowerWrap: PowerHal_Wrap_mtkPowerHint
10-01 15:47:46.211   999 19591 I PowerWrap: PowerHal_Wrap_mtkPowerHint
10-01 15:47:46.213   475   525 I libPowerHal: 17: cpu_ctrl set freq: 2001000 -1 1500000 -1
10-01 15:47:46.217   999 19591 I PowerWrap: PowerHal_Wrap_mtkPowerHint
10-01 15:47:46.217   999 19591 I PowerWrap: PowerHal_Wrap_mtkPowerHint
10-01 15:47:46.217   999 19591 V WindowManager: Set focused app to: AppWindowToken{1e985e8 token=Token{2d730b ActivityRecord{3f422da u0 com.android.settings/.Settings$ConnectedDeviceDashboardActivity t183}}} old focus=AppWindowToken{65d5566 token=Token{764f9c1 ActivityRecord{30b5aa8 u0 com.android.settings/.SubSettings t183}}} moveFocusNow=true
10-01 15:47:46.218   999 19591 V WindowManager: Changing focus from Window{23f2576 u0 com.android.settings/com.android.settings.SubSettings} to null Callers=com.android.server.wm.WindowManagerService.setFocusedApp:2651 com.android.server.am.ActivityManagerService.setResumedActivityUncheckLocked:3631 com.android.server.am.ActivityStack.onActivityStateChanged:498 com.android.server.am.TaskRecord.onActivityStateChanged:1794 
10-01 15:47:46.218   999 19591 D WindowManager: Input focus has changed to null
10-01 15:47:46.219   475   526 I vendor.mediatek.hardware.power@2.0-impl: notifyAppState pack:com.android.settings, act:com.android.settings.Settings$ConnectedDeviceDashboardActivity, pid:11790, state:1
10-01 15:47:46.221   999  1026 I WindowManager: Focus moving from Window{23f2576 u0 com.android.settings/com.android.settings.SubSettings} to null
10-01 15:47:46.224 11790 11790 D LocalBluetoothManager: setting foreground activity to non-null context
10-01 15:47:46.225 11790 11790 I chatty  : uid=1000(system) com.android.settings identical 1 line
10-01 15:47:46.230 11790 11790 D LocalBluetoothManager: setting foreground activity to non-null context
10-01 15:47:46.234 11790 11808 I DeviceIndex: Skipping: device index is not enabled
10-01 15:47:46.239 11905 11927 D AdapterProperties: Discoverable Timeout:120
10-01 15:47:46.240 11790 11831 W TileUtils: Found com.android.settings.Settings$NotificationAppListActivity for intent Intent { act=com.android.settings.action.SETTINGS pkg=com.android.settings } missing metadata com.android.settings.category
10-01 15:47:46.241 11905 11927 D AdapterProperties: Scan Mode:23
10-01 15:47:46.243 11790 11790 V PhoneWindow: DecorView setVisiblity: visibility = 0, Parent = android.view.ViewRootImpl@e8b8e82, this = DecorView@fe584f7[Settings$ConnectedDeviceDashboardActivity]
10-01 15:47:46.247   999 18195 I WindowManager: Relayout Window{349da51 u0 com.android.settings/com.android.settings.Settings$ConnectedDeviceDashboardActivity}: oldVis=8 newVis=0 focusMayChange = true
10-01 15:47:46.249   487  1091 I BufferQueue: [unnamed-487-414](this:0xaa515000,id:414,api:0,p:-1,c:-1) BufferQueue core=(487:/system/bin/surfaceflinger)
10-01 15:47:46.249   487  1091 I BufferQueueConsumer: [unnamed-487-414](this:0xaa515000,id:414,api:0,p:-1,c:487) connect(C): consumer=(487:/system/bin/surfaceflinger) controlledByApp=false
10-01 15:47:46.249   487  1091 I BufferQueueConsumer: [unnamed-487-414](this:0xaa515000,id:414,api:0,p:-1,c:487) setConsumerName: unnamed-487-414
10-01 15:47:46.249   487  1091 I BufferQueueConsumer: [com.android.settings/com.android.settings.Settings$ConnectedDeviceDashboardActivity#0](this:0xaa515000,id:414,api:0,p:-1,c:487) setConsumerName: com.android.settings/com.android.settings.Settings$ConnectedDeviceDashboardActivity#0
10-01 15:47:46.249   487  1091 I BufferQueueConsumer: [com.android.settings/com.android.settings.Settings$ConnectedDeviceDashboardActivity#0](this:0xaa515000,id:414,api:0,p:-1,c:487) setDefaultBufferSize: width=720 height=1560
10-01 15:47:46.250   999 18195 V WindowManager: Changing focus from null to Window{349da51 u0 com.android.settings/com.android.settings.Settings$ConnectedDeviceDashboardActivity} Callers=com.android.server.wm.WindowManagerService.relayoutWindow:2155 com.android.server.wm.Session.relayout:244 android.view.IWindowSession$Stub.onTransact:309 com.android.server.wm.Session.onTransact:164 
10-01 15:47:46.250   999 18195 D WindowManager: Input focus has changed to Window{349da51 u0 com.android.settings/com.android.settings.Settings$ConnectedDeviceDashboardActivity}
10-01 15:47:46.251   999  1026 I WindowManager: Focus moving from null to Window{349da51 u0 com.android.settings/com.android.settings.Settings$ConnectedDeviceDashboardActivity}
10-01 15:47:46.252 11790 11790 D Surface : Surface::allocateBuffers(this=0x89260800)
10-01 15:47:46.252 11790 11810 D Surface : Surface::connect(this=0x89260800,api=1)
10-01 15:47:46.252   487   573 I BufferQueueProducer: [com.android.settings/com.android.settings.Settings$ConnectedDeviceDashboardActivity#0](this:0xaa515000,id:414,api:1,p:11790,c:487) connect(P): api=1 producer=(11790:com.android.settings) producerControlledByApp=true
10-01 15:47:46.258 11790 11831 D OperatorCustomizationFactoryLoader: Slot -1's OperatorInfo is__
10-01 15:47:46.258 11790 11831 D OperatorCustomizationFactoryLoader: It's OM load or parse failed, because operator is null
10-01 15:47:46.258 11790 11831 E OperatorCustomizationFactoryLoader: can not find operatorFactoryInfo by slot id -1 from 
10-01 15:47:46.258 11790 11831 E OperatorCustomizationFactoryLoader: 0: OperatorFactoryInfo(OP01_null_null:OP01Settings.apk:com.mediatek.settings.op01.Op01SettingsCustomizationFactory:com.mediatek.settings.op01)
10-01 15:47:46.258 11790 11831 E OperatorCustomizationFactoryLoader: 1: OperatorFactoryInfo(OP02_null_null:OP02Settings.apk:com.mediatek.settings.op02.Op02SettingsCustomizationFactory:com.mediatek.settings.op02)
10-01 15:47:46.258 11790 11831 E OperatorCustomizationFactoryLoader: 2: OperatorFactoryInfo(OP03_null_SEGDEFAULT:OP03Settings.apk:com.mediatek.op03.settings.OP03SettingsCustomizationFactory:com.mediatek.op03.settings)
10-01 15:47:46.258 11790 11831 E OperatorCustomizationFactoryLoader: 3: OperatorFactoryInfo(OP06_null_SEGDEFAULT:OP06Settings.apk:com.mediatek.op06.settings.Op06SettingsCustomizationFactory:com.mediatek.op06.settings)
10-01 15:47:46.258 11790 11831 E OperatorCustomizationFactoryLoader: 4: OperatorFactoryInfo(OP07_null_SEGDEFAULT:OP07Settings.apk:com.mediatek.op07.settings.OP07SettingsCustomizationFactory:com.mediatek.op07.settings)
10-01 15:47:46.258 11790 11831 E OperatorCustomizationFactoryLoader: 5: OperatorFactoryInfo(OP08_null_SEGDEFAULT:OP08Settings.apk:com.mediatek.op08.settings.Op08SettingsCustomizationFactory:com.mediatek.op08.settings)
10-01 15:47:46.258 11790 11831 E OperatorCustomizationFactoryLoader: 6: OperatorFactoryInfo(OP09_null_SEGC:OP09ClibSettings.apk:com.mediatek.settings.op09clib.Op09ClibSettingsCustomizationFactory:com.mediatek.settings.op09clib)
10-01 15:47:46.258 11790 11831 E OperatorCustomizationFactoryLoader: 7: OperatorFactoryInfo(OP12_null_null:OP12Settings.apk:com.mediatek.op12.settings.Op12SettingsCustomizationFactory:com.mediatek.op12.settings)
10-01 15:47:46.258 11790 11831 E OperatorCustomizationFactoryLoader: 8: OperatorFactoryInfo(OP16_null_SEGDEFAULT:OP16Settings.apk:com.mediatek.op16.settings.Op16SettingsCustomizationFactory:com.mediatek.op16.settings)
10-01 15:47:46.258 11790 11831 E OperatorCustomizationFactoryLoader: 9: OperatorFactoryInfo(OP18_null_SEGDEFAULT:OP18Settings.apk:com.mediatek.op18.settings.OP18SettingsCustomizationFactory:com.mediatek.op18.settings)
10-01 15:47:46.258 11790 11831 E OperatorCustomizationFactoryLoader: 10: OperatorFactoryInfo(OP20_null_SEGDEFAULT:OP20Settings.apk:com.mediatek.op20.settings.OP20SettingsCustomizationFactory:com.mediatek.op20.settings)
10-01 15:47:46.258 11790 11831 D DefaultSettingsMiscExt: default doUpdateTilesList
10-01 15:47:46.259 11790 11831 D SettingsActivity: No enabled state changed, skipping updateCategory call
10-01 15:47:46.260 20004 20004 I GoogleInputMethodService: GoogleInputMethodService.onFinishInput():3267 
10-01 15:47:46.261 20004 20004 I GoogleInputMethodService: GoogleInputMethodService.updateDeviceLockedStatus():2097 repeatCheckTimes = 0, locked = false
10-01 15:47:46.261 20004 20004 I GoogleInputMethodService: GoogleInputMethodService.onStartInput():1889 onStartInput(EditorInfo{EditorInfo{packageName=com.android.settings, inputType=0, inputTypeString=NULL, enableLearning=false, autoCorrection=false, autoComplete=false, imeOptions=0, privateImeOptions=null, actionName=UNSPECIFIED, actionLabel=null, initialSelStart=-1, initialSelEnd=-1, initialCapsMode=0, label=null, fieldId=-1, fieldName=null, extras=null, hintText=null, hintLocales=[]}}, false)
10-01 15:47:46.262 20004 20004 I GoogleInputMethodService: GoogleInputMethodService.updateDeviceLockedStatus():2097 repeatCheckTimes = 1, locked = false
10-01 15:47:46.285   999 18195 I PowerWrap: PowerHal_Wrap_mtkPowerHint
10-01 15:47:46.286   475   525 I libPowerHal: 17: cpu_ctrl set freq: -1 -1 -1 -1
10-01 15:47:46.510 11790 11810 D Surface : Surface::disconnect(this=0x89260000,api=1)
10-01 15:47:46.511   487  1090 I BufferQueueProducer: [com.android.settings/com.android.settings.SubSettings#0](this:0xacaa7000,id:413,api:1,p:11790,c:487) disconnect(P): api 1
10-01 15:47:46.511   487  1090 D BufferQueueConsumer: [com.android.settings/com.android.settings.SubSettings#0](this:0xacaa7000,id:413,api:1,p:-1,c:487) getReleasedBuffers: returning mask 0xffffffffffffffff
10-01 15:47:46.526 11790 11790 V PhoneWindow: DecorView setVisiblity: visibility = 4, Parent = android.view.ViewRootImpl@4aea015, this = DecorView@4f8cf1e[SubSettings]
10-01 15:47:46.528 23314 23314 I CastMirroringProvider: onDiscoveryModeChanged, mode=0
10-01 15:47:46.531 23314 11997 I CastMirroringProvider: onDiscoveryModeChanged removing all remote displays
10-01 15:47:46.532 11790 11790 D View    : [Warning] assignParent to null: this = DecorView@4f8cf1e[SubSettings]
10-01 15:47:46.532 23314  5536 I Nearby  : (REDACTED) [MBleClient] Start ble scanning from %s, context tag = %s
10-01 15:47:46.535 23314  5536 I Nearby  : (REDACTED) [MBleClient] M hardware scan: %d clients, scanMode= %s, filters size = %s
10-01 15:47:46.537 23314  5536 D BluetoothAdapter: isLeEnabled(): ON
10-01 15:47:46.540   487   487 I BufferQueueConsumer: [com.android.settings/com.android.settings.SubSettings#0](this:0xacaa7000,id:413,api:1,p:-1,c:-1) disconnect(C)
10-01 15:47:46.540   487   487 I BufferQueue: [com.android.settings/com.android.settings.SubSettings#0](this:0xacaa7000,id:413,api:1,p:-1,c:-1) ~BufferQueueCore
10-01 15:47:46.544 11905 11945 I bt_stack: [INFO:gatt_api.cc(948)] GATT_Register a86f7c32-be0c-5a3d-c6e4-ab4e0369d8ba
10-01 15:47:46.544 11905 11945 I bt_stack: [INFO:gatt_api.cc(968)] allocated gatt_if=6
10-01 15:47:46.547 23314 24183 D BluetoothLeScanner: onScannerRegistered() - status=0 scannerId=6 mScannerId=0
10-01 15:47:46.548 23314 23314 W GlobalMediaRouter: Ignoring invalid provider descriptor: null
10-01 15:47:46.552 23314 11886 I DiscoveryManager: Filter criteria(null) scannerFlags(0)
10-01 15:47:46.556 23314 11886 W DatabaseProcessor: processLocalDevices: failed to get the network info with non-null networkId.
10-01 15:47:46.557 23314 11886 W GuestModeDeviceProber: setFilterCriteria
10-01 15:47:46.559 23314 11886 W DatabaseProcessor: processLocalDevices: failed to get the network info with non-null networkId.
10-01 15:47:46.559 11905 11945 E bt_btm  : BTM_BleObserve Observe Already Active
10-01 15:47:46.559 11905 11945 W bt_btif :  bta_dm_ble_observe BTM_BleObserve  failed. status 6
10-01 15:47:46.560 23314 11886 W DatabaseProcessor: processLocalDevices: failed to get the network info with non-null networkId.
10-01 15:47:46.560   999 18195 I WifiService: releaseMulticastLock uid=10010
10-01 15:47:46.561  1314  1314 I wpa_supplicant: wpa_driver_nl80211_driver_cmd: wlan0 recv cmd RXFILTER-STOP
10-01 15:47:46.562  1314  1314 I wpa_supplicant: wpa_driver_nl80211_driver_cmd: wlan0 recv cmd RXFILTER-REMOVE 2
10-01 15:47:46.563  1314  1314 I wpa_supplicant: wpa_driver_nl80211_driver_cmd: wlan0 recv cmd RXFILTER-START
10-01 15:47:47.341  1160  1160 D NetworkController.WifiSignalController: [com.android.systemui.statusbar.policy.WifiSignalController@288028f]
10-01 15:47:47.341  1160  1160 D NetworkController.WifiSignalController: Change in state from: this=225206754,connected=true,enabled=true,level=3,inetCondition=1,iconGroup=IconGroup(Wi-Fi Icons),activityIn=true,activityOut=true,rssi=-70,lastModified=10-01 15:47:44,ssid="fibra142",isTransient=false,statusLabel=null
10-01 15:47:47.341  1160  1160 D NetworkController.WifiSignalController:                   to: this=63224179,connected=true,enabled=true,level=3,inetCondition=1,iconGroup=IconGroup(Wi-Fi Icons),activityIn=true,activityOut=false,rssi=-70,lastModified=10-01 15:47:44,ssid="fibra142",isTransient=false,statusLabel=null
10-01 15:47:47.369   487  1090 I BufferQueueProducer: [StatusBar#0](this:0xacdd2000,id:4,api:1,p:1160,c:487) queueBuffer: fps=0.33 dur=3001.51 max=3001.51 min=3001.51
10-01 15:47:47.379   487   487 I SurfaceFlinger: [Built-in Screen (type:0)] fps:24.090832,dur:1784.91,max:818.91,min:14.98
10-01 15:47:47.576   587   611 D ApmSession: Connect
10-01 15:47:47.577   387   387 W hwservicemanager: getTransport: Cannot find entry vendor.mediatek.hardware.apmonitor@1.0::IAPMonitorService/default in either framework or device manifest.
10-01 15:47:47.578   587   611 D ApmSession: Connect: false
10-01 15:47:47.578   587   611 D ApmNative: apmIsKpiEnabled2: type = 54, ret = 0
10-01 15:47:47.878   487  1090 I BufferQueueProducer: [com.android.settings/com.android.settings.Settings$ConnectedDeviceDashboardActivity#0](this:0xaa515000,id:414,api:1,p:11790,c:487) queueBuffer: fps=0.62 dur=1605.62 max=1605.62 min=1605.62
10-01 15:47:48.343  1160  1160 D NetworkController.WifiSignalController: [com.android.systemui.statusbar.policy.WifiSignalController@288028f]
10-01 15:47:48.343  1160  1160 D NetworkController.WifiSignalController: Change in state from: this=225206754,connected=true,enabled=true,level=3,inetCondition=1,iconGroup=IconGroup(Wi-Fi Icons),activityIn=true,activityOut=false,rssi=-70,lastModified=10-01 15:47:47,ssid="fibra142",isTransient=false,statusLabel=null
10-01 15:47:48.343  1160  1160 D NetworkController.WifiSignalController:                   to: this=63224179,connected=true,enabled=true,level=3,inetCondition=1,iconGroup=IconGroup(Wi-Fi Icons),activityIn=false,activityOut=false,rssi=-70,lastModified=10-01 15:47:47,ssid="fibra142",isTransient=false,statusLabel=null
10-01 15:47:48.370   487  1091 I BufferQueueProducer: [StatusBar#0](this:0xacdd2000,id:4,api:1,p:1160,c:487) queueBuffer: fps=1.00 dur=1000.99 max=1000.99 min=1000.99
10-01 15:47:48.383   487   487 I SurfaceFlinger: [Built-in Screen (type:0)] fps:17.920490,dur:1004.44,max:517.18,min:15.05
10-01 15:47:48.396 23314  5529 I NearbyDiscovery: (REDACTED) FastPairScanner: isScreenOn=%s, isLocationEnabled=%s, disableLocationRequirement=%s, isDiscoveryScanningEnabled=%s, during24GhzWifiWarmingUpPeriod=%s
10-01 15:47:48.399 23314  5529 D BluetoothAdapter: isLeEnabled(): ON
10-01 15:47:48.402 23314  5529 I NearbyDiscovery: (REDACTED) FastPairScanner: eventType=%s, intReq=%s, scanning=%s, scanAllowed=%s, bleEnabled=%s, bleScanAvailable=%s, lockScanRate=%s, startScanningByLowPowerMode=%s
10-01 15:47:48.403 23314  5529 I NearbyDiscovery: FastPairScanner: Stopping scan [CONTEXT service_id=265 ]
10-01 15:47:48.405 23314  5529 D BluetoothAdapter: isLeEnabled(): ON
10-01 15:47:48.415 23314  5529 I NearbyDiscovery: (REDACTED) FastPairScanner: isScreenOn=%s, isLocationEnabled=%s, disableLocationRequirement=%s, isDiscoveryScanningEnabled=%s, during24GhzWifiWarmingUpPeriod=%s
10-01 15:47:48.417 23314  5529 I NearbyDiscovery: (REDACTED) FastPairScanner: Start scanning internally in %s
10-01 15:47:48.421 23314  5529 D BluetoothAdapter: isLeEnabled(): ON
10-01 15:47:48.428 11905 11945 I bt_stack: [INFO:gatt_api.cc(948)] GATT_Register 98339344-1bca-6f21-6417-8f6348c09b5b
10-01 15:47:48.429 11905 11945 I bt_stack: [INFO:gatt_api.cc(968)] allocated gatt_if=5
10-01 15:47:48.434 23314 24183 D BluetoothLeScanner: onScannerRegistered() - status=0 scannerId=5 mScannerId=0
10-01 15:47:48.449 23314  5529 I NearbyDiscovery: (REDACTED) FastPairScanner: Starting %s scanning
10-01 15:47:48.588   578   578 I thermal_repeater: [recvMdThermalInfo] ret=33, strLen=127,  2, 32767, -127, 111, 32767, 3996
10-01 15:47:48.726   541   585 D AALLightSensor: newLux = 1988, [1650, 1672] -> 1988
10-01 15:47:48.741   999  1095 I PowerWrap: PowerHal_TouchBoost
10-01 15:47:48.823   999  1095 I PowerWrap: PowerHal_TouchBoost
10-01 15:47:48.828   999 19237 I ActivityManager: START u0 {act=android.intent.action.MAIN cmp=com.android.settings/.SubSettings (has extras)} from uid 1000
10-01 15:47:48.830   475   526 I vendor.mediatek.hardware.power@2.0-impl: powerHintAsync hint:8, data:1
10-01 15:47:48.831   475   525 I libPowerHal: 8: cpu_ctrl set freq: 2001000 -1 1500000 -1
10-01 15:47:48.834   999 19237 I PowerWrap: PowerHal_Wrap_mtkPowerHint
10-01 15:47:48.834   999 19237 I PowerWrap: PowerHal_Wrap_mtkPowerHint
10-01 15:47:48.840 11905 11927 D AdapterProperties: Discoverable Timeout:120
10-01 15:47:48.842   999 23142 I PowerWrap: PowerHal_Wrap_mtkPowerHint
10-01 15:47:48.842 11905 11927 D AdapterProperties: Scan Mode:21
10-01 15:47:48.842   999 23142 I PowerWrap: PowerHal_Wrap_mtkPowerHint
10-01 15:47:48.846   999 23142 V WindowManager: Set focused app to: AppWindowToken{5c30e60 token=Token{3fe7263 ActivityRecord{666a892 u0 com.android.settings/.SubSettings t183}}} old focus=AppWindowToken{1e985e8 token=Token{2d730b ActivityRecord{3f422da u0 com.android.settings/.Settings$ConnectedDeviceDashboardActivity t183}}} moveFocusNow=true
10-01 15:47:48.847   999 23142 V WindowManager: Changing focus from Window{349da51 u0 com.android.settings/com.android.settings.Settings$ConnectedDeviceDashboardActivity} to null Callers=com.android.server.wm.WindowManagerService.setFocusedApp:2651 com.android.server.am.ActivityManagerService.setResumedActivityUncheckLocked:3631 com.android.server.am.ActivityStack.onActivityStateChanged:498 com.android.server.am.TaskRecord.onActivityStateChanged:1794 
10-01 15:47:48.847   999 23142 D WindowManager: Input focus has changed to null
10-01 15:47:48.848   999  1026 I WindowManager: Focus moving from Window{349da51 u0 com.android.settings/com.android.settings.Settings$ConnectedDeviceDashboardActivity} to null
10-01 15:47:48.849   475   526 I vendor.mediatek.hardware.power@2.0-impl: notifyAppState pack:com.android.settings, act:com.android.settings.SubSettings, pid:11790, state:1
10-01 15:47:48.852 11790 11790 W ActivityThread: handleWindowVisibility: no activity for token android.os.BinderProxy@a764c27
10-01 15:47:48.863 11790 11790 D SettingsActivity: Starting onCreate
10-01 15:47:48.872 11790 11790 D SettingsActivity: Starting to set activity title
10-01 15:47:48.872 11790 11790 D SettingsActivity: Done setting title
10-01 15:47:48.872 11790 11790 D SettingsActivity: Switching to fragment com.android.settings.bluetooth.BluetoothPairingDetail
10-01 15:47:48.872 11790 11790 D SubSettings: Launching fragment com.android.settings.bluetooth.BluetoothPairingDetail
10-01 15:47:48.874 11790 11790 D PrefCtrlListHelper: Could not find Context-only controller for pref: com.android.settings.bluetooth.BluetoothDeviceRenamePreferenceController
10-01 15:47:48.879 11790 11790 D BluetoothPairingDetail: NO dashboard tiles for BluetoothPairingDetail
10-01 15:47:48.881 11790 11790 D SettingsActivity: Executed frag manager pendingTransactions
10-01 15:47:48.882   487  1091 I BufferQueueProducer: [com.android.settings/com.android.settings.Settings$ConnectedDeviceDashboardActivity#0](this:0xaa515000,id:414,api:1,p:11790,c:487) queueBuffer: fps=19.91 dur=1004.33 max=697.58 min=11.82
10-01 15:47:48.891 11790 11790 D LocalBluetoothManager: setting foreground activity to non-null context
10-01 15:47:48.893 11790 11790 D BluetoothAdapter: enable(): BT already enabled!
10-01 15:47:48.899 11905 11927 D AdapterProperties: Discoverable Timeout:120
10-01 15:47:48.900 11905 11927 D AdapterProperties: Scan Mode:23
10-01 15:47:48.902 11905 11981 D BluetoothAdapterService: startDiscovery
10-01 15:47:48.903 11905 11945 W bt_btif : bta_dm_check_av:0
10-01 15:47:48.903 11905 11945 E bt_btif : bte_scan_filt_param_cfg_evt, 1
10-01 15:47:48.907 11790 11808 I DeviceIndex: Skipping: device index is not enabled
10-01 15:47:48.909 11790 11790 V PhoneWindow: DecorView setVisiblity: visibility = 4, Parent = null, this = DecorView@931060b[]
10-01 15:47:48.910 11790 11790 D ViewRootImpl[SubSettings]: hardware acceleration = true , fakeHwAccelerated = false, sRendererDisabled = false, forceHwAccelerated = false, sSystemRendererDisabled = false
10-01 15:47:48.912 11790 11806 W TileUtils: Found com.android.settings.Settings$NotificationAppListActivity for intent Intent { act=com.android.settings.action.SETTINGS pkg=com.android.settings } missing metadata com.android.settings.category
10-01 15:47:48.913 11790 11790 V PhoneWindow: DecorView setVisiblity: visibility = 0, Parent = android.view.ViewRootImpl@a7c81a6, this = DecorView@931060b[SubSettings]
10-01 15:47:48.916  1160  1389 D BluetoothEventManager: scanning state change to true
10-01 15:47:48.919   999 23142 I WindowManager: Relayout Window{c03d88e u0 com.android.settings/com.android.settings.SubSettings}: oldVis=4 newVis=0 focusMayChange = true
10-01 15:47:48.921   487  1090 I BufferQueue: [unnamed-487-415](this:0xacafc000,id:415,api:0,p:-1,c:-1) BufferQueue core=(487:/system/bin/surfaceflinger)
10-01 15:47:48.921   487  1090 I BufferQueueConsumer: [unnamed-487-415](this:0xacafc000,id:415,api:0,p:-1,c:487) connect(C): consumer=(487:/system/bin/surfaceflinger) controlledByApp=false
10-01 15:47:48.921   487  1090 I BufferQueueConsumer: [unnamed-487-415](this:0xacafc000,id:415,api:0,p:-1,c:487) setConsumerName: unnamed-487-415
10-01 15:47:48.921   487  1090 I BufferQueueConsumer: [com.android.settings/com.android.settings.SubSettings#0](this:0xacafc000,id:415,api:0,p:-1,c:487) setConsumerName: com.android.settings/com.android.settings.SubSettings#0
10-01 15:47:48.921   487  1090 I BufferQueueConsumer: [com.android.settings/com.android.settings.SubSettings#0](this:0xacafc000,id:415,api:0,p:-1,c:487) setDefaultBufferSize: width=720 height=1560
10-01 15:47:48.922   999 23142 V WindowManager: Changing focus from null to Window{c03d88e u0 com.android.settings/com.android.settings.SubSettings} Callers=com.android.server.wm.WindowManagerService.relayoutWindow:2155 com.android.server.wm.Session.relayout:244 android.view.IWindowSession$Stub.onTransact:309 com.android.server.wm.Session.onTransact:164 
