10-01 15:47:59.563 11790 11828 E OperatorCustomizationFactoryLoader: 3: OperatorFactoryInfo(OP06_null_SEGDEFAULT:OP06Settings.apk:com.mediatek.op06.settings.Op06SettingsCustomizationFactory:com.mediatek.op06.settings)
10-01 15:47:59.563 11790 11828 E OperatorCustomizationFactoryLoader: 4: OperatorFactoryInfo(OP07_null_SEGDEFAULT:OP07Settings.apk:com.mediatek.op07.settings.OP07SettingsCustomizationFactory:com.mediatek.op07.settings)
10-01 15:47:59.563 11790 11828 E OperatorCustomizationFactoryLoader: 5: OperatorFactoryInfo(OP08_null_SEGDEFAULT:OP08Settings.apk:com.mediatek.op08.settings.Op08SettingsCustomizationFactory:com.mediatek.op08.settings)
10-01 15:47:59.563 11790 11828 E OperatorCustomizationFactoryLoader: 6: OperatorFactoryInfo(OP09_null_SEGC:OP09ClibSettings.apk:com.mediatek.settings.op09clib.Op09ClibSettingsCustomizationFactory:com.mediatek.settings.op09clib)
10-01 15:47:59.563 11790 11828 E OperatorCustomizationFactoryLoader: 7: OperatorFactoryInfo(OP12_null_null:OP12Settings.apk:com.mediatek.op12.settings.Op12SettingsCustomizationFactory:com.mediatek.op12.settings)
10-01 15:47:59.563 11790 11828 E OperatorCustomizationFactoryLoader: 8: OperatorFactoryInfo(OP16_null_SEGDEFAULT:OP16Settings.apk:com.mediatek.op16.settings.Op16SettingsCustomizationFactory:com.mediatek.op16.settings)
10-01 15:47:59.563 11790 11828 E OperatorCustomizationFactoryLoader: 9: OperatorFactoryInfo(OP18_null_SEGDEFAULT:OP18Settings.apk:com.mediatek.op18.settings.OP18SettingsCustomizationFactory:com.mediatek.op18.settings)
10-01 15:47:59.563 11790 11828 E OperatorCustomizationFactoryLoader: 10: OperatorFactoryInfo(OP20_null_SEGDEFAULT:OP20Settings.apk:com.mediatek.op20.settings.OP20SettingsCustomizationFactory:com.mediatek.op20.settings)
10-01 15:47:59.563 11790 11828 D DefaultSettingsMiscExt: default doUpdateTilesList
10-01 15:47:59.564 11790 11828 D SettingsActivity: No enabled state changed, skipping updateCategory call
10-01 15:47:59.576   487   572 W SurfaceFlinger: Attempting to set client state on removed layer: com.android.settings/com.android.settings.bluetooth.BluetoothPairingDialog#0
10-01 15:47:59.576   487   572 W SurfaceFlinger: Attempting to destroy on removed layer: com.android.settings/com.android.settings.bluetooth.BluetoothPairingDialog#0
10-01 15:47:59.582 17828 17840 W System  : A resource failed to call release. 
10-01 15:47:59.582 17828 17840 W System  : A resource failed to call release. 
10-01 15:47:59.589   487   487 I BufferQueueConsumer: [com.android.settings/com.android.settings.bluetooth.BluetoothPairingDialog#0](this:0xaa531000,id:416,api:1,p:-1,c:-1) disconnect(C)
10-01 15:47:59.590 11905 11927 W BluetoothRemoteDevices: Skip name update for A8:E2:C1:A3:F3:8E
10-01 15:47:59.590 11905 11927 W BluetoothRemoteDevices: Skip class update for A8:E2:C1:A3:F3:8E
10-01 15:47:59.590 11905 11927 D bt_btif_dm: remote version info [a8:e2:c1:a3:f3:8e]: 6, d, 1ba3
10-01 15:47:59.592   487   487 I BufferQueue: [com.android.settings/com.android.settings.bluetooth.BluetoothPairingDialog#0](this:0xaa531000,id:416,api:1,p:-1,c:-1) ~BufferQueueCore
10-01 15:47:59.605 11905 11927 D bt_btif_config: btif_get_device_type: Device [a8:e2:c1:a3:f3:8e] type 1
10-01 15:47:59.605 11905 11927 I bt_btif_dm: get_cod remote_cod = 0x00001f00
10-01 15:47:59.605 11905 11927 I BluetoothBondStateMachine: bondStateChangeCallback: Status: 0 Address: A8:E2:C1:A3:F3:8E newState: 2
10-01 15:47:59.606 11905 11945 I bt_bta_dm: bta_dm_find_services services_to_search=7fffffff
10-01 15:47:59.606 11905 11945 I bt_bta_dm: bta_dm_find_services search UUID = 00001200-0000-1000-8000-00805f9b34fb
10-01 15:47:59.606 11905 11935 D AdapterProperties: Adding bonded device:A8:E2:C1:A3:F3:8E
10-01 15:47:59.606 11905 11935 I BluetoothBondStateMachine: A8:E2:C1:A3:F3:8E is bonded, wait for SDP complete to broadcast bonded intent
10-01 15:47:59.607 11905 11935 I BluetoothBondStateMachine: StableState(): Entering Off State
10-01 15:47:59.607 11905 11945 E bt_btif : bte_scan_filt_param_cfg_evt, 1
10-01 15:47:59.612   487   573 W SurfaceFlinger: Attempting to set client state on removed layer: com.android.settings/com.android.settings.bluetooth.BluetoothPairingDialog#1
10-01 15:47:59.612   487   573 W SurfaceFlinger: Attempting to destroy on removed layer: com.android.settings/com.android.settings.bluetooth.BluetoothPairingDialog#1
10-01 15:47:59.614  1160  1389 D BluetoothEventManager: scanning state change to false
10-01 15:47:59.617   487   573 W SurfaceFlinger: Attempting to destroy on removed layer: AppWindowToken{fa1de33 token=Token{b2821a2 ActivityRecord{43ea16d u0 com.android.settings/.bluetooth.BluetoothPairingDialog t184}}}#0
10-01 15:47:59.617   487   573 W SurfaceFlinger: Attempting to destroy on removed layer: Task=184#0
10-01 15:47:59.622 11790 11790 D DeviceListPreferenceFragment: onScanningStateChanged false
10-01 15:47:59.623   487   487 I BufferQueueConsumer: [com.android.settings/com.android.settings.bluetooth.BluetoothPairingDialog#1](this:0xaa532000,id:417,api:1,p:-1,c:-1) disconnect(C)
10-01 15:47:59.623 11790 11790 D BluetoothEventManager: scanning state change to false
10-01 15:47:59.623  1160  1182 I ndroid.systemu: NativeAlloc concurrent copying GC freed 18612(864KB) AllocSpace objects, 0(0B) LOS objects, 39% free, 9MB/15MB, paused 152us total 109.426ms
10-01 15:47:59.629   999 28995 I OpenGLRenderer: Initialized EGL, version 1.4
10-01 15:47:59.629   999 28995 D OpenGLRenderer: Swap behavior 2
10-01 15:47:59.634 23314 10225 E memtrack: Couldn't load memtrack module
10-01 15:47:59.634 23314 10225 W android.os.Debug: failed to get memory consumption info: -1
10-01 15:47:59.643   487  1090 I BufferQueue: [com.android.settings/com.android.settings.bluetooth.BluetoothPairingDialog#1](this:0xaa532000,id:417,api:1,p:-1,c:-1) ~BufferQueueCore
10-01 15:47:59.654 11905 11945 W bt_sdp  : SDP - Rcvd L2CAP disc, process pend sdp ccb: 0x40
10-01 15:47:59.691 11905 11945 W bt_sdp  : process_service_search_attr_rsp
10-01 15:47:59.691 11905 11945 W bt_sdp  : sdp_copy_raw_data: list_len:53 cpy_len:53 p:0x8db14002 p_ccb:0x8efd18f4 p_db:0x8c765000 raw_size:4096 raw_used:0 raw_data:0x8eedbca0
10-01 15:47:59.711   999  1107 D WifiConnectivityManager: periodicScanTimerHandler
10-01 15:47:59.712   999  1107 D WifiConnectivityManager: schedulePeriodicScanTimer, intervalMs: 160000
10-01 15:47:59.714   999  1108 D WifiScanningService: addSingleScanRequest: ClientInfo[uid=1000,android.os.Messenger@f594c58],Id=2396,WorkSource{1010}, ScanSettings {  type:HIGH ACCURACY band:24Ghz & 5Ghz (DFS incl) period:0 reportEvents:3 numBssidsPerScan:0 maxScansToCache:0 channels:[  ]  hiddenNetworks:[  ]  } 
10-01 15:47:59.728 11905 11945 I bt_bta_dm: bta_dm_find_services services_to_search=7ffffffe
10-01 15:47:59.728 11905 11945 I bt_bta_dm: bta_dm_find_services search UUID = 00000100-0000-1000-8000-00805f9b34fb
10-01 15:47:59.845 11905 11945 W bt_sdp  : process_service_search_attr_rsp
10-01 15:47:59.845 11905 11945 W bt_sdp  : sdp_copy_raw_data: list_len:103 cpy_len:103 p:0x8db14002 p_ccb:0x8efd1860 p_db:0x8c765000 raw_size:4096 raw_used:0 raw_data:0x8eedbca0
10-01 15:47:59.878 11905 11927 I bt_btif_dm: btif_dm_search_services_evt index:0 uuid:00001101-0000-1000-8000-00805f9b34fb
10-01 15:47:59.879 11905 11927 I bt_btif_dm: btif_dm_search_services_evt index:1 uuid:00000000-0000-1000-8000-00805f9b34fb
10-01 15:47:59.879 11905 11927 I bt_btif_dm: btif_dm_search_services_evt index:2 uuid:00000000-0000-1000-8000-00805f9b34fb
10-01 15:47:59.879 11905 11927 I bt_btif_dm: btif_dm_search_services_evt index:3 uuid:00000000-deca-fade-deca-deafdecacaff
10-01 15:47:59.879 11905 11927 I bt_btif_dm: btif_dm_search_services_evt: SDP search done for a8:e2:c1:a3:f3:8e
10-01 15:47:59.896  6471  6471 I GsaVoiceInteractionSrv: (REDACTED) O received %s
10-01 15:47:59.900 23314  5529 I NearbyDiscovery: (REDACTED) FastPairHandler: Received action %s
10-01 15:47:59.902 11905 11905 I BluetoothPhonePolicy: Received ACTION_UUID for device A8:E2:C1:A3:F3:8E
10-01 15:47:59.902 11905 11905 I BluetoothPhonePolicy: index=0uuid=00001101-0000-1000-8000-00805f9b34fb
10-01 15:47:59.903 11905 11905 I BluetoothPhonePolicy: index=1uuid=00000000-0000-1000-8000-00805f9b34fb
10-01 15:47:59.903 11905 11905 I BluetoothPhonePolicy: index=2uuid=00000000-0000-1000-8000-00805f9b34fb
10-01 15:47:59.903 11905 11905 I BluetoothPhonePolicy: index=3uuid=00000000-deca-fade-deca-deafdecacaff
10-01 15:47:59.903 23314  5529 I NearbyDiscovery: (REDACTED) FastPairHandler: Uuid fetch for %s is done
10-01 15:47:59.903 11905 11905 I BluetoothPhonePolicy: processInitProfilePriorities() - device A8:E2:C1:A3:F3:8E
10-01 15:47:59.903 11905 11905 W HearingAidService: getHearingAidService(): service is NULL
10-01 15:47:59.903 23314  5529 I NearbyDiscovery: (REDACTED) FastPairHandler:  %s
10-01 15:47:59.903 23314  5529 I NearbyDiscovery: (REDACTED) FastPairHandler:  %s
10-01 15:47:59.903 23314  5529 I chatty  : uid=10010(com.google.android.gms) NearbyDiscovery identical 1 line
10-01 15:47:59.904 23314  5529 I NearbyDiscovery: (REDACTED) FastPairHandler:  %s
10-01 15:47:59.904   999  1018 W BroadcastQueue: Background execution not allowed: receiving Intent { act=android.bluetooth.device.action.UUID flg=0x10 (has extras) } to com.google.android.gms/.chimera.GmsIntentOperationService$PersistentTrustedReceiver
10-01 15:47:59.905   999  1018 W BroadcastQueue: Background execution not allowed: receiving Intent { act=android.bluetooth.device.action.UUID flg=0x10 (has extras) } to com.google.android.googlequicksearchbox/com.google.android.apps.gsa.broadcastreceiver.external.ExternalCommonBroadcastReceiver
10-01 15:47:59.907 11905 11935 I BluetoothBondStateMachine: Bond State Change Intent:A8:E2:C1:A3:F3:8E BOND_BONDING => BOND_BONDED
10-01 15:47:59.910 11790 11790 D CachedBluetoothDevice: MP 5-52000047 update profiles
10-01 15:47:59.910 11790 11790 D LocalBluetoothProfileManager: Current Profiles[]
10-01 15:47:59.910 11790 11790 D LocalBluetoothProfileManager: update profiles
10-01 15:47:59.911 11790 11790 D BluetoothMap: getConnectedDevices()
10-01 15:47:59.913 11790 11790 D BluetoothMap: getConnectionState(A8:E2:C1:A3:F3:8E)
10-01 15:47:59.914  1160  1389 D CachedBluetoothDevice: MP 5-52000047 update profiles
10-01 15:47:59.914  1160  1389 D LocalBluetoothProfileManager: Current Profiles[]
10-01 15:47:59.914  1160  1389 D LocalBluetoothProfileManager: update profiles
10-01 15:47:59.915  1160  1389 D BluetoothMap: getConnectedDevices()
10-01 15:47:59.916 11790 11790 D MapProfile: getConnectionStatus: status is: 0
10-01 15:47:59.917 11905 11983 D BluetoothPbapService: getConnectionState: A8:E2:C1:A3:F3:8E
10-01 15:47:59.917  1160  1389 D BluetoothMap: getConnectionState(A8:E2:C1:A3:F3:8E)
10-01 15:47:59.918 11790 11790 D LocalBluetoothProfileManager: New Profiles[]
10-01 15:47:59.920  1160  1389 D MapProfile: getConnectionStatus: status is: 0
10-01 15:47:59.920 11790 11790 D CachedBluetoothDevice: MP 5-52000047 getConnectionSummary
10-01 15:47:59.920 11905 11950 D BluetoothPbapService: getConnectionState: A8:E2:C1:A3:F3:8E
10-01 15:47:59.921  1160  1389 D LocalBluetoothProfileManager: New Profiles[]
10-01 15:47:59.927 11790 11790 D CachedBluetoothDevice: MP 5-52000047 bond state is 12
10-01 15:47:59.928 23314 10225 I NearbyDiscovery: (REDACTED) SdpManager: Add cached device for %s, forceAdd=%s
10-01 15:47:59.930  1160  1389 D CachedBluetoothDevice: onBondingStateChanged to 12
10-01 15:47:59.930  6471  6471 I GsaVoiceInteractionSrv: (REDACTED) O received %s
10-01 15:47:59.932   999  1018 W BroadcastQueue: Background execution not allowed: receiving Intent { act=android.bluetooth.device.action.BOND_STATE_CHANGED flg=0x10 (has extras) } to com.google.android.gms/.chimera.GmsIntentOperationService$PersistentTrustedReceiver
10-01 15:47:59.933   999  1018 W BroadcastQueue: Background execution not allowed: receiving Intent { act=android.bluetooth.device.action.BOND_STATE_CHANGED flg=0x10 (has extras) } to com.google.android.googlequicksearchbox/com.google.android.apps.gsa.broadcastreceiver.external.ExternalCommonBroadcastReceiver
10-01 15:47:59.933 11905 11905 D A2dpService: Bond state changed for device: A8:E2:C1:A3:F3:8E state: 12
10-01 15:47:59.937  1160  1389 D CachedBluetoothDevice: Bond state changed to bonded, mDevice.isBondingInitiatedLocally() is true
10-01 15:47:59.940  1160  1389 D CachedBluetoothDevice: No profiles. Maybe we will connect later
10-01 15:47:59.943  4933  5421 I bdoy    : (REDACTED) bluetoothConnectionStateChanged. Action: %s
10-01 15:47:59.945  4933  5421 I bdoy    : (REDACTED) bluetoothConnectionStateChanged. Action: %s
10-01 15:47:59.953  4933  4979 I bdoy    : (REDACTED) Failed to get bistoDeviceInfo %s
10-01 15:47:59.956   999 18611 I PowerWrap: PowerHal_Wrap_mtkPowerHint
10-01 15:47:59.956   999 18611 I PowerWrap: PowerHal_Wrap_mtkPowerHint
10-01 15:47:59.957   475   525 I libPowerHal: 17: cpu_ctrl set freq: 2001000 -1 1500000 -1
10-01 15:47:59.958  4933  4977 I bdoy    : (REDACTED) Failed to get bistoDeviceInfo %s
10-01 15:47:59.959  4933  5421 W aotf    : Abort, client detached.
10-01 15:47:59.962 11790 11790 D CachedBluetoothDevice: onBondingStateChanged to 12
10-01 15:47:59.962 11790 11790 D CachedBluetoothDevice: MP 5-52000047 getConnectionSummary
10-01 15:47:59.965 11790 11790 D CachedBluetoothDevice: MP 5-52000047 bond state is 12
10-01 15:47:59.969 11790 11790 D CachedBluetoothDevice: Bond state changed to bonded, mDevice.isBondingInitiatedLocally() is true
10-01 15:47:59.970  4933  4979 I atmd    : Is not a headset device
10-01 15:47:59.970  4933  4979 I bdoy    : (REDACTED) Not a bisto device: %s
10-01 15:47:59.970 11790 11790 D CachedBluetoothDevice: No profiles. Maybe we will connect later
10-01 15:47:59.976  4933  4977 I atmd    : Is not a headset device
10-01 15:47:59.976  4933  4977 I bdoy    : (REDACTED) Not a bisto device: %s
10-01 15:47:59.984   999 23142 I PowerWrap: PowerHal_Wrap_mtkPowerHint
10-01 15:47:59.984   999 23142 I PowerWrap: PowerHal_Wrap_mtkPowerHint
10-01 15:47:59.984   999 23142 V WindowManager: Set focused app to: AppWindowToken{1e985e8 token=Token{2d730b ActivityRecord{3f422da u0 com.android.settings/.Settings$ConnectedDeviceDashboardActivity t183}}} old focus=AppWindowToken{5c30e60 token=Token{3fe7263 ActivityRecord{666a892 u0 com.android.settings/.SubSettings t183}}} moveFocusNow=true
10-01 15:47:59.988   999 23142 V WindowManager: Changing focus from Window{c03d88e u0 com.android.settings/com.android.settings.SubSettings} to null Callers=com.android.server.wm.WindowManagerService.setFocusedApp:2651 com.android.server.am.ActivityManagerService.setResumedActivityUncheckLocked:3631 com.android.server.am.ActivityStack.onActivityStateChanged:498 com.android.server.am.TaskRecord.onActivityStateChanged:1794 
10-01 15:47:59.989   999 23142 D WindowManager: Input focus has changed to null
10-01 15:47:59.989   475   526 I vendor.mediatek.hardware.power@2.0-impl: notifyAppState pack:com.android.settings, act:com.android.settings.Settings$ConnectedDeviceDashboardActivity, pid:11790, state:1
10-01 15:47:59.990   999  1008 I system_server: NativeAlloc concurrent copying GC freed 61284(2MB) AllocSpace objects, 24(1184KB) LOS objects, 21% free, 22MB/28MB, paused 1.559ms total 267.171ms
10-01 15:47:59.991   999  1026 I WindowManager: Focus moving from Window{c03d88e u0 com.android.settings/com.android.settings.SubSettings} to null
10-01 15:48:00.013 23314 23314 I NearbyFastPair: WDLS created [CONTEXT service_id=265 ]
10-01 15:48:00.013 11790 11790 D LocalBluetoothManager: setting foreground activity to non-null context
10-01 15:48:00.018 23314  9748 I NearbyFastPair: (REDACTED) WDLS onStartCommand: uuid fetch for %s is done
10-01 15:48:00.018 23314 12014 I Nearby  : (REDACTED) is blocked device type %s, isAuto=%s, isIot=%s, isLatchsky=%s, isChinaWearable=%s, isTv=%s, isWearable=%s (supportWearOs=%s), isChromeOsDevice=%s (supportChromeOs=%s)
10-01 15:48:00.020 11790 11790 D LocalBluetoothManager: setting foreground activity to non-null context
10-01 15:48:00.022 23314 23314 I NearbyDiscovery: (REDACTED) FastPair: onBondStateChange: prevState=%s, state=%s, device=%s, isFastPairing=%s
10-01 15:48:00.023 23314  5529 I NearbyDiscovery: (REDACTED) FastPairController: handleBondBonded: device=%s
10-01 15:48:00.024 23314 10225 I NearbyDiscovery: (REDACTED) SdpManager: Add bonded record for %s
10-01 15:48:00.024 23314  5529 I NearbyDiscovery: (REDACTED) FastPairController: BondedTimerController: add device, device=%s
10-01 15:48:00.025 23314 11886 I NearbyDiscovery: (REDACTED) FastPair: handle bonded but not FastPairing for (%s)
10-01 15:48:00.027 11790 11790 D CachedBluetoothDevice: MP 5-52000047 getConnectionSummary
10-01 15:48:00.029 11790 11790 D CachedBluetoothDevice: MP 5-52000047 bond state is 12
10-01 15:48:00.041 11790 11790 D LocalBluetoothManager: setting foreground activity to non-null context
10-01 15:48:00.047 11790 11808 I DeviceIndex: Skipping: device index is not enabled
10-01 15:48:00.053 11790 11790 V PhoneWindow: DecorView setVisiblity: visibility = 0, Parent = android.view.ViewRootImpl@e8b8e82, this = DecorView@fe584f7[Settings$ConnectedDeviceDashboardActivity]
10-01 15:48:00.053 11790 11809 W TileUtils: Found com.android.settings.Settings$NotificationAppListActivity for intent Intent { act=com.android.settings.action.SETTINGS pkg=com.android.settings } missing metadata com.android.settings.category
10-01 15:48:00.055   999 22033 I WindowManager: Relayout Window{349da51 u0 com.android.settings/com.android.settings.Settings$ConnectedDeviceDashboardActivity}: oldVis=8 newVis=0 focusMayChange = true
10-01 15:48:00.058   487  1091 I BufferQueue: [unnamed-487-418](this:0xacaa7000,id:418,api:0,p:-1,c:-1) BufferQueue core=(487:/system/bin/surfaceflinger)
10-01 15:48:00.058   487  1091 I BufferQueueConsumer: [unnamed-487-418](this:0xacaa7000,id:418,api:0,p:-1,c:487) connect(C): consumer=(487:/system/bin/surfaceflinger) controlledByApp=false
10-01 15:48:00.058   487  1091 I BufferQueueConsumer: [unnamed-487-418](this:0xacaa7000,id:418,api:0,p:-1,c:487) setConsumerName: unnamed-487-418
10-01 15:48:00.058   487  1091 I BufferQueueConsumer: [com.android.settings/com.android.settings.Settings$ConnectedDeviceDashboardActivity#0](this:0xacaa7000,id:418,api:0,p:-1,c:487) setConsumerName: com.android.settings/com.android.settings.Settings$ConnectedDeviceDashboardActivity#0
10-01 15:48:00.058   487  1091 I BufferQueueConsumer: [com.android.settings/com.android.settings.Settings$ConnectedDeviceDashboardActivity#0](this:0xacaa7000,id:418,api:0,p:-1,c:487) setDefaultBufferSize: width=720 height=1560
10-01 15:48:00.059   999 22033 V WindowManager: Changing focus from null to Window{349da51 u0 com.android.settings/com.android.settings.Settings$ConnectedDeviceDashboardActivity} Callers=com.android.server.wm.WindowManagerService.relayoutWindow:2155 com.android.server.wm.Session.relayout:244 android.view.IWindowSession$Stub.onTransact:309 com.android.server.wm.Session.onTransact:164 
10-01 15:48:00.060   999 22033 D WindowManager: Input focus has changed to Window{349da51 u0 com.android.settings/com.android.settings.Settings$ConnectedDeviceDashboardActivity}
10-01 15:48:00.061   999  1026 I WindowManager: Focus moving from null to Window{349da51 u0 com.android.settings/com.android.settings.Settings$ConnectedDeviceDashboardActivity}
10-01 15:48:00.061 11790 11790 D Surface : Surface::allocateBuffers(this=0x89260000)
10-01 15:48:00.061 11790 11810 D Surface : Surface::connect(this=0x89260000,api=1)
10-01 15:48:00.061   487   572 I BufferQueueProducer: [com.android.settings/com.android.settings.Settings$ConnectedDeviceDashboardActivity#0](this:0xacaa7000,id:418,api:1,p:11790,c:487) connect(P): api=1 producer=(11790:com.android.settings) producerControlledByApp=true
10-01 15:48:00.071 11790 11809 D OperatorCustomizationFactoryLoader: Slot -1's OperatorInfo is__
10-01 15:48:00.071 11790 11809 D OperatorCustomizationFactoryLoader: It's OM load or parse failed, because operator is null
10-01 15:48:00.071 11790 11809 E OperatorCustomizationFactoryLoader: can not find operatorFactoryInfo by slot id -1 from 
10-01 15:48:00.071 11790 11809 E OperatorCustomizationFactoryLoader: 0: OperatorFactoryInfo(OP01_null_null:OP01Settings.apk:com.mediatek.settings.op01.Op01SettingsCustomizationFactory:com.mediatek.settings.op01)
10-01 15:48:00.071 11790 11809 E OperatorCustomizationFactoryLoader: 1: OperatorFactoryInfo(OP02_null_null:OP02Settings.apk:com.mediatek.settings.op02.Op02SettingsCustomizationFactory:com.mediatek.settings.op02)
10-01 15:48:00.071 11790 11809 E OperatorCustomizationFactoryLoader: 2: OperatorFactoryInfo(OP03_null_SEGDEFAULT:OP03Settings.apk:com.mediatek.op03.settings.OP03SettingsCustomizationFactory:com.mediatek.op03.settings)
10-01 15:48:00.071 11790 11809 E OperatorCustomizationFactoryLoader: 3: OperatorFactoryInfo(OP06_null_SEGDEFAULT:OP06Settings.apk:com.mediatek.op06.settings.Op06SettingsCustomizationFactory:com.mediatek.op06.settings)
10-01 15:48:00.071 11790 11809 E OperatorCustomizationFactoryLoader: 4: OperatorFactoryInfo(OP07_null_SEGDEFAULT:OP07Settings.apk:com.mediatek.op07.settings.OP07SettingsCustomizationFactory:com.mediatek.op07.settings)
10-01 15:48:00.071 11790 11809 E OperatorCustomizationFactoryLoader: 5: OperatorFactoryInfo(OP08_null_SEGDEFAULT:OP08Settings.apk:com.mediatek.op08.settings.Op08SettingsCustomizationFactory:com.mediatek.op08.settings)
10-01 15:48:00.071 11790 11809 E OperatorCustomizationFactoryLoader: 6: OperatorFactoryInfo(OP09_null_SEGC:OP09ClibSettings.apk:com.mediatek.settings.op09clib.Op09ClibSettingsCustomizationFactory:com.mediatek.settings.op09clib)
10-01 15:48:00.071 11790 11809 E OperatorCustomizationFactoryLoader: 7: OperatorFactoryInfo(OP12_null_null:OP12Settings.apk:com.mediatek.op12.settings.Op12SettingsCustomizationFactory:com.mediatek.op12.settings)
10-01 15:48:00.071 11790 11809 E OperatorCustomizationFactoryLoader: 8: OperatorFactoryInfo(OP16_null_SEGDEFAULT:OP16Settings.apk:com.mediatek.op16.settings.Op16SettingsCustomizationFactory:com.mediatek.op16.settings)
10-01 15:48:00.071 11790 11809 E OperatorCustomizationFactoryLoader: 9: OperatorFactoryInfo(OP18_null_SEGDEFAULT:OP18Settings.apk:com.mediatek.op18.settings.OP18SettingsCustomizationFactory:com.mediatek.op18.settings)
10-01 15:48:00.071 11790 11809 E OperatorCustomizationFactoryLoader: 10: OperatorFactoryInfo(OP20_null_SEGDEFAULT:OP20Settings.apk:com.mediatek.op20.settings.OP20SettingsCustomizationFactory:com.mediatek.op20.settings)
10-01 15:48:00.071 11790 11809 D DefaultSettingsMiscExt: default doUpdateTilesList
10-01 15:48:00.072 11790 11809 D SettingsActivity: No enabled state changed, skipping updateCategory call
10-01 15:48:00.073 23314 23314 I Wear_Controller: Wearable module requires a companion app to be installed.
10-01 15:48:00.073 23314 23314 I WearableService: onCreate: Wearable Services not starting. Wear is not available on this device.
10-01 15:48:00.081 23314 23583 W WearableService: onGetService: Wear is not available on this device.
10-01 15:48:00.085 23314  9748 W NearbyFastPair: WearApiHelper: failed to get local node id [CONTEXT service_id=265 ]
10-01 15:48:00.085 23314  9748 W NearbyFastPair: java.util.concurrent.ExecutionException: ahod: 17: API: Wearable.API is not available on this device. Connection failed with: ConnectionResult{statusCode=API_UNAVAILABLE, resolution=null, message=null}
10-01 15:48:00.085 23314  9748 W NearbyFastPair: 	at cfwf.q(:com.google.android.gms@233614024@23.36.14 (100300-567131450):28)
10-01 15:48:00.085 23314  9748 W NearbyFastPair: 	at cfwf.p(:com.google.android.gms@233614024@23.36.14 (100300-567131450):44)
10-01 15:48:00.085 23314  9748 W NearbyFastPair: 	at bnav.b(:com.google.android.gms@233614024@23.36.14 (100300-567131450):13)
10-01 15:48:00.085 23314  9748 W NearbyFastPair: 	at bnar.a(:com.google.android.gms@233614024@23.36.14 (100300-567131450):3)
10-01 15:48:00.085 23314  9748 W NearbyFastPair: 	at bnaw.a(:com.google.android.gms@233614024@23.36.14 (100300-567131450):18)
10-01 15:48:00.085 23314  9748 W NearbyFastPair: 	at com.google.android.gms.nearby.fastpair.service.WearableDataListenerChimeraService.A(:com.google.android.gms@233614024@23.36.14 (100300-567131450):18)
10-01 15:48:00.085 23314  9748 W NearbyFastPair: 	at com.google.android.gms.nearby.fastpair.service.WearableDataListenerChimeraService.M(:com.google.android.gms@233614024@23.36.14 (100300-567131450):2)
10-01 15:48:00.085 23314  9748 W NearbyFastPair: 	at com.google.android.gms.nearby.fastpair.service.WearableDataListenerChimeraService.w(:com.google.android.gms@233614024@23.36.14 (100300-567131450):1702)
10-01 15:48:00.085 23314  9748 W NearbyFastPair: 	at bmwv.run(:com.google.android.gms@233614024@23.36.14 (100300-567131450):5)
10-01 15:48:00.085 23314  9748 W NearbyFastPair: 	at ajbg.c(:com.google.android.gms@233614024@23.36.14 (100300-567131450):50)
10-01 15:48:00.085 23314  9748 W NearbyFastPair: 	at ajbg.run(:com.google.android.gms@233614024@23.36.14 (100300-567131450):97)
10-01 15:48:00.085 23314  9748 W NearbyFastPair: 	at java.util.concurrent.ThreadPoolExecutor.runWorker(ThreadPoolExecutor.java:1167)
10-01 15:48:00.085 23314  9748 W NearbyFastPair: 	at java.util.concurrent.ThreadPoolExecutor$Worker.run(ThreadPoolExecutor.java:641)
10-01 15:48:00.085 23314  9748 W NearbyFastPair: 	at ajgn.run(:com.google.android.gms@233614024@23.36.14 (100300-567131450):8)
10-01 15:48:00.085 23314  9748 W NearbyFastPair: 	at java.lang.Thread.run(Thread.java:764)
10-01 15:48:00.085 23314  9748 W NearbyFastPair: Caused by: ahod: 17: API: Wearable.API is not available on this device. Connection failed with: ConnectionResult{statusCode=API_UNAVAILABLE, resolution=null, message=null}
10-01 15:48:00.085 23314  9748 W NearbyFastPair: 	at aiju.a(:com.google.android.gms@233614024@23.36.14 (100300-567131450):15)
10-01 15:48:00.085 23314  9748 W NearbyFastPair: 	at aimv.a(:com.google.android.gms@233614024@23.36.14 (100300-567131450):31)
10-01 15:48:00.085 23314  9748 W NearbyFastPair: 	at ahqb.run(:com.google.android.gms@233614024@23.36.14 (100300-567131450):7)
10-01 15:48:00.085 23314  9748 W NearbyFastPair: 	at ajao.c(:com.google.android.gms@233614024@23.36.14 (100300-567131450):12)
10-01 15:48:00.085 23314  9748 W NearbyFastPair: 	at ahpy.a(:com.google.android.gms@233614024@23.36.14 (100300-567131450):10)
10-01 15:48:00.085 23314  9748 W NearbyFastPair: 	at com.google.android.gms.common.api.internal.BasePendingResult.y(:com.google.android.gms@233614024@23.36.14 (100300-567131450):74)
10-01 15:48:00.085 23314  9748 W NearbyFastPair: 	at com.google.android.gms.common.api.internal.BasePendingResult.p(:com.google.android.gms@233614024@23.36.14 (100300-567131450):35)
10-01 15:48:00.085 23314  9748 W NearbyFastPair: 	at ahps.a(:com.google.android.gms@233614024@23.36.14 (100300-567131450):16)
10-01 15:48:00.085 23314  9748 W NearbyFastPair: 	at ahph.c(:com.google.android.gms@233614024@23.36.14 (100300-567131450):3)
10-01 15:48:00.085 23314  9748 W NearbyFastPair: 	at ahsa.p(:com.google.android.gms@233614024@23.36.14 (100300-567131450):48)
10-01 15:48:00.085 23314  9748 W NearbyFastPair: 	at ahsa.d(:com.google.android.gms@233614024@23.36.14 (100300-567131450):10)
10-01 15:48:00.085 23314  9748 W NearbyFastPair: 	at ahsa.g(:com.google.android.gms@233614024@23.36.14 (100300-567131450):204)
10-01 15:48:00.085 23314  9748 W NearbyFastPair: 	at ahsa.onConnectionFailed(:com.google.android.gms@233614024@23.36.14 (100300-567131450):2)
10-01 15:48:00.085 23314  9748 W NearbyFastPair: 	at ailc.hM(:com.google.android.gms@233614024@23.36.14 (100300-567131450):3)
10-01 15:48:00.085 23314  9748 W NearbyFastPair: 	at aikg.b(:com.google.android.gms@233614024@23.36.14 (100300-567131450):7)
10-01 15:48:00.085 23314  9748 W NearbyFastPair: 	at aijx.a(:com.google.android.gms@233614024@23.36.14 (100300-567131450):85)
10-01 15:48:00.085 23314  9748 W NearbyFastPair: 	at aika.handleMessage(:com.google.android.gms@233614024@23.36.14 (100300-567131450):287)
10-01 15:48:00.085 23314  9748 W NearbyFastPair: 	at android.os.Handler.dispatchMessage(Handler.java:106)
10-01 15:48:00.085 23314  9748 W NearbyFastPair: 	at becy.lB(:com.google.android.gms@233614024@23.36.14 (100300-567131450):1)
10-01 15:48:00.085 23314  9748 W NearbyFastPair: 	at becy.dispatchMessage(:com.google.android.gms@233614024@23.36.14 (100300-567131450):143)
10-01 15:48:00.085 23314  9748 W NearbyFastPair: 	at android.os.Looper.loop(Looper.java:193)
10-01 15:48:00.085 23314  9748 W NearbyFastPair: 	at android.os.HandlerThread.run(HandlerThread.java:65)
10-01 15:48:00.085 23314  9748 I NearbyFastPair: (REDACTED) WearApiRetryWrapper: retry#%s
10-01 15:48:00.087 23314 23583 W WearableService: onGetService: Wear is not available on this device.
10-01 15:48:00.089 23314  9748 W NearbyFastPair: WearApiHelper: failed to get local node id [CONTEXT service_id=265 ]
10-01 15:48:00.089 23314  9748 W NearbyFastPair: java.util.concurrent.ExecutionException: ahod: 17: API: Wearable.API is not available on this device. Connection failed with: ConnectionResult{statusCode=API_UNAVAILABLE, resolution=null, message=null}
10-01 15:48:00.089 23314  9748 W NearbyFastPair: 	at cfwf.q(:com.google.android.gms@233614024@23.36.14 (100300-567131450):28)
10-01 15:48:00.089 23314  9748 W NearbyFastPair: 	at cfwf.p(:com.google.android.gms@233614024@23.36.14 (100300-567131450):44)
10-01 15:48:00.089 23314  9748 W NearbyFastPair: 	at bnav.b(:com.google.android.gms@233614024@23.36.14 (100300-567131450):13)
10-01 15:48:00.089 23314  9748 W NearbyFastPair: 	at bnar.a(:com.google.android.gms@233614024@23.36.14 (100300-567131450):3)
10-01 15:48:00.089 23314  9748 W NearbyFastPair: 	at bnaw.a(:com.google.android.gms@233614024@23.36.14 (100300-567131450):18)
10-01 15:48:00.089 23314  9748 W NearbyFastPair: 	at com.google.android.gms.nearby.fastpair.service.WearableDataListenerChimeraService.A(:com.google.android.gms@233614024@23.36.14 (100300-567131450):18)
10-01 15:48:00.089 23314  9748 W NearbyFastPair: 	at com.google.android.gms.nearby.fastpair.service.WearableDataListenerChimeraService.M(:com.google.android.gms@233614024@23.36.14 (100300-567131450):2)
10-01 15:48:00.089 23314  9748 W NearbyFastPair: 	at com.google.android.gms.nearby.fastpair.service.WearableDataListenerChimeraService.w(:com.google.android.gms@233614024@23.36.14 (100300-567131450):1702)
10-01 15:48:00.089 23314  9748 W NearbyFastPair: 	at bmwv.run(:com.google.android.gms@233614024@23.36.14 (100300-567131450):5)
10-01 15:48:00.089 23314  9748 W NearbyFastPair: 	at ajbg.c(:com.google.android.gms@233614024@23.36.14 (100300-567131450):50)
10-01 15:48:00.089 23314  9748 W NearbyFastPair: 	at ajbg.run(:com.google.android.gms@233614024@23.36.14 (100300-567131450):97)
10-01 15:48:00.089 23314  9748 W NearbyFastPair: 	at java.util.concurrent.ThreadPoolExecutor.runWorker(ThreadPoolExecutor.java:1167)
10-01 15:48:00.089 23314  9748 W NearbyFastPair: 	at java.util.concurrent.ThreadPoolExecutor$Worker.run(ThreadPoolExecutor.java:641)
10-01 15:48:00.089 23314  9748 W NearbyFastPair: 	at ajgn.run(:com.google.android.gms@233614024@23.36.14 (100300-567131450):8)
10-01 15:48:00.089 23314  9748 W NearbyFastPair: 	at java.lang.Thread.run(Thread.java:764)
10-01 15:48:00.089 23314  9748 W NearbyFastPair: Caused by: ahod: 17: API: Wearable.API is not available on this device. Connection failed with: ConnectionResult{statusCode=API_UNAVAILABLE, resolution=null, message=null}
10-01 15:48:00.089 23314  9748 W NearbyFastPair: 	at aiju.a(:com.google.android.gms@233614024@23.36.14 (100300-567131450):15)
10-01 15:48:00.089 23314  9748 W NearbyFastPair: 	at aimv.a(:com.google.android.gms@233614024@23.36.14 (100300-567131450):31)
10-01 15:48:00.089 23314  9748 W NearbyFastPair: 	at ahqb.run(:com.google.android.gms@233614024@23.36.14 (100300-567131450):7)
10-01 15:48:00.089 23314  9748 W NearbyFastPair: 	at ajao.c(:com.google.android.gms@233614024@23.36.14 (100300-567131450):12)
10-01 15:48:00.089 23314  9748 W NearbyFastPair: 	at ahpy.a(:com.google.android.gms@233614024@23.36.14 (100300-567131450):10)
10-01 15:48:00.089 23314  9748 W NearbyFastPair: 	at com.google.android.gms.common.api.internal.BasePendingResult.y(:com.google.android.gms@233614024@23.36.14 (100300-567131450):74)
10-01 15:48:00.089 23314  9748 W NearbyFastPair: 	at com.google.android.gms.common.api.internal.BasePendingResult.p(:com.google.android.gms@233614024@23.36.14 (100300-567131450):35)
10-01 15:48:00.089 23314  9748 W NearbyFastPair: 	at ahps.a(:com.google.android.gms@233614024@23.36.14 (100300-567131450):16)
10-01 15:48:00.089 23314  9748 W NearbyFastPair: 	at ahph.c(:com.google.android.gms@233614024@23.36.14 (100300-567131450):3)
10-01 15:48:00.089 23314  9748 W NearbyFastPair: 	at ahsa.p(:com.google.android.gms@233614024@23.36.14 (100300-567131450):48)
10-01 15:48:00.089 23314  9748 W NearbyFastPair: 	at ahsa.d(:com.google.android.gms@233614024@23.36.14 (100300-567131450):10)
10-01 15:48:00.089 23314  9748 W NearbyFastPair: 	at ahsa.g(:com.google.android.gms@233614024@23.36.14 (100300-567131450):204)
10-01 15:48:00.089 23314  9748 W NearbyFastPair: 	at ahsa.onConnectionFailed(:com.google.android.gms@233614024@23.36.14 (100300-567131450):2)
10-01 15:48:00.089 23314  9748 W NearbyFastPair: 	at ailc.hM(:com.google.android.gms@233614024@23.36.14 (100300-567131450):3)
10-01 15:48:00.089 23314  9748 W NearbyFastPair: 	at aikg.b(:com.google.android.gms@233614024@23.36.14 (100300-567131450):7)
10-01 15:48:00.089 23314  9748 W NearbyFastPair: 	at aijx.a(:com.google.android.gms@233614024@23.36.14 (100300-567131450):85)
10-01 15:48:00.089 23314  9748 W NearbyFastPair: 	at aika.handleMessage(:com.google.android.gms@233614024@23.36.14 (100300-567131450):287)
10-01 15:48:00.089 23314  9748 W NearbyFastPair: 	at android.os.Handler.dispatchMessage(Handler.java:106)
10-01 15:48:00.089 23314  9748 W NearbyFastPair: 	at becy.lB(:com.google.android.gms@233614024@23.36.14 (100300-567131450):1)
10-01 15:48:00.089 23314  9748 W NearbyFastPair: 	at becy.dispatchMessage(:com.google.android.gms@233614024@23.36.14 (100300-567131450):143)
10-01 15:48:00.089 23314  9748 W NearbyFastPair: 	at android.os.Looper.loop(Looper.java:193)
10-01 15:48:00.089 23314  9748 W NearbyFastPair: 	at android.os.HandlerThread.run(HandlerThread.java:65)
10-01 15:48:00.089 23314  9748 I NearbyFastPair: (REDACTED) WearApiRetryWrapper: retry#%s
10-01 15:48:00.092 23314  9748 I NearbyFastPair: (REDACTED) WDLS updateIsTriangleState: hasNearbyNodes %s, hasBondedHeadset %s
10-01 15:48:00.096 23314  9748 I NearbyFastPair: (REDACTED) WDLS onStartCommand: bond state change %d -> %d, device %s
10-01 15:48:00.107 20004 20004 I GoogleInputMethodService: GoogleInputMethodService.onFinishInput():3267 
10-01 15:48:00.108 20004 20004 I GoogleInputMethodService: GoogleInputMethodService.updateDeviceLockedStatus():2097 repeatCheckTimes = 0, locked = false
10-01 15:48:00.109 20004 20004 I GoogleInputMethodService: GoogleInputMethodService.onStartInput():1889 onStartInput(EditorInfo{EditorInfo{packageName=com.android.settings, inputType=0, inputTypeString=NULL, enableLearning=false, autoCorrection=false, autoComplete=false, imeOptions=0, privateImeOptions=null, actionName=UNSPECIFIED, actionLabel=null, initialSelStart=-1, initialSelEnd=-1, initialCapsMode=0, label=null, fieldId=-1, fieldName=null, extras=null, hintText=null, hintLocales=[]}}, false)
10-01 15:48:00.109 20004 20004 I GoogleInputMethodService: GoogleInputMethodService.updateDeviceLockedStatus():2097 repeatCheckTimes = 1, locked = false
10-01 15:48:00.111 23314  9748 I NearbyShared: (REDACTED) ServiceBinder: %s is already unbind
10-01 15:48:00.111 23314 23314 I NearbyFastPair: WDLS destroyed [CONTEXT service_id=265 ]
10-01 15:48:00.113 23314 23314 D BoundBrokerSvc: onBind: Intent { act=com.google.android.gms.auth.account.workaccount.START dat=chimera-action: cmp=com.google.android.gms/.chimera.PersistentApiService }
10-01 15:48:00.113 23314 23314 D BoundBrokerSvc: Loading bound service for intent: Intent { act=com.google.android.gms.auth.account.workaccount.START dat=chimera-action: cmp=com.google.android.gms/.chimera.PersistentApiService }
10-01 15:48:00.121 27500 27500 D BoundBrokerSvc: onBind: Intent { act=com.google.android.gms.checkin.START pkg=com.google.android.gms }
10-01 15:48:00.121 27500 27500 D BoundBrokerSvc: Loading bound service for intent: Intent { act=com.google.android.gms.checkin.START pkg=com.google.android.gms }
10-01 15:48:00.124   999 18195 I PowerWrap: PowerHal_Wrap_mtkPowerHint
10-01 15:48:00.125   475   525 I libPowerHal: 17: cpu_ctrl set freq: -1 -1 -1 -1
10-01 15:48:00.127 27500 27605 I Checkin : [CheckinApiChimeraService] onGetService
10-01 15:48:00.127 23314 11886 I NearbyDiscovery: (REDACTED) FastPair: (%s) bonded without through fast pairing, not found in footprints
10-01 15:48:00.127 23314 11886 I NearbyDiscovery: (REDACTED) FastPair: set retroactive pairing for %s
10-01 15:48:00.131 23314 10225 I NearbyDiscovery: RetroactivePairManager: Skip, the ble address is not changed. [CONTEXT service_id=265 ]
10-01 15:48:00.132 23314 11886 I NearbyDiscovery: (REDACTED) loadFastPairModule: checkFeaturesAreAvailable:%d
10-01 15:48:00.132 23314 11886 I NearbyDiscovery: loadFastPairModule: FastPair module is downloaded. [CONTEXT service_id=265 ]
10-01 15:48:00.330 11790 11810 D Surface : Surface::disconnect(this=0x8911e800,api=1)
10-01 15:48:00.331   487   572 I BufferQueueProducer: [com.android.settings/com.android.settings.SubSettings#0](this:0xacafc000,id:415,api:1,p:11790,c:487) disconnect(P): api 1
10-01 15:48:00.331   487   572 D BufferQueueConsumer: [com.android.settings/com.android.settings.SubSettings#0](this:0xacafc000,id:415,api:1,p:-1,c:487) getReleasedBuffers: returning mask 0xffffffffffffffff
10-01 15:48:00.349 11790 11790 D BluetoothDevicePref: onPrepareForRemoval
10-01 15:48:00.350 11790 11790 I chatty  : uid=1000(system) com.android.settings identical 4 lines
10-01 15:48:00.350 11790 11790 D BluetoothDevicePref: onPrepareForRemoval
10-01 15:48:00.350 11790 11790 D LocalBluetoothManager: setting foreground activity to null
10-01 15:48:00.353 11905 11927 D AdapterProperties: Discoverable Timeout:120
10-01 15:48:00.356 11905 11927 D AdapterProperties: Scan Mode:21
10-01 15:48:00.356 11790 11790 V PhoneWindow: DecorView setVisiblity: visibility = 4, Parent = android.view.ViewRootImpl@a7c81a6, this = DecorView@931060b[SubSettings]
10-01 15:48:00.360 11790 11790 D View    : [Warning] assignParent to null: this = DecorView@931060b[SubSettings]
10-01 15:48:00.373   487   487 I BufferQueueConsumer: [com.android.settings/com.android.settings.SubSettings#0](this:0xacafc000,id:415,api:1,p:-1,c:-1) disconnect(C)
10-01 15:48:00.373   487   487 I BufferQueue: [com.android.settings/com.android.settings.SubSettings#0](this:0xacafc000,id:415,api:1,p:-1,c:-1) ~BufferQueueCore
10-01 15:48:00.374 11905 11927 D AdapterProperties: Discoverable Timeout:120
10-01 15:48:00.377 11905 11927 D AdapterProperties: Scan Mode:23
10-01 15:48:01.004   999  1107 E WifiVendorHal: getWifiLinkLayerStats(l.937) failed {.code = ERROR_NOT_SUPPORTED, .description = }
10-01 15:48:01.016   779   791 D VoLTE IMSM: send CTRL_CMD_GET_SCAN (module/mdagent/volte_imsm_93/src/wireless.c:574)
10-01 15:48:01.017   999  1012 D WificondControl: Scan result ready event
10-01 15:48:01.017   779   791 D VoLTE IMSM: monitor_wifi_tech: mutex lock (module/mdagent/volte_imsm_93/src/wireless.c:589)
10-01 15:48:01.017   779   791 D VoLTE IMSM: monitor_wifi_tech: mutex unlock (module/mdagent/volte_imsm_93/src/wireless.c:597)
10-01 15:48:01.017   779   791 D VoLTE IMSM: FOUND[0] 4
10-01 15:48:01.017   779   791 D VoLTE IMSM:  (module/mdagent/volte_imsm_93/src/wireless.c:599)
10-01 15:48:01.018   777   789 I [BIP]   :  [BIP NL] event newlink match dev 0, interface index 33
10-01 15:48:01.018   777   789 I [BIP]   :  [BIP NL] the link status of interface(index:0) changes to 1
10-01 15:48:01.019   999  1108 V AlarmManager: Past alarm, need to trigger immediatly (min_futurity)
10-01 15:48:01.026   999  1024 I EthernetTracker: interfaceLinkStateChanged, iface: wlan0, up: true
10-01 15:48:01.039   999  1108 D WifiScanningService: singleScanResults: ClientInfo[uid=1000,android.os.Messenger@f594c58],Id=2396,results=4
10-01 15:48:01.040   999  1108 D WifiScanningService: singleScanResults: ClientInfo[uid=1000,android.os.Messenger@f594c58],Id=2,results=4
10-01 15:48:01.043   999  1107 D WifiConnectivityManager: AllSingleScanListener onResults: start network selection
10-01 15:48:01.044   999  1107 D WifiNetworkSelector: Current connected network: "fibra142" , ID: 0
10-01 15:48:01.044   999  1107 D WifiNetworkSelector: Current connected network already sufficient. Skip network selection.
10-01 15:48:01.578   999  1012 I ActivityManager: Killing 10925:com.android.chrome:sandboxed_process0/u0a104i225 (adj 906): empty #17
10-01 15:48:01.581   999  1021 W libprocessgroup: Failed to open process cgroup uid 99225 pid 10925: No such file or directory
10-01 15:48:01.581   999  1021 E libprocessgroup: Error encountered killing process cgroup uid 99225 pid 10925: No such file or directory
10-01 15:48:01.581 23314 23314 D BoundBrokerSvc: onUnbind: Intent { act=com.google.android.gms.mdns.service.START dat=chimera-action: cmp=com.google.android.gms/.chimera.PersistentApiService }
10-01 15:48:01.624   999 19237 W ActivityManager: Scheduling restart of crashed service com.android.chrome/org.chromium.content.app.SandboxedProcessService0 in 1000ms
10-01 15:48:01.625 10825 10887 W cr_ChildProcessConn: onServiceDisconnected (crash or killed by oom): pid=10925 bindings:W   
10-01 15:48:01.669   487   572 I BufferQueueProducer: [com.android.settings/com.android.settings.Settings$ConnectedDeviceDashboardActivity#0](this:0xacaa7000,id:418,api:1,p:11790,c:487) queueBuffer: fps=13.31 dur=1577.50 max=1220.47 min=6.77
10-01 15:48:01.677   487   487 I SurfaceFlinger: [Built-in Screen (type:0)] fps:19.973886,dur:2202.88,max:1217.88,min:13.77
10-01 15:48:01.707   999  1020 I ActivityManager: Start proc 12033:com.android.chrome:privileged_process1/u0a104 for service com.android.chrome/org.chromium.content.app.PrivilegedProcessService1
10-01 15:48:01.724 12033 12033 E ileged_process: Not starting debugger since process cannot load the jdwp agent.
10-01 15:48:01.732 12033 12033 W re-initialized>: type=1400 audit(0.0:214124): avc: denied { read } for name="u:object_r:mtk_amslog_prop:s0" dev="tmpfs" ino=12439 scontext=u:r:untrusted_app:s0:c104,c256,c512,c768 tcontext=u:object_r:mtk_amslog_prop:s0 tclass=file permissive=0
10-01 15:48:01.742 12033 12033 E libc    : Access denied finding property "persist.vendor.sys.activitylog"
10-01 15:48:01.779 12033 12033 W ileged_process: JIT profile information will not be recorded: profile file does not exits.
10-01 15:48:01.797 12033 12033 I cr_SplitCompatApp: Launched version=117.0.5938.61 minSdkVersion=1 isBundle=true processName=com.android.chrome:privileged_process1 isIsolated=false
10-01 15:48:01.826 12033 12033 I cr_ChildProcessService: Creating new ChildProcessService pid=12033
10-01 15:48:01.832   999 19237 I ActivityManager: Killing 11032:com.android.providers.calendar/u0a46 (adj 906): empty #17
10-01 15:48:01.834   999  1021 W libprocessgroup: kill(-11032, 9) failed: No such process
10-01 15:48:01.870   999  1021 W libprocessgroup: kill(-11032, 9) failed: No such process
10-01 15:48:01.871   999  1021 I libprocessgroup: Successfully killed process cgroup uid 10046 pid 11032 in 37ms
10-01 15:48:01.930 12033 12048 I cr_LibraryLoader: Successfully loaded native library
10-01 15:48:01.931 12033 12048 I cr_CachingUmaRecorder: Flushed 2 samples from 2 histograms, 0 samples were dropped.
10-01 15:48:01.983 12033 12048 I ConfigStore: android::hardware::configstore::V1_0::ISurfaceFlingerConfigs::hasWideColorDisplay retrieved: 0
10-01 15:48:01.984 12033 12048 I ConfigStore: android::hardware::configstore::V1_0::ISurfaceFlingerConfigs::hasHDRDisplay retrieved: 0
10-01 15:48:02.104 10825 10825 W chromium: [WARNING:gpu_process_host.cc(1012)] Reinitialized the GPU process after a crash. The reported initialization time was 160 ms
10-01 15:48:03.748   541   585 D AALLightSensor: newLux = 1988, [1776, 1781] -> 1988
10-01 15:48:03.961 11905 11945 I bt_btm_sec: btm_sec_disconnected clearing pending flag handle:51 reason:22
10-01 15:48:03.962 11905 11927 I btif_av : btif_av_acl_disconnected: Peer a8:e2:c1:a3:f3:8e : ACL Disconnected
10-01 15:48:03.962 11905 11945 I btif_av : BtifAvPeer *BtifAvSource::FindOrCreatePeer(const RawAddress &, tBTA_AV_HNDL): Create peer: peer_address=a8:e2:c1:a3:f3:8e bta_handle=0x41 peer_id=0
10-01 15:48:03.962 11905 11945 W bt_btif : btif_av_get_peer_sep: No active peer found
10-01 15:48:03.963 11905 11945 I bt_btif_a2dp: btif_a2dp_on_idle: ## ON A2DP IDLE ## peer_sep = 1
10-01 15:48:03.963 11905 11945 W bt_btif : btif_av_get_peer_sep: No active peer found
10-01 15:48:03.963 11905 11945 I bt_btif_a2dp_source: btif_a2dp_source_on_idle
10-01 15:48:03.963 11905 11945 W bt_btif : btif_av_get_peer_sep: No active peer found
10-01 15:48:03.963 11905 11945 I bt_btif_a2dp: btif_a2dp_on_idle: ## ON A2DP IDLE ## peer_sep = 1
10-01 15:48:03.963 11905 11945 W bt_btif : btif_av_get_peer_sep: No active peer found
10-01 15:48:03.963 11905 11945 I bt_btif_a2dp_source: btif_a2dp_source_on_idle
10-01 15:48:03.963 11905 11945 I btif_av : DeleteIdlePeers: Deleting idle peer: a8:e2:c1:a3:f3:8e bta_handle=0x41
10-01 15:48:03.973 11905 11905 D BluetoothMapService: onReceive
10-01 15:48:03.973 11905 11905 D BluetoothMapService: onReceive: android.bluetooth.device.action.ACL_DISCONNECTED
10-01 15:48:03.978   999  1018 I ActivityManager: Killing 11184:com.android.keychain/1000 (adj 906): empty #17
10-01 15:48:03.981   999  1021 W libprocessgroup: kill(-11184, 9) failed: No such process
10-01 15:48:04.005 23314 12014 I Nearby  : (REDACTED) is blocked device type %s, isAuto=%s, isIot=%s, isLatchsky=%s, isChinaWearable=%s, isTv=%s, isWearable=%s (supportWearOs=%s), isChromeOsDevice=%s (supportChromeOs=%s)
10-01 15:48:04.008   999  1095 I PowerWrap: PowerHal_TouchBoost
10-01 15:48:04.015   999  1107 E WifiVendorHal: getWifiLinkLayerStats(l.937) failed {.code = ERROR_NOT_SUPPORTED, .description = }
10-01 15:48:04.020  4933  5421 I bdoy    : (REDACTED) bluetoothConnectionStateChanged. Action: %s
10-01 15:48:04.020   999  1021 W libprocessgroup: kill(-11184, 9) failed: No such process
10-01 15:48:04.020   999  1021 I libprocessgroup: Successfully killed process cgroup uid 1000 pid 11184 in 39ms
10-01 15:48:04.022  4933  4978 I bdoy    : (REDACTED) Failed to get bistoDeviceInfo %s
10-01 15:48:04.025 23314 23314 I NearbyDiscovery: (REDACTED) onAclChange: state=%s, device=%s
10-01 15:48:04.040  4933  4978 I atmd    : Is not a headset device
10-01 15:48:04.041  4933  4978 I bdoy    : (REDACTED) Not a bisto device: %s
10-01 15:48:04.042   487   572 I BufferQueueProducer: [NavigationBar#0](this:0xaa50b000,id:124,api:1,p:1160,c:487) queueBuffer: fps=1.10 dur=4541.46 max=4472.96 min=15.89
10-01 15:48:04.045   487   487 I SurfaceFlinger: [Built-in Screen (type:0)] fps:7.600953,dur:2368.12,max:2085.15,min:15.84
10-01 15:48:04.141   999  1095 I PowerWrap: PowerHal_TouchBoost
10-01 15:48:04.150  1160  1160 V StatusBar: mStatusBarWindow: com.android.systemui.statusbar.phone.StatusBarWindowView{67a78d4 V.ED..... ........ 0,0-720,53} canPanelBeCollapsed(): false
10-01 15:48:04.151  1160  1160 I vol.Events: writeEvent dismiss_dialog volume_controller
10-01 15:48:04.170 17828 17828 D LauncherAppWidgetHost: setResumed for state id: 2
10-01 15:48:04.171 17828 17828 D LauncherAppWidgetHost: setResumed :false, mFlags:0
10-01 15:48:04.183   999 19237 I ActivityManager: START u0 {act=android.intent.action.MAIN cat=[android.intent.category.HOME] flg=0x10000000 cmp=com.motorola.launcher3/com.android.launcher3.CustomizationPanelLauncher (has extras)} from uid 10054
10-01 15:48:04.184   475   526 I vendor.mediatek.hardware.power@2.0-impl: powerHintAsync hint:8, data:1
10-01 15:48:04.185   475   525 I libPowerHal: 8: cpu_ctrl set freq: 2001000 -1 1500000 -1
10-01 15:48:04.189   999 19237 I PowerWrap: PowerHal_Wrap_mtkPowerHint
10-01 15:48:04.189   999 19237 I PowerWrap: PowerHal_Wrap_mtkPowerHint
10-01 15:48:04.190   999 19237 V WindowManager: Set focused app to: AppWindowToken{8d9b8f0 token=Token{c91ed33 ActivityRecord{aa30ca2 u0 com.motorola.launcher3/com.android.launcher3.CustomizationPanelLauncher t2}}} old focus=AppWindowToken{1e985e8 token=Token{2d730b ActivityRecord{3f422da u0 com.android.settings/.Settings$ConnectedDeviceDashboardActivity t183}}} moveFocusNow=true
10-01 15:48:04.190   999 19237 V WindowManager: findFocusedWindow: Reached focused app=AppWindowToken{8d9b8f0 token=Token{c91ed33 ActivityRecord{aa30ca2 u0 com.motorola.launcher3/com.android.launcher3.CustomizationPanelLauncher t2}}}
10-01 15:48:04.191   999 19237 V WindowManager: Changing focus from Window{349da51 u0 com.android.settings/com.android.settings.Settings$ConnectedDeviceDashboardActivity} to null Callers=com.android.server.wm.WindowManagerService.setFocusedApp:2651 com.android.server.am.ActivityManagerService.setResumedActivityUncheckLocked:3631 com.android.server.am.ActivityStack.onActivityStateChanged:498 com.android.server.am.TaskRecord.onActivityStateChanged:1794 
10-01 15:48:04.191   999 19237 D WindowManager: Input focus has changed to null
10-01 15:48:04.192   475   526 I vendor.mediatek.hardware.power@2.0-impl: notifyAppState pack:com.motorola.launcher3, act:com.android.launcher3.CustomizationPanelLauncher, pid:17828, state:1
10-01 15:48:04.192   475   525 I libPowerHal: [perfNotifyAppState] foreground:com.motorola.launcher3, pid:17828
