10-01 15:42:55.034   999 21797 V WindowManager: Changing focus from Window{5b3adc7 u0 com.android.vending/com.android.vending.AssetBrowserActivity} to null Callers=com.android.server.wm.WindowManagerService.setFocusedApp:2651 com.android.server.am.ActivityManagerService.setResumedActivityUncheckLocked:3631 com.android.server.am.ActivityStack.onActivityStateChanged:498 com.android.server.am.TaskRecord.onActivityStateChanged:1794 
10-01 15:42:55.034   999 21797 D WindowManager: Input focus has changed to null
10-01 15:42:55.035   999  1026 I WindowManager: Focus moving from Window{5b3adc7 u0 com.android.vending/com.android.vending.AssetBrowserActivity} to null
10-01 15:42:55.102 11252 11252 W ActivityThread: Application com.embarcadero.mp5 can be debugged on port 8100...
10-01 15:42:55.713   999   999 V AlarmManager: Past alarm, need to trigger immediatly (min_futurity)
10-01 15:42:55.784   999 17777 V SettingsProvider: packageValueForCallResult, name = enable_gpu_debug_layers, value : Bundle[{_track_generation=android.util.MemoryIntArray@69, value=0, _generation_index=0, _generation=89}]
10-01 15:42:56.365   559   603 E storaged: getDiskStats failed with result NOT_SUPPORTED and size 0
10-01 15:42:56.644   999  1103 I NetworkStatsRecorder: recordSnapshotLocked: ident[[{type=WIFI, subType=COMBINED, networkId="fibra142", metered=false, defaultNetwork=true}]]
10-01 15:42:56.644   999  1103 W NetworkStatsRecorder: unknown interfaces [lo], ignoring those stats
10-01 15:42:56.644   999  1103 I NetworkStatsRecorder: recordSnapshotLocked: ident[[{type=WIFI, subType=COMBINED, networkId="fibra142", metered=false, defaultNetwork=true}]]
10-01 15:42:56.644   999  1103 W NetworkStatsRecorder: unknown interfaces [lo], ignoring those stats
10-01 15:42:56.645   999  1103 I NetworkStatsRecorder: recordSnapshotLocked: ident[[{type=WIFI, subType=COMBINED, networkId="fibra142", metered=false, defaultNetwork=true}]]
10-01 15:42:56.645   999  1103 I chatty  : uid=1000(system) NetworkStats identical 1 line
10-01 15:42:56.645   999  1103 I NetworkStatsRecorder: recordSnapshotLocked: ident[[{type=WIFI, subType=COMBINED, networkId="fibra142", metered=false, defaultNetwork=true}]]
10-01 15:42:56.645   999  1103 W NetworkStatsRecorder: unknown interfaces [lo], ignoring those stats
10-01 15:42:56.646   999  1103 W NetworkStatsRecorder: unknown interfaces [lo], ignoring those stats
10-01 15:42:56.646   999  1103 D NetworkStatsRecorder: forcePersistLocked() writing for dev
10-01 15:42:56.652   999  1103 D NetworkStatsRecorder: forcePersistLocked() writing for xt
10-01 15:42:57.244   999  1103 I NetworkStatsRecorder: recordSnapshotLocked: ident[[{type=WIFI, subType=COMBINED, networkId="fibra142", metered=false, defaultNetwork=true}]]
10-01 15:42:57.244   999  1103 W NetworkStatsRecorder: unknown interfaces [lo], ignoring those stats
10-01 15:42:57.244   999  1103 I NetworkStatsRecorder: recordSnapshotLocked: ident[[{type=WIFI, subType=COMBINED, networkId="fibra142", metered=false, defaultNetwork=true}]]
10-01 15:42:57.244   999  1103 W NetworkStatsRecorder: unknown interfaces [lo], ignoring those stats
10-01 15:42:57.245   999  1103 I NetworkStatsRecorder: recordSnapshotLocked: ident[[{type=WIFI, subType=COMBINED, networkId="fibra142", metered=false, defaultNetwork=true}]]
10-01 15:42:57.245   999  1103 W NetworkStatsRecorder: unknown interfaces [lo], ignoring those stats
10-01 15:42:57.245   999  1103 W NetworkStatsRecorder: unknown interfaces [lo], ignoring those stats
10-01 15:42:57.245   999  1103 D NetworkStatsRecorder: forcePersistLocked() writing for dev
10-01 15:42:57.251   999  1103 D NetworkStatsRecorder: forcePersistLocked() writing for xt
10-01 15:42:57.350   999 17699 V BackupManagerConstants: getFullBackupRequiredNetworkType(...) returns 2
10-01 15:42:57.351   999 17699 V BackupManagerConstants: getFullBackupRequireCharging(...) returns true
10-01 15:42:57.681   999   999 V AlarmManager: Past alarm, need to trigger immediatly (min_futurity)
10-01 15:42:58.395   999  1103 I NetworkStatsRecorder: recordSnapshotLocked: ident[[{type=WIFI, subType=COMBINED, networkId="fibra142", metered=false, defaultNetwork=true}]]
10-01 15:42:58.395   999  1103 W NetworkStatsRecorder: unknown interfaces [lo], ignoring those stats
10-01 15:42:58.395   999  1103 I NetworkStatsRecorder: recordSnapshotLocked: ident[[{type=WIFI, subType=COMBINED, networkId="fibra142", metered=false, defaultNetwork=true}]]
10-01 15:42:58.395   999  1103 W NetworkStatsRecorder: unknown interfaces [lo], ignoring those stats
10-01 15:42:58.396   999  1103 I NetworkStatsRecorder: recordSnapshotLocked: ident[[{type=WIFI, subType=COMBINED, networkId="fibra142", metered=false, defaultNetwork=true}]]
10-01 15:42:58.396   999  1103 W NetworkStatsRecorder: unknown interfaces [lo], ignoring those stats
10-01 15:42:58.396   999  1103 W NetworkStatsRecorder: unknown interfaces [lo], ignoring those stats
10-01 15:42:58.396   999  1103 D NetworkStatsRecorder: forcePersistLocked() writing for dev
10-01 15:42:58.402   999  1103 D NetworkStatsRecorder: forcePersistLocked() writing for xt
10-01 15:42:58.502   999   999 V AlarmManager: Past alarm, need to trigger immediatly (min_futurity)
10-01 15:42:59.694   999   999 I chatty  : uid=1000 system_server identical 3 lines
10-01 15:42:59.711   999   999 V AlarmManager: Past alarm, need to trigger immediatly (min_futurity)
10-01 15:42:59.889   999 17814 V AlarmManager: Past alarm, need to trigger immediatly (min_futurity)
10-01 15:43:00.363   999  1032 W PackageParser: Ignoring duplicate uses-permissions/uses-permissions-sdk-m: android.permission.BLUETOOTH in package: com.pinpag.Pinpag at: Binary XML file line #33
10-01 15:43:00.365   999  1032 W PackageParser: Ignoring duplicate uses-permissions/uses-permissions-sdk-m: android.permission.BLUETOOTH_ADMIN in package: com.pinpag.Pinpag at: Binary XML file line #34
10-01 15:43:00.365   999  1032 W PackageParser: Ignoring duplicate uses-permissions/uses-permissions-sdk-m: android.permission.BLUETOOTH_ADVERTISE in package: com.pinpag.Pinpag at: Binary XML file line #36
10-01 15:43:00.366   999  1032 W PackageParser: Ignoring duplicate uses-permissions/uses-permissions-sdk-m: android.permission.BLUETOOTH_CONNECT in package: com.pinpag.Pinpag at: Binary XML file line #37
10-01 15:43:00.584   999 19237 V AlarmManager: Past alarm, need to trigger immediatly (min_futurity)
10-01 15:43:02.444   999 21797 I ActivityManager: START u0 {act=android.content.pm.action.REQUEST_PERMISSIONS pkg=com.google.android.packageinstaller cmp=com.google.android.packageinstaller/com.android.packageinstaller.permission.ui.GrantPermissionsActivity (has extras)} from uid 10166
10-01 15:43:02.478   999 21797 E WindowManager: App trying to use insecure INPUT_FEATURE_NO_INPUT_CHANNEL flag. Ignoring
10-01 15:43:02.490   999 17814 V WindowManager: Set focused app to: AppWindowToken{e3a09d token=Token{22b2374 ActivityRecord{7dc1f47 u0 com.google.android.packageinstaller/com.android.packageinstaller.permission.ui.GrantPermissionsActivity t180}}} old focus=AppWindowToken{2707faf token=Token{f86ab8e ActivityRecord{f1aaa90 u0 com.embarcadero.mp5/com.embarcadero.firemonkey.FMXNativeActivity t180}}} moveFocusNow=true
10-01 15:43:02.523   999 21797 I WindowManager: Relayout Window{bdea999 u0 com.embarcadero.mp5/com.embarcadero.firemonkey.FMXNativeActivity}: oldVis=4 newVis=0 focusMayChange = true
10-01 15:43:02.527   999 21797 V WindowManager: findFocusedWindow: Reached focused app=AppWindowToken{e3a09d token=Token{22b2374 ActivityRecord{7dc1f47 u0 com.google.android.packageinstaller/com.android.packageinstaller.permission.ui.GrantPermissionsActivity t180}}}
10-01 15:43:02.622   999 17814 V WindowManager: transferStartingWindow, fromToken already add a starting window.
10-01 15:43:02.622   999 17814 V WindowManager: Set focused app to: AppWindowToken{2707faf token=Token{f86ab8e ActivityRecord{f1aaa90 u0 com.embarcadero.mp5/com.embarcadero.firemonkey.FMXNativeActivity t180}}} old focus=AppWindowToken{e3a09d token=Token{22b2374 ActivityRecord{7dc1f47 u0 com.google.android.packageinstaller/com.android.packageinstaller.permission.ui.GrantPermissionsActivity t180}}} moveFocusNow=true
10-01 15:43:02.632   999 17814 V WindowManager: Changing focus from null to Window{bdea999 u0 com.embarcadero.mp5/com.embarcadero.firemonkey.FMXNativeActivity} Callers=com.android.server.wm.WindowManagerService.setFocusedApp:2651 com.android.server.am.ActivityManagerService.setResumedActivityUncheckLocked:3631 com.android.server.am.ActivityStack.onActivityStateChanged:498 com.android.server.am.TaskRecord.onActivityStateChanged:1794 
10-01 15:43:02.632   999 17814 D WindowManager: Input focus has changed to Window{bdea999 u0 com.embarcadero.mp5/com.embarcadero.firemonkey.FMXNativeActivity}
10-01 15:43:02.634   999 17814 V WindowManager: transferStartingWindow, fromToken already add a starting window.
10-01 15:43:02.635   999  1026 I WindowManager: Focus moving from null to Window{bdea999 u0 com.embarcadero.mp5/com.embarcadero.firemonkey.FMXNativeActivity}
10-01 15:43:03.244   999 17814 E WindowManager: App trying to use insecure INPUT_FEATURE_NO_INPUT_CHANNEL flag. Ignoring
10-01 15:43:04.280   999  1032 V BackupManagerService: restoreAtInstall pkg=com.pinpag.Pinpag token=2d restoreSet=322dcc0c34e79628
10-01 15:43:04.281   999 17699 D BackupManagerService: MSG_RUN_RESTORE observer=null
10-01 15:43:04.289   999 17699 D BackupManagerService: Starting restore.
10-01 15:43:04.296   999  1032 W PackageManager: Empty queue
10-01 15:43:04.320   999   999 I TransportClient: BackupTransportService#299: Notifying [PerformUnifiedRestoreTask.startRestore()] transport = IBackupTransport
10-01 15:43:04.333   999 21797 D BackupTransportManager: Transport com.google.android.gms/.backup.BackupTransportService updated its attributes
10-01 15:43:05.334   999 17699 D BackupManagerService: initiateOneRestore packageName=@pm@
10-01 15:43:05.387   999  1018 W BroadcastQueue: Background execution not allowed: receiving Intent { act=android.intent.action.DROPBOX_ENTRY_ADDED flg=0x10 (has extras) } to com.google.android.gms/.stats.service.DropBoxEntryAddedReceiver
10-01 15:43:05.389   999  1018 W BroadcastQueue: Background execution not allowed: receiving Intent { act=android.intent.action.DROPBOX_ENTRY_ADDED flg=0x10 (has extras) } to com.google.android.gms/.chimera.GmsIntentOperationService$PersistentTrustedReceiver
10-01 15:43:06.132   999 18624 D MtkConnectivityService: requestNetwork for uid/pid:10073/10465 NetworkRequest [ TRACK_DEFAULT id=3183, [ Capabilities: INTERNET&NOT_RESTRICTED&TRUSTED Unwanted:  Uid: 10073] ]
10-01 15:43:06.185   999 18624 V AlarmManager: Past alarm, need to trigger immediatly (min_futurity)
10-01 15:43:06.189   999 18624 V AlarmManager: Past alarm, need to trigger immediatly (min_futurity)
10-01 15:43:06.201   999  1110 D MtkConnectivityService: releasing NetworkRequest [ TRACK_DEFAULT id=3183, [ Capabilities: INTERNET&NOT_RESTRICTED&TRUSTED Unwanted:  Uid: 10073] ] (release request)
10-01 15:43:06.292   999 18624 D MtkConnectivityService: requestNetwork for uid/pid:10073/10465 NetworkRequest [ TRACK_DEFAULT id=3184, [ Capabilities: INTERNET&NOT_RESTRICTED&TRUSTED Unwanted:  Uid: 10073] ]
10-01 15:43:06.318   999  1110 D MtkConnectivityService: releasing NetworkRequest [ TRACK_DEFAULT id=3184, [ Capabilities: INTERNET&NOT_RESTRICTED&TRUSTED Unwanted:  Uid: 10073] ] (release request)
10-01 15:43:07.083   999 18624 V AlarmManager: Past alarm, need to trigger immediatly (min_futurity)
10-01 15:43:07.140   999 17699 V BackupAgentTimeout: getRestoreAgentTimeoutMillis(): 60000
10-01 15:43:07.191   999 17699 I BackupManagerService: Next restore package: RestoreDescription{com.pinpag.Pinpag : STREAM}
10-01 15:43:07.192   999 17699 W BackupManagerService: Package com.pinpag.Pinpag: Source version 113 > installed version 110
10-01 15:43:07.193   999 17699 V BackupManagerService: No more packages; finishing restore
10-01 15:43:07.204   999 17699 I BackupRestoreController: restoreFinished for 0
10-01 15:43:07.204   999 17699 I BackupManagerService: Restore complete.
10-01 15:43:07.352   999 19237 W BroadcastQueue: Background execution not allowed: receiving Intent { act=android.intent.action.PACKAGE_ADDED dat=package:com.pinpag.Pinpag flg=0x4000010 (has extras) } to com.apkpure.aegon/.app.event.SystemPackageEvent$Receiver
10-01 15:43:07.354   999  1018 W BroadcastQueue: Background execution not allowed: receiving Intent { act=android.intent.action.PACKAGE_ADDED dat=package:com.pinpag.Pinpag flg=0x4000010 (has extras) } to com.android.musicfx/.Compatibility$Receiver
10-01 15:43:07.354   999  1018 W BroadcastQueue: Background execution not allowed: receiving Intent { act=android.intent.action.PACKAGE_ADDED dat=package:com.pinpag.Pinpag flg=0x4000010 (has extras) } to com.android.vending/com.google.android.finsky.packagemonitor.impl.PackageMonitorReceiverImpl$RegisteredReceiver
10-01 15:43:07.354   999  1018 W BroadcastQueue: Background execution not allowed: receiving Intent { act=android.intent.action.PACKAGE_ADDED dat=package:com.pinpag.Pinpag flg=0x4000010 (has extras) } to com.android.vending/com.google.android.finsky.packagemonitor.backgroundimpl.BackgroundPackageMonitorReceiverImpl$RegisteredReceiver
10-01 15:43:07.354   999  1018 W BroadcastQueue: Background execution not allowed: receiving Intent { act=android.intent.action.PACKAGE_ADDED dat=package:com.pinpag.Pinpag flg=0x4000010 (has extras) } to com.facebook.appmanager/com.facebook.oxygen.common.packages.event.manifest.ManifestPackageEventReceiver
10-01 15:43:07.354   999  1018 W BroadcastQueue: Background execution not allowed: receiving Intent { act=android.intent.action.PACKAGE_ADDED dat=package:com.pinpag.Pinpag flg=0x4000010 (has extras) } to com.google.android.gms/.games.chimera.GamesSystemBroadcastReceiverProxy
10-01 15:43:07.354   999  1018 W BroadcastQueue: Background execution not allowed: receiving Intent { act=android.intent.action.PACKAGE_ADDED dat=package:com.pinpag.Pinpag flg=0x4000010 (has extras) } to com.google.android.gms/.gass.chimera.PackageChangeBroadcastReceiver
10-01 15:43:07.355   999  1018 W BroadcastQueue: Background execution not allowed: receiving Intent { act=android.intent.action.PACKAGE_ADDED dat=package:com.pinpag.Pinpag flg=0x4000010 (has extras) } to com.google.android.gms/.chimera.GmsIntentOperationService$PersistentTrustedReceiver
10-01 15:43:07.355   999  1018 W BroadcastQueue: Background execution not allowed: receiving Intent { act=android.intent.action.PACKAGE_ADDED dat=package:com.pinpag.Pinpag flg=0x4000010 (has extras) } to com.google.android.ims/.receivers.RcsAutoStartReceiver
10-01 15:43:07.355   999  1018 W BroadcastQueue: Background execution not allowed: receiving Intent { act=android.intent.action.PACKAGE_ADDED dat=package:com.pinpag.Pinpag flg=0x4000010 (has extras) } to com.apkpure.aegon/san.c.removeDownloadListener
10-01 15:43:07.852   999 17814 V AlarmManager: Past alarm, need to trigger immediatly (min_futurity)
10-01 15:43:07.929   999 21797 V AlarmManager: Past alarm, need to trigger immediatly (min_futurity)
10-01 15:43:08.049   999   999 W Looper  : Slow dispatch took 817ms main h=android.app.ActivityThread$H c=android.app.-$$Lambda$LoadedApk$ReceiverDispatcher$Args$_BumDX2UKsnxLVrE6UJsJZkotuA@5240a71 m=0
10-01 15:43:08.050   999   999 W Looper  : Slow delivery took 825ms main h=android.app.ActivityThread$H c=android.app.-$$Lambda$LoadedApk$ReceiverDispatcher$Args$_BumDX2UKsnxLVrE6UJsJZkotuA@641dbe2 m=0
10-01 15:43:08.066   999  1020 I ActivityManager: Start proc 11355:com.google.android.apps.photos/u0a94 for service com.google.android.apps.photos/.backup.apiservice.PhotosBackupApiService
10-01 15:43:08.343   999   999 W Looper  : Slow dispatch took 291ms main h=android.app.ActivityThread$H c=android.app.-$$Lambda$LoadedApk$ReceiverDispatcher$Args$_BumDX2UKsnxLVrE6UJsJZkotuA@e4be346 m=0
10-01 15:43:08.365   999   999 I Telecom : DefaultDialerCache: Refreshing default dialer for user 0: now com.google.android.dialer: DDC.oR@Awg
10-01 15:43:08.384   999   999 V BackupManagerConstants: getFullBackupIntervalMilliseconds(...) returns 86400000
10-01 15:43:08.405   999   999 W Looper  : Drained
10-01 15:43:08.809   999 21797 V AlarmManager: Past alarm, need to trigger immediatly (min_futurity)
10-01 15:43:08.813   999 21797 V AlarmManager: Past alarm, need to trigger immediatly (min_futurity)
10-01 15:43:08.828   999 18624 V SettingsProvider: packageValueForCallResult, name = sqlite_compatibility_wal_flags, value : Bundle[{_track_generation=android.util.MemoryIntArray@69, value=, _generation_index=0, _generation=89}]
10-01 15:43:08.830   999 18624 D MtkConnectivityService: requestNetwork for uid/pid:10094/11355 NetworkRequest [ TRACK_DEFAULT id=3185, [ Capabilities: INTERNET&NOT_RESTRICTED&TRUSTED Unwanted:  Uid: 10094] ]
10-01 15:43:08.832   999 18624 D MtkConnectivityService: requestNetwork for uid/pid:10101/10496 NetworkRequest [ TRACK_DEFAULT id=3186, [ Capabilities: INTERNET&NOT_RESTRICTED&TRUSTED Unwanted:  Uid: 10101] ]
10-01 15:43:09.320   999  1110 D MtkConnectivityService: releasing NetworkRequest [ TRACK_DEFAULT id=3186, [ Capabilities: INTERNET&NOT_RESTRICTED&TRUSTED Unwanted:  Uid: 10101] ] (release request)
10-01 15:43:10.340   999 18624 I ActivityManager: Killing 10226:com.google.android.videos/u0a81 (adj 906): empty #17
10-01 15:43:10.464   999 17826 V AlarmManager: Past alarm, need to trigger immediatly (min_futurity)
10-01 15:43:10.921   999 17699 V BackupManagerConstants: getFullBackupRequiredNetworkType(...) returns 2
10-01 15:43:10.921   999 17699 V BackupManagerConstants: getFullBackupRequireCharging(...) returns true
10-01 15:43:13.319   999 17814 V AlarmManager: Past alarm, need to trigger immediatly (min_futurity)
10-01 15:43:14.332   999 17814 I chatty  : uid=1000(system) Binder:999_B identical 1 line
10-01 15:43:14.652   999 17814 V AlarmManager: Past alarm, need to trigger immediatly (min_futurity)
10-01 15:43:17.783   999 21797 I ActivityManager: Killing 10302:com.google.android.apps.magazines/u0a120 (adj 906): empty #17
10-01 15:43:17.841   999  1229 D MtkConnectivityService: ConnectivityService NetworkRequestInfo binderDied(NetworkRequest [ LISTEN id=3168, [ Capabilities: INTERNET&NOT_RESTRICTED&TRUSTED&FOREGROUND Unwanted:  Uid: 10120] ], android.os.BinderProxy@9d97354)
10-01 15:43:17.841   999 21797 D MtkConnectivityService: ConnectivityService NetworkRequestInfo binderDied(NetworkRequest [ TRACK_DEFAULT id=3167, [ Capabilities: INTERNET&NOT_RESTRICTED&TRUSTED Unwanted:  Uid: 10120] ], android.os.BinderProxy@bd442a7)
10-01 15:43:17.842   999  1229 D MtkConnectivityService: ConnectivityService NetworkRequestInfo binderDied(NetworkRequest [ TRACK_DEFAULT id=3166, [ Capabilities: INTERNET&NOT_RESTRICTED&TRUSTED Unwanted:  Uid: 10120] ], android.os.BinderProxy@9b1e2fd)
10-01 15:43:17.843   999  1110 D MtkConnectivityService: releasing NetworkRequest [ TRACK_DEFAULT id=3166, [ Capabilities: INTERNET&NOT_RESTRICTED&TRUSTED Unwanted:  Uid: 10120] ] (release request)
10-01 15:43:17.854   999  1110 D MtkConnectivityService: releasing NetworkRequest [ TRACK_DEFAULT id=3167, [ Capabilities: INTERNET&NOT_RESTRICTED&TRUSTED Unwanted:  Uid: 10120] ] (release request)
10-01 15:43:23.434   999   999 W Looper  : Slow delivery took 2102ms main h=android.view.GestureDetector$GestureHandler c=null m=1
10-01 15:43:30.798   999 18611 I ActivityManager: Killing 10168:com.google.android.apps.wellbeing/u0a52 (adj 906): empty #17
10-01 15:43:30.800   999 18611 I ActivityManager: Killing 10345:com.google.android.gms.unstable/u0a10 (adj 906): empty #18
10-01 15:43:30.839   999   999 W Looper  : Drained
10-01 15:43:39.790   999 21275 I ActivityManager: START u0 {act=android.intent.action.MAIN cat=[android.intent.category.HOME] flg=0x10000000 cmp=com.motorola.launcher3/com.android.launcher3.CustomizationPanelLauncher (has extras)} from uid 10054
10-01 15:43:39.825   999 21275 V WindowManager: Set focused app to: AppWindowToken{8d9b8f0 token=Token{c91ed33 ActivityRecord{aa30ca2 u0 com.motorola.launcher3/com.android.launcher3.CustomizationPanelLauncher t2}}} old focus=AppWindowToken{2707faf token=Token{f86ab8e ActivityRecord{f1aaa90 u0 com.embarcadero.mp5/com.embarcadero.firemonkey.FMXNativeActivity t180}}} moveFocusNow=true
10-01 15:43:39.825   999 21275 V WindowManager: findFocusedWindow: Reached focused app=AppWindowToken{8d9b8f0 token=Token{c91ed33 ActivityRecord{aa30ca2 u0 com.motorola.launcher3/com.android.launcher3.CustomizationPanelLauncher t2}}}
10-01 15:43:39.829   999 21275 V WindowManager: Changing focus from Window{bdea999 u0 com.embarcadero.mp5/com.embarcadero.firemonkey.FMXNativeActivity} to null Callers=com.android.server.wm.WindowManagerService.setFocusedApp:2651 com.android.server.am.ActivityManagerService.setResumedActivityUncheckLocked:3631 com.android.server.am.ActivityStack.onActivityStateChanged:498 com.android.server.am.TaskRecord.onActivityStateChanged:1794 
10-01 15:43:39.830   999 21275 D WindowManager: Input focus has changed to null
10-01 15:43:39.832   999  1026 I WindowManager: Focus moving from Window{bdea999 u0 com.embarcadero.mp5/com.embarcadero.firemonkey.FMXNativeActivity} to null
10-01 15:43:39.844   999 21275 I WindowManager: Relayout Window{b2272db u0 com.motorola.launcher3/com.android.launcher3.CustomizationPanelLauncher}: oldVis=8 newVis=0 focusMayChange = true
10-01 15:43:39.909   999 21275 I WindowManager: Relayout Window{45fd373 u0 com.motorola.launcher3/com.android.launcher3.CustomizationPanelLauncher}: oldVis=8 newVis=0 focusMayChange = true
10-01 15:43:39.917   999  1018 V ActivityManager: Attempted to start a foreground service (ComponentInfo{com.motorola.timeweatherwidget/com.motorola.commandcenter.weather.WakeUpService}) with a broken notification (no icon: Notification(channel=Wakeup pri=0 contentView=null vibrate=null sound=null defaults=0x0 flags=0x50 color=0x00000000 vis=PRIVATE))
10-01 15:43:39.931   999 21275 V WindowManager: Changing focus from null to Window{45fd373 u0 com.motorola.launcher3/com.android.launcher3.CustomizationPanelLauncher} Callers=com.android.server.wm.WindowManagerService.relayoutWindow:2155 com.android.server.wm.Session.relayout:244 android.view.IWindowSession$Stub.onTransact:309 com.android.server.wm.Session.onTransact:164 
10-01 15:43:39.932   999 21275 D WindowManager: Input focus has changed to Window{45fd373 u0 com.motorola.launcher3/com.android.launcher3.CustomizationPanelLauncher}
10-01 15:43:39.939   999  1026 I WindowManager: Focus moving from null to Window{45fd373 u0 com.motorola.launcher3/com.android.launcher3.CustomizationPanelLauncher}
10-01 15:43:41.348   999 18192 I ActivityManager: Killing 11252:com.embarcadero.mp5/u0a166 (adj 900): remove task
10-01 15:43:41.393   999 18192 I WindowManager: WIN DEATH: Window{bdea999 u0 com.embarcadero.mp5/com.embarcadero.firemonkey.FMXNativeActivity}
10-01 15:43:41.429   999  1026 W ActivityManager: setHasOverlayUi called on unknown pid: 11252
10-01 15:43:42.343   999  1070 I WindowManager: Relayout Window{892d6fa u0 SnapshotStartingWindow for taskId=178}: oldVis=8 newVis=0 focusMayChange = true
10-01 15:43:42.349   999 17688 V WindowManager: Set focused app to: AppWindowToken{ab3fbd0 token=Token{6f1ef93 ActivityRecord{c121c82 u0 com.android.vending/.AssetBrowserActivity t178}}} old focus=AppWindowToken{8d9b8f0 token=Token{c91ed33 ActivityRecord{aa30ca2 u0 com.motorola.launcher3/com.android.launcher3.CustomizationPanelLauncher t2}}} moveFocusNow=true
10-01 15:43:42.351   999 17688 V WindowManager: findFocusedWindow: Reached focused app=AppWindowToken{ab3fbd0 token=Token{6f1ef93 ActivityRecord{c121c82 u0 com.android.vending/.AssetBrowserActivity t178}}}
10-01 15:43:42.352   999 17688 V WindowManager: Changing focus from Window{45fd373 u0 com.motorola.launcher3/com.android.launcher3.CustomizationPanelLauncher} to null Callers=com.android.server.wm.WindowManagerService.setFocusedApp:2651 com.android.server.am.ActivityManagerService.setResumedActivityUncheckLocked:3631 com.android.server.am.ActivityStack.onActivityStateChanged:498 com.android.server.am.TaskRecord.onActivityStateChanged:1794 
10-01 15:43:42.352   999 17688 D WindowManager: Input focus has changed to null
10-01 15:43:42.354   999  1026 I WindowManager: Focus moving from Window{45fd373 u0 com.motorola.launcher3/com.android.launcher3.CustomizationPanelLauncher} to null
10-01 15:43:42.534   999 17688 V AlarmManager: Past alarm, need to trigger immediatly (min_futurity)
10-01 15:43:42.538   999 17688 V AlarmManager: Past alarm, need to trigger immediatly (min_futurity)
10-01 15:43:42.542   999 17688 I WindowManager: Relayout Window{5b3adc7 u0 com.android.vending/com.android.vending.AssetBrowserActivity}: oldVis=4 newVis=0 focusMayChange = true
10-01 15:43:42.546   999 17688 V WindowManager: Changing focus from null to Window{5b3adc7 u0 com.android.vending/com.android.vending.AssetBrowserActivity} Callers=com.android.server.wm.WindowManagerService.relayoutWindow:2155 com.android.server.wm.Session.relayout:244 android.view.IWindowSession$Stub.onTransact:309 com.android.server.wm.Session.onTransact:164 
10-01 15:43:42.547   999 17688 D WindowManager: Input focus has changed to Window{5b3adc7 u0 com.android.vending/com.android.vending.AssetBrowserActivity}
10-01 15:43:42.547   999  1026 I WindowManager: Focus moving from null to Window{5b3adc7 u0 com.android.vending/com.android.vending.AssetBrowserActivity}
10-01 15:43:44.585   999 18192 I ActivityManager: START u0 {act=android.intent.action.MAIN cat=[android.intent.category.LAUNCHER] flg=0x10000000 pkg=com.pinpag.Pinpag cmp=com.pinpag.Pinpag/com.embarcadero.firemonkey.FMXNativeActivity} from uid 10063
10-01 15:43:44.671   999  1020 I ActivityManager: Start proc 11428:com.pinpag.Pinpag/u0a167 for activity com.pinpag.Pinpag/com.embarcadero.firemonkey.FMXNativeActivity
10-01 15:43:44.750   999 18192 V WindowManager: Set focused app to: AppWindowToken{c818f76 token=Token{a8c9211 ActivityRecord{c4be238 u0 com.pinpag.Pinpag/com.embarcadero.firemonkey.FMXNativeActivity t181}}} old focus=AppWindowToken{ab3fbd0 token=Token{6f1ef93 ActivityRecord{c121c82 u0 com.android.vending/.AssetBrowserActivity t178}}} moveFocusNow=true
10-01 15:43:44.752   999 18192 V WindowManager: Changing focus from Window{5b3adc7 u0 com.android.vending/com.android.vending.AssetBrowserActivity} to null Callers=com.android.server.wm.WindowManagerService.setFocusedApp:2651 com.android.server.am.ActivityManagerService.setResumedActivityUncheckLocked:3631 com.android.server.am.ActivityStack.onActivityStateChanged:498 com.android.server.am.TaskRecord.onActivityStateChanged:1794 
10-01 15:43:44.752   999 18192 D WindowManager: Input focus has changed to null
10-01 15:43:44.783   999  1026 I WindowManager: Focus moving from Window{5b3adc7 u0 com.android.vending/com.android.vending.AssetBrowserActivity} to null
10-01 15:43:44.861   999 18192 V SettingsProvider: packageValueForCallResult, name = force_resizable_activities, value : Bundle[{_track_generation=android.util.MemoryIntArray@69, value=0, _generation_index=0, _generation=89}]
10-01 15:43:46.475   999 18192 E WindowManager: App trying to use insecure INPUT_FEATURE_NO_INPUT_CHANNEL flag. Ignoring
10-01 15:43:46.503   999 18192 I WindowManager: Relayout Window{215e72d u0 com.pinpag.Pinpag/com.embarcadero.firemonkey.FMXNativeActivity}: oldVis=4 newVis=0 focusMayChange = true
10-01 15:43:46.507   999 18192 V WindowManager: Changing focus from null to Window{215e72d u0 com.pinpag.Pinpag/com.embarcadero.firemonkey.FMXNativeActivity} Callers=com.android.server.wm.WindowManagerService.relayoutWindow:2155 com.android.server.wm.Session.relayout:244 android.view.IWindowSession$Stub.onTransact:309 com.android.server.wm.Session.onTransact:164 
10-01 15:43:46.507   999 18192 D WindowManager: Input focus has changed to Window{215e72d u0 com.pinpag.Pinpag/com.embarcadero.firemonkey.FMXNativeActivity}
10-01 15:43:46.508   999  1026 I WindowManager: Focus moving from null to Window{215e72d u0 com.pinpag.Pinpag/com.embarcadero.firemonkey.FMXNativeActivity}
10-01 15:43:46.617   999 18192 E WindowManager: App trying to use insecure INPUT_FEATURE_NO_INPUT_CHANNEL flag. Ignoring
10-01 15:43:54.774   999 19591 V AlarmManager: Past alarm, need to trigger immediatly (min_futurity)
10-01 15:43:54.787   999 19591 I chatty  : uid=1000(system) Binder:999_19 identical 2 lines
10-01 15:43:54.794   999 19591 V AlarmManager: Past alarm, need to trigger immediatly (min_futurity)
10-01 15:43:56.374   559   603 E storaged: getDiskStats failed with result NOT_SUPPORTED and size 0
10-01 15:44:06.573   999  1108 V AlarmManager: Past alarm, need to trigger immediatly (min_futurity)
10-01 15:44:54.685   999   999 V AlarmManager: Past alarm, need to trigger immediatly (min_futurity)
10-01 15:44:56.375   559   603 E storaged: getDiskStats failed with result NOT_SUPPORTED and size 0
10-01 15:44:56.589   999  1020 I ActivityManager: Start proc 11504:com.android.vending:quick_launch/u0a63 for service com.android.vending/com.google.android.finsky.ipcservers.quicklaunch.QuickLaunchGrpcServerAndroidService
10-01 15:44:57.417   999 18192 V SettingsProvider: packageValueForCallResult, name = device_provisioned, value : Bundle[{_track_generation=android.util.MemoryIntArray@69, value=1, _generation_index=0, _generation=89}]
10-01 15:44:57.502   999 18192 V SettingsProvider: packageValueForCallResult, name = android_id, value : Bundle[{_track_generation=android.util.MemoryIntArray@69, value=f919624d5d1707f2, _generation_index=1, _generation=2}]
10-01 15:44:58.735   999  1094 I ActivityManager: START u0 {act=android.intent.action.MAIN cat=[android.intent.category.HOME] flg=0x10200000 cmp=com.motorola.launcher3/com.android.launcher3.CustomizationPanelLauncher (has extras)} from uid 1000
10-01 15:44:58.743   999  1094 V WindowManager: Set focused app to: AppWindowToken{8d9b8f0 token=Token{c91ed33 ActivityRecord{aa30ca2 u0 com.motorola.launcher3/com.android.launcher3.CustomizationPanelLauncher t2}}} old focus=AppWindowToken{c818f76 token=Token{a8c9211 ActivityRecord{c4be238 u0 com.pinpag.Pinpag/com.embarcadero.firemonkey.FMXNativeActivity t181}}} moveFocusNow=true
10-01 15:44:58.743   999  1094 V WindowManager: findFocusedWindow: Reached focused app=AppWindowToken{8d9b8f0 token=Token{c91ed33 ActivityRecord{aa30ca2 u0 com.motorola.launcher3/com.android.launcher3.CustomizationPanelLauncher t2}}}
10-01 15:44:58.744   999  1094 V WindowManager: Changing focus from Window{215e72d u0 com.pinpag.Pinpag/com.embarcadero.firemonkey.FMXNativeActivity} to null Callers=com.android.server.wm.WindowManagerService.setFocusedApp:2651 com.android.server.am.ActivityManagerService.setResumedActivityUncheckLocked:3631 com.android.server.am.ActivityStack.onActivityStateChanged:498 com.android.server.am.TaskRecord.onActivityStateChanged:1794 
10-01 15:44:58.744   999  1094 D WindowManager: Input focus has changed to null
10-01 15:44:58.747   999  1026 I WindowManager: Focus moving from Window{215e72d u0 com.pinpag.Pinpag/com.embarcadero.firemonkey.FMXNativeActivity} to null
10-01 15:44:58.749   999 18192 I WindowManager: Relayout Window{b2272db u0 com.motorola.launcher3/com.android.launcher3.CustomizationPanelLauncher}: oldVis=8 newVis=0 focusMayChange = true
10-01 15:44:58.829   999  1018 V ActivityManager: Attempted to start a foreground service (ComponentInfo{com.motorola.timeweatherwidget/com.motorola.commandcenter.weather.WakeUpService}) with a broken notification (no icon: Notification(channel=Wakeup pri=0 contentView=null vibrate=null sound=null defaults=0x0 flags=0x50 color=0x00000000 vis=PRIVATE))
10-01 15:44:58.845   999 18192 I WindowManager: Relayout Window{45fd373 u0 com.motorola.launcher3/com.android.launcher3.CustomizationPanelLauncher}: oldVis=4 newVis=0 focusMayChange = true
10-01 15:44:58.853   999 18192 V WindowManager: Changing focus from null to Window{45fd373 u0 com.motorola.launcher3/com.android.launcher3.CustomizationPanelLauncher} Callers=com.android.server.wm.WindowManagerService.relayoutWindow:2155 com.android.server.wm.Session.relayout:244 android.view.IWindowSession$Stub.onTransact:309 com.android.server.wm.Session.onTransact:164 
10-01 15:44:58.853   999 18192 D WindowManager: Input focus has changed to Window{45fd373 u0 com.motorola.launcher3/com.android.launcher3.CustomizationPanelLauncher}
10-01 15:44:58.854   999  1026 I WindowManager: Focus moving from null to Window{45fd373 u0 com.motorola.launcher3/com.android.launcher3.CustomizationPanelLauncher}
10-01 15:45:01.123   999  1094 I ActivityManager: START u0 {act=android.intent.action.MAIN cat=[android.intent.category.HOME] flg=0x10200000 cmp=com.motorola.launcher3/com.android.launcher3.CustomizationPanelLauncher (has extras)} from uid 1000
10-01 15:45:01.147   999  1018 V ActivityManager: Attempted to start a foreground service (ComponentInfo{com.motorola.timeweatherwidget/com.motorola.commandcenter.weather.WakeUpService}) with a broken notification (no icon: Notification(channel=Wakeup pri=0 contentView=null vibrate=null sound=null defaults=0x0 flags=0x50 color=0x00000000 vis=PRIVATE))
10-01 15:45:02.211   999  1094 I ActivityManager: START u0 {act=android.intent.action.MAIN cat=[android.intent.category.HOME] flg=0x10200000 cmp=com.motorola.launcher3/com.android.launcher3.CustomizationPanelLauncher (has extras)} from uid 1000
10-01 15:45:02.375   999  1094 I ActivityManager: START u0 {act=android.intent.action.MAIN cat=[android.intent.category.HOME] flg=0x10200000 cmp=com.motorola.launcher3/com.android.launcher3.CustomizationPanelLauncher (has extras)} from uid 1000
10-01 15:45:07.267   999 21866 I ActivityManager: Killing 1957:com.android.vending/u0a63 (adj 900): remove task
10-01 15:45:07.271   999 21866 I ActivityManager: Killing 11112:com.android.vending:background/u0a63 (adj 900): remove task
10-01 15:45:07.272   999 21866 I ActivityManager: Killing 11504:com.android.vending:quick_launch/u0a63 (adj 900): remove task
10-01 15:45:07.316   999 17688 D MtkConnectivityService: ConnectivityService NetworkRequestInfo binderDied(NetworkRequest [ TRACK_DEFAULT id=3181, [ Capabilities: INTERNET&NOT_RESTRICTED&TRUSTED Unwanted:  Uid: 10063] ], android.os.BinderProxy@61581cd)
10-01 15:45:07.316   999 21866 D MtkConnectivityService: ConnectivityService NetworkRequestInfo binderDied(NetworkRequest [ LISTEN id=3182, [ Capabilities: INTERNET&NOT_RESTRICTED&TRUSTED Unwanted:  Uid: 10063] ], android.os.BinderProxy@642ea82)
10-01 15:45:07.316   999 17688 D MtkConnectivityService: ConnectivityService NetworkRequestInfo binderDied(NetworkRequest [ TRACK_DEFAULT id=3180, [ Capabilities: INTERNET&NOT_RESTRICTED&TRUSTED Unwanted:  Uid: 10063] ], android.os.BinderProxy@7da593)
10-01 15:45:07.317   999  1110 D MtkConnectivityService: releasing NetworkRequest [ TRACK_DEFAULT id=3181, [ Capabilities: INTERNET&NOT_RESTRICTED&TRUSTED Unwanted:  Uid: 10063] ] (release request)
10-01 15:45:07.318   999 18192 W ActivityManager: Scheduling restart of crashed service com.android.vending/com.google.android.finsky.ipcservers.quicklaunch.QuickLaunchGrpcServerAndroidService in 1000ms
10-01 15:45:07.319   999  1110 D MtkConnectivityService: releasing NetworkRequest [ TRACK_DEFAULT id=3180, [ Capabilities: INTERNET&NOT_RESTRICTED&TRUSTED Unwanted:  Uid: 10063] ] (release request)
10-01 15:45:07.348   999 18626 D MtkConnectivityService: ConnectivityService NetworkRequestInfo binderDied(NetworkRequest [ LISTEN id=3056, [ Capabilities: INTERNET&NOT_RESTRICTED&TRUSTED Unwanted:  Uid: 10063] ], android.os.BinderProxy@a056dc9)
10-01 15:45:07.348   999  1146 D MtkConnectivityService: ConnectivityService NetworkRequestInfo binderDied(NetworkRequest [ TRACK_DEFAULT id=3055, [ Capabilities: INTERNET&NOT_RESTRICTED&TRUSTED Unwanted:  Uid: 10063] ], android.os.BinderProxy@a479d0)
10-01 15:45:07.348   999 19237 I WindowManager: WIN DEATH: Window{5b3adc7 u0 com.android.vending/com.android.vending.AssetBrowserActivity}
10-01 15:45:07.349   999  1110 D MtkConnectivityService: releasing NetworkRequest [ TRACK_DEFAULT id=3055, [ Capabilities: INTERNET&NOT_RESTRICTED&TRUSTED Unwanted:  Uid: 10063] ] (release request)
10-01 15:45:07.370   999  1026 W ActivityManager: setHasOverlayUi called on unknown pid: 1957
10-01 15:45:08.086   999  1070 I WindowManager: Relayout Window{f5307ef u0 SnapshotStartingWindow for taskId=181}: oldVis=8 newVis=0 focusMayChange = true
10-01 15:45:08.092   999  1146 V WindowManager: Set focused app to: AppWindowToken{c818f76 token=Token{a8c9211 ActivityRecord{c4be238 u0 com.pinpag.Pinpag/com.embarcadero.firemonkey.FMXNativeActivity t181}}} old focus=AppWindowToken{8d9b8f0 token=Token{c91ed33 ActivityRecord{aa30ca2 u0 com.motorola.launcher3/com.android.launcher3.CustomizationPanelLauncher t2}}} moveFocusNow=true
10-01 15:45:08.092   999  1146 V WindowManager: findFocusedWindow: Reached focused app=AppWindowToken{c818f76 token=Token{a8c9211 ActivityRecord{c4be238 u0 com.pinpag.Pinpag/com.embarcadero.firemonkey.FMXNativeActivity t181}}}
10-01 15:45:08.093   999  1146 V WindowManager: Changing focus from Window{45fd373 u0 com.motorola.launcher3/com.android.launcher3.CustomizationPanelLauncher} to null Callers=com.android.server.wm.WindowManagerService.setFocusedApp:2651 com.android.server.am.ActivityManagerService.setResumedActivityUncheckLocked:3631 com.android.server.am.ActivityStack.onActivityStateChanged:498 com.android.server.am.TaskRecord.onActivityStateChanged:1794 
10-01 15:45:08.093   999  1146 D WindowManager: Input focus has changed to null
10-01 15:45:08.096   999  1026 I WindowManager: Focus moving from Window{45fd373 u0 com.motorola.launcher3/com.android.launcher3.CustomizationPanelLauncher} to null
10-01 15:45:08.118   999 18192 I WindowManager: Relayout Window{215e72d u0 com.pinpag.Pinpag/com.embarcadero.firemonkey.FMXNativeActivity}: oldVis=8 newVis=0 focusMayChange = true
10-01 15:45:08.122   999 18192 V WindowManager: Changing focus from null to Window{215e72d u0 com.pinpag.Pinpag/com.embarcadero.firemonkey.FMXNativeActivity} Callers=com.android.server.wm.WindowManagerService.relayoutWindow:2155 com.android.server.wm.Session.relayout:244 android.view.IWindowSession$Stub.onTransact:309 com.android.server.wm.Session.onTransact:164 
10-01 15:45:08.122   999 18192 D WindowManager: Input focus has changed to Window{215e72d u0 com.pinpag.Pinpag/com.embarcadero.firemonkey.FMXNativeActivity}
10-01 15:45:08.123   999  1026 I WindowManager: Focus moving from null to Window{215e72d u0 com.pinpag.Pinpag/com.embarcadero.firemonkey.FMXNativeActivity}
10-01 15:45:08.143   999 18192 I WindowManager: Relayout Window{62f9f3 u0 PopupWindow:c834ad0}: oldVis=8 newVis=0 focusMayChange = true
10-01 15:45:56.376   559   603 E storaged: getDiskStats failed with result NOT_SUPPORTED and size 0
10-01 15:46:35.175   999 19444 I ActivityManager: START u0 {act=android.intent.action.MAIN cat=[android.intent.category.HOME] flg=0x10000000 cmp=com.motorola.launcher3/com.android.launcher3.CustomizationPanelLauncher (has extras)} from uid 10054
10-01 15:46:35.182   999 19444 V WindowManager: Set focused app to: AppWindowToken{8d9b8f0 token=Token{c91ed33 ActivityRecord{aa30ca2 u0 com.motorola.launcher3/com.android.launcher3.CustomizationPanelLauncher t2}}} old focus=AppWindowToken{c818f76 token=Token{a8c9211 ActivityRecord{c4be238 u0 com.pinpag.Pinpag/com.embarcadero.firemonkey.FMXNativeActivity t181}}} moveFocusNow=true
10-01 15:46:35.182   999 19444 V WindowManager: findFocusedWindow: Reached focused app=AppWindowToken{8d9b8f0 token=Token{c91ed33 ActivityRecord{aa30ca2 u0 com.motorola.launcher3/com.android.launcher3.CustomizationPanelLauncher t2}}}
10-01 15:46:35.183   999 19444 V WindowManager: Changing focus from Window{215e72d u0 com.pinpag.Pinpag/com.embarcadero.firemonkey.FMXNativeActivity} to null Callers=com.android.server.wm.WindowManagerService.setFocusedApp:2651 com.android.server.am.ActivityManagerService.setResumedActivityUncheckLocked:3631 com.android.server.am.ActivityStack.onActivityStateChanged:498 com.android.server.am.TaskRecord.onActivityStateChanged:1794 
10-01 15:46:35.183   999 19444 D WindowManager: Input focus has changed to null
10-01 15:46:35.186   999  1026 I WindowManager: Focus moving from Window{215e72d u0 com.pinpag.Pinpag/com.embarcadero.firemonkey.FMXNativeActivity} to null
10-01 15:46:35.192   999 19444 I WindowManager: Relayout Window{b2272db u0 com.motorola.launcher3/com.android.launcher3.CustomizationPanelLauncher}: oldVis=8 newVis=0 focusMayChange = true
10-01 15:46:35.199  1160  1160 V DeadZone: consuming errant click: (563.2178,19.041626)
10-01 15:46:35.199  1160  1160 V DeadZone: consuming errant click: (563.2178,19.041626)
10-01 15:46:35.238   999  1018 V ActivityManager: Attempted to start a foreground service (ComponentInfo{com.motorola.timeweatherwidget/com.motorola.commandcenter.weather.WakeUpService}) with a broken notification (no icon: Notification(channel=Wakeup pri=0 contentView=null vibrate=null sound=null defaults=0x0 flags=0x50 color=0x00000000 vis=PRIVATE))
10-01 15:46:35.248   999 19237 I WindowManager: Relayout Window{45fd373 u0 com.motorola.launcher3/com.android.launcher3.CustomizationPanelLauncher}: oldVis=8 newVis=0 focusMayChange = true
10-01 15:46:35.257   999 19237 V WindowManager: Changing focus from null to Window{45fd373 u0 com.motorola.launcher3/com.android.launcher3.CustomizationPanelLauncher} Callers=com.android.server.wm.WindowManagerService.relayoutWindow:2155 com.android.server.wm.Session.relayout:244 android.view.IWindowSession$Stub.onTransact:309 com.android.server.wm.Session.onTransact:164 
10-01 15:46:35.257   999 19237 D WindowManager: Input focus has changed to Window{45fd373 u0 com.motorola.launcher3/com.android.launcher3.CustomizationPanelLauncher}
10-01 15:46:35.262   999  1026 I WindowManager: Focus moving from null to Window{45fd373 u0 com.motorola.launcher3/com.android.launcher3.CustomizationPanelLauncher}
10-01 15:46:36.524   999 18192 I ActivityManager: Killing 11428:com.pinpag.Pinpag/u0a167 (adj 900): remove task
10-01 15:46:36.577   999 18624 I WindowManager: WIN DEATH: Window{215e72d u0 com.pinpag.Pinpag/com.embarcadero.firemonkey.FMXNativeActivity}
10-01 15:46:36.586   999 19444 W WindowManager: Failed looking up window callers=com.android.server.wm.WindowManagerService.windowForClientLocked:5631 com.android.server.wm.WindowState$DeathRecipient.binderDied:2453 android.os.BinderProxy.sendDeathNotice:1203 
10-01 15:46:36.586   999 19444 I WindowManager: WIN DEATH: null
10-01 15:46:36.600   999  1026 W ActivityManager: setHasOverlayUi called on unknown pid: 11428
10-01 15:46:56.377   559   603 E storaged: getDiskStats failed with result NOT_SUPPORTED and size 0
10-01 15:47:00.267   999  1029 V SettingsProvider: name : screen_brightness appId : 1000
10-01 15:47:00.267   999  1029 D DisplayPowerController: Animating brightness: target=3, rate=180
10-01 15:47:00.922   999  1029 V SettingsProvider: name : screen_brightness appId : 1000
10-01 15:47:00.922   999  1029 D DisplayPowerController: Animating brightness: target=3, rate=60
10-01 15:47:22.346   999  1029 V SettingsProvider: name : screen_brightness appId : 1000
10-01 15:47:22.346   999  1029 D DisplayPowerController: Animating brightness: target=234, rate=180
10-01 15:47:22.508   999 19444 I ActivityManager: START u0 {act=android.intent.action.VIEW flg=0x10000000 cmp=com.motorola.brapps/.ui.BrAppsActivityImpl bnds=[293,1023][427,1262]} from uid 10054
10-01 15:47:22.573   999  1070 V WindowManager: Changing focus from Window{45fd373 u0 com.motorola.launcher3/com.android.launcher3.CustomizationPanelLauncher} to null Callers=com.android.server.wm.WindowManagerService.relayoutWindow:2155 com.android.server.wm.Session.relayout:244 android.view.ViewRootImpl.relayoutWindow:6748 android.view.ViewRootImpl.performTraversals:2088 
10-01 15:47:22.573   999  1070 D WindowManager: Input focus has changed to null
10-01 15:47:22.574   999  1026 I WindowManager: Focus moving from Window{45fd373 u0 com.motorola.launcher3/com.android.launcher3.CustomizationPanelLauncher} to null
10-01 15:47:22.581   999  1020 I ActivityManager: Start proc 11610:com.motorola.brapps/u0a55 for activity com.motorola.brapps/.ui.BrAppsActivityImpl
10-01 15:47:22.614   999 18192 V WindowManager: Set focused app to: AppWindowToken{da7e942 token=Token{f88438d ActivityRecord{a21bc24 u0 com.motorola.brapps/.ui.BrAppsActivityImpl t182}}} old focus=AppWindowToken{8d9b8f0 token=Token{c91ed33 ActivityRecord{aa30ca2 u0 com.motorola.launcher3/com.android.launcher3.CustomizationPanelLauncher t2}}} moveFocusNow=true
10-01 15:47:22.731   999 18624 V SettingsProvider: packageValueForCallResult, name = sqlite_compatibility_wal_flags, value : Bundle[{_track_generation=android.util.MemoryIntArray@69, value=, _generation_index=0, _generation=89}]
10-01 15:47:22.996   999  1029 V SettingsProvider: name : screen_brightness appId : 1000
10-01 15:47:22.997   999  1029 D DisplayPowerController: Animating brightness: target=234, rate=60
10-01 15:47:23.013   999  1020 I ActivityManager: Start proc 11637:com.android.chrome:webview_service/u0a104 for service com.android.chrome/org.chromium.android_webview.services.VariationsSeedServer
10-01 15:47:23.074   999  1020 I ActivityManager: Start proc 11654:com.android.chrome:sandboxed_process0/u0i226 for webview_service com.motorola.brapps/org.chromium.content.app.SandboxedProcessService0
10-01 15:47:23.088   999  1020 I ActivityManager: Start proc 11662:com.android.chrome:sandboxed_process0/u0i227 for webview_service com.motorola.brapps/org.chromium.content.app.SandboxedProcessService0
10-01 15:47:23.105   999 18192 I ActivityManager: Killing 11654:com.android.chrome:sandboxed_process0/u0a55i226 (adj 900): isolated not needed
10-01 15:47:23.131   999  1022 D KernelUidCpuTimeReader: Removing uids 10165-10165
10-01 15:47:23.132   999  1022 D KernelUidCpuTimeReader: Removing uids 99224-99224
10-01 15:47:23.176   999 18611 V SettingsProvider: packageValueForCallResult, name = null, value : Bundle[{_track_generation=android.util.MemoryIntArray@69, value=null, _generation_index=2, _generation=2783}]
10-01 15:47:23.206   999  1020 I ActivityManager: Start proc 11708:com.android.chrome:webview_apk/u0a104 for service com.android.chrome/org.chromium.android_webview.nonembedded.AwComponentUpdateService
10-01 15:47:23.211   999 18192 D MtkConnectivityService: requestNetwork for uid/pid:10055/11610 NetworkRequest [ TRACK_DEFAULT id=3187, [ Capabilities: INTERNET&NOT_RESTRICTED&TRUSTED Unwanted:  Uid: 10055] ]
10-01 15:47:23.336   999 18611 E WindowManager: App trying to use insecure INPUT_FEATURE_NO_INPUT_CHANNEL flag. Ignoring
10-01 15:47:23.419   999 18192 I WindowManager: Relayout Window{6405105 u0 com.motorola.brapps/com.motorola.brapps.ui.BrAppsActivityImpl}: oldVis=4 newVis=0 focusMayChange = true
10-01 15:47:23.427   999 18192 V WindowManager: Changing focus from null to Window{6405105 u0 com.motorola.brapps/com.motorola.brapps.ui.BrAppsActivityImpl} Callers=com.android.server.wm.WindowManagerService.relayoutWindow:2155 com.android.server.wm.Session.relayout:244 android.view.IWindowSession$Stub.onTransact:309 com.android.server.wm.Session.onTransact:164 
10-01 15:47:23.428   999 18192 D WindowManager: Input focus has changed to Window{6405105 u0 com.motorola.brapps/com.motorola.brapps.ui.BrAppsActivityImpl}
10-01 15:47:23.429   999  1026 I WindowManager: Focus moving from null to Window{6405105 u0 com.motorola.brapps/com.motorola.brapps.ui.BrAppsActivityImpl}
10-01 15:47:23.981   999 18624 I ActivityManager: START u0 {act=android.intent.action.MAIN cat=[android.intent.category.HOME] flg=0x10000000 cmp=com.motorola.launcher3/com.android.launcher3.CustomizationPanelLauncher (has extras)} from uid 10054
10-01 15:47:23.987   999 18624 V WindowManager: Set focused app to: AppWindowToken{8d9b8f0 token=Token{c91ed33 ActivityRecord{aa30ca2 u0 com.motorola.launcher3/com.android.launcher3.CustomizationPanelLauncher t2}}} old focus=AppWindowToken{da7e942 token=Token{f88438d ActivityRecord{a21bc24 u0 com.motorola.brapps/.ui.BrAppsActivityImpl t182}}} moveFocusNow=true
10-01 15:47:23.987   999 18624 V WindowManager: findFocusedWindow: Reached focused app=AppWindowToken{8d9b8f0 token=Token{c91ed33 ActivityRecord{aa30ca2 u0 com.motorola.launcher3/com.android.launcher3.CustomizationPanelLauncher t2}}}
10-01 15:47:23.988   999 18624 V WindowManager: Changing focus from Window{6405105 u0 com.motorola.brapps/com.motorola.brapps.ui.BrAppsActivityImpl} to null Callers=com.android.server.wm.WindowManagerService.setFocusedApp:2651 com.android.server.am.ActivityManagerService.setResumedActivityUncheckLocked:3631 com.android.server.am.ActivityStack.onActivityStateChanged:498 com.android.server.am.TaskRecord.onActivityStateChanged:1794 
10-01 15:47:23.988   999 18624 D WindowManager: Input focus has changed to null
10-01 15:47:23.991   999  1026 I WindowManager: Focus moving from Window{6405105 u0 com.motorola.brapps/com.motorola.brapps.ui.BrAppsActivityImpl} to null
10-01 15:47:24.001   999 18192 I WindowManager: Relayout Window{b2272db u0 com.motorola.launcher3/com.android.launcher3.CustomizationPanelLauncher}: oldVis=8 newVis=0 focusMayChange = true
10-01 15:47:24.042   999  1018 V ActivityManager: Attempted to start a foreground service (ComponentInfo{com.motorola.timeweatherwidget/com.motorola.commandcenter.weather.WakeUpService}) with a broken notification (no icon: Notification(channel=Wakeup pri=0 contentView=null vibrate=null sound=null defaults=0x0 flags=0x50 color=0x00000000 vis=PRIVATE))
10-01 15:47:24.056   999 18192 I WindowManager: Relayout Window{45fd373 u0 com.motorola.launcher3/com.android.launcher3.CustomizationPanelLauncher}: oldVis=8 newVis=0 focusMayChange = true
