10-01 15:47:24.061   999 18192 V WindowManager: Changing focus from null to Window{45fd373 u0 com.motorola.launcher3/com.android.launcher3.CustomizationPanelLauncher} Callers=com.android.server.wm.WindowManagerService.relayoutWindow:2155 com.android.server.wm.Session.relayout:244 android.view.IWindowSession$Stub.onTransact:309 com.android.server.wm.Session.onTransact:164 
10-01 15:47:24.061   999 18192 D WindowManager: Input focus has changed to Window{45fd373 u0 com.motorola.launcher3/com.android.launcher3.CustomizationPanelLauncher}
10-01 15:47:24.062   999  1026 I WindowManager: Focus moving from null to Window{45fd373 u0 com.motorola.launcher3/com.android.launcher3.CustomizationPanelLauncher}
10-01 15:47:25.537   999 18192 I ActivityManager: Killing 10889:com.android.chrome:privileged_process0/u0a104 (adj 902): empty #17
10-01 15:47:25.543   999 18192 I ActivityManager: Killing 11610:com.motorola.brapps/u0a55 (adj 900): remove task
10-01 15:47:25.544   999 18192 I ActivityManager: Killing 11662:com.android.chrome:sandboxed_process0/u0a55i227 (adj 900): remove task
10-01 15:47:25.571   999 18192 W ActivityManager: Scheduling restart of crashed service com.android.chrome/org.chromium.content.app.PrivilegedProcessService0 in 1000ms
10-01 15:47:25.581   999 19444 W ActivityManager: Scheduling restart of crashed service com.motorola.brapps/org.chromium.content.app.SandboxedProcessService0 in 1000ms
10-01 15:47:25.608   999 18611 D MtkConnectivityService: ConnectivityService NetworkRequestInfo binderDied(NetworkRequest [ TRACK_DEFAULT id=3187, [ Capabilities: INTERNET&NOT_RESTRICTED&TRUSTED Unwanted:  Uid: 10055] ], android.os.BinderProxy@8d6f90c)
10-01 15:47:25.608   999 19444 D MtkConnectivityService: ConnectivityService NetworkRequestInfo binderDied(NetworkRequest [ LISTEN id=3188, [ Capabilities: INTERNET&NOT_RESTRICTED&TRUSTED Unwanted:  Uid: 10055] ], android.os.BinderProxy@eb1e255)
10-01 15:47:25.609   999 18624 I WindowManager: WIN DEATH: Window{6405105 u0 com.motorola.brapps/com.motorola.brapps.ui.BrAppsActivityImpl}
10-01 15:47:25.613   999  1110 D MtkConnectivityService: releasing NetworkRequest [ TRACK_DEFAULT id=3187, [ Capabilities: INTERNET&NOT_RESTRICTED&TRUSTED Unwanted:  Uid: 10055] ] (release request)
10-01 15:47:25.636   999  1026 W ActivityManager: setHasOverlayUi called on unknown pid: 11610
10-01 15:47:25.650   999 17777 D MtkConnectivityService: requestNetwork for uid/pid:10010/27500 NetworkRequest [ TRACK_DEFAULT id=3189, [ Capabilities: INTERNET&NOT_RESTRICTED&TRUSTED Unwanted:  Uid: 10010] ]
10-01 15:47:28.606   999 22033 I ActivityManager: START u0 {act=android.intent.action.MAIN cat=[android.intent.category.LAUNCHER] flg=0x10200000 cmp=com.android.settings/.Settings bnds=[159,172][294,270]} from uid 10054
10-01 15:47:28.836   999  1020 I ActivityManager: Start proc 11790:com.android.settings/1000 for activity com.android.settings/.Settings
10-01 15:47:28.858   999  1070 V WindowManager: Changing focus from Window{45fd373 u0 com.motorola.launcher3/com.android.launcher3.CustomizationPanelLauncher} to null Callers=com.android.server.wm.WindowManagerService.relayoutWindow:2155 com.android.server.wm.Session.relayout:244 android.view.ViewRootImpl.relayoutWindow:6748 android.view.ViewRootImpl.performTraversals:2088 
10-01 15:47:28.858   999  1070 D WindowManager: Input focus has changed to null
10-01 15:47:28.859   999  1026 I WindowManager: Focus moving from Window{45fd373 u0 com.motorola.launcher3/com.android.launcher3.CustomizationPanelLauncher} to null
10-01 15:47:28.872   999 22033 V WindowManager: Set focused app to: AppWindowToken{2a4632f token=Token{d55ed0e ActivityRecord{3180709 u0 com.android.settings/.Settings t183}}} old focus=AppWindowToken{8d9b8f0 token=Token{c91ed33 ActivityRecord{aa30ca2 u0 com.motorola.launcher3/com.android.launcher3.CustomizationPanelLauncher t2}}} moveFocusNow=true
10-01 15:47:29.134   999 22033 V SettingsProvider: packageValueForCallResult, name = force_resizable_activities, value : Bundle[{_track_generation=android.util.MemoryIntArray@69, value=0, _generation_index=0, _generation=89}]
10-01 15:47:29.317   999  1020 I ActivityManager: Start proc 11811:com.android.settings.intelligence/u0a42 for service com.android.settings.intelligence/.suggestions.SuggestionService
10-01 15:47:29.343   999 22033 V SettingsProvider: packageValueForCallResult, name = null, value : Bundle[{_track_generation=android.util.MemoryIntArray@69, value=null, _generation_index=1, _generation=2}]
10-01 15:47:29.358   999 18192 I WindowManager: Relayout Window{63291cc u0 com.android.settings/com.android.settings.Settings}: oldVis=4 newVis=0 focusMayChange = true
10-01 15:47:29.363   999 18192 V WindowManager: Changing focus from null to Window{63291cc u0 com.android.settings/com.android.settings.Settings} Callers=com.android.server.wm.WindowManagerService.relayoutWindow:2155 com.android.server.wm.Session.relayout:244 android.view.IWindowSession$Stub.onTransact:309 com.android.server.wm.Session.onTransact:164 
10-01 15:47:29.363   999 18192 D WindowManager: Input focus has changed to Window{63291cc u0 com.android.settings/com.android.settings.Settings}
10-01 15:47:29.364   999  1026 I WindowManager: Focus moving from null to Window{63291cc u0 com.android.settings/com.android.settings.Settings}
10-01 15:47:29.953   999  1022 E BatteryExternalStatsWorker: no controller energy info supplied for wifi
10-01 15:47:29.953   999  1022 E BatteryExternalStatsWorker: no controller energy info supplied for bluetooth
10-01 15:47:30.035   999  1022 W BatteryExternalStatsWorker: modem info is invalid: ModemActivityInfo{ mTimestamp=847788831 mSleepTimeMs=663377123 mIdleTimeMs=-2094215131 mTxTimeMs[]=[0, 0, 0, 0, 0] mRxTimeMs=847768754 mEnergyUsed=0}
10-01 15:47:30.040   999  1022 E BatteryExternalStatsWorker: no controller energy info supplied for wifi
10-01 15:47:30.041   999  1022 E BatteryExternalStatsWorker: no controller energy info supplied for bluetooth
10-01 15:47:30.071   999 18192 V SettingsProvider: packageValueForCallResult, name = gearhead:driving_mode_settings_enabled, value : Bundle[{_track_generation=android.util.MemoryIntArray@69, value=0, _generation_index=2, _generation=2783}]
10-01 15:47:30.083   999  1022 W BatteryExternalStatsWorker: modem info is invalid: ModemActivityInfo{ mTimestamp=847788891 mSleepTimeMs=663377155 mIdleTimeMs=-2094215103 mTxTimeMs[]=[0, 0, 0, 0, 0] mRxTimeMs=847768754 mEnergyUsed=0}
10-01 15:47:30.097   999 18192 I ProcessStatsService: Added stats: 2023-10-01-12-06-22, over +3h0m38s12ms
10-01 15:47:32.110   999 18624 I ActivityManager: START u0 {flg=0x8000 cmp=com.android.settings/.Settings$ConnectedDeviceDashboardActivity (has extras)} from uid 1000
10-01 15:47:32.124   999 22033 V WindowManager: Set focused app to: AppWindowToken{1e985e8 token=Token{2d730b ActivityRecord{3f422da u0 com.android.settings/.Settings$ConnectedDeviceDashboardActivity t183}}} old focus=AppWindowToken{2a4632f token=Token{d55ed0e ActivityRecord{3180709 u0 com.android.settings/.Settings t183}}} moveFocusNow=true
10-01 15:47:32.125   999 22033 V WindowManager: Changing focus from Window{63291cc u0 com.android.settings/com.android.settings.Settings} to null Callers=com.android.server.wm.WindowManagerService.setFocusedApp:2651 com.android.server.am.ActivityManagerService.setResumedActivityUncheckLocked:3631 com.android.server.am.ActivityStack.onActivityStateChanged:498 com.android.server.am.TaskRecord.onActivityStateChanged:1794 
10-01 15:47:32.125   999 22033 D WindowManager: Input focus has changed to null
10-01 15:47:32.126   999  1026 I WindowManager: Focus moving from Window{63291cc u0 com.android.settings/com.android.settings.Settings} to null
10-01 15:47:32.397   999 22033 I WindowManager: Relayout Window{349da51 u0 com.android.settings/com.android.settings.Settings$ConnectedDeviceDashboardActivity}: oldVis=4 newVis=0 focusMayChange = true
10-01 15:47:32.401   999 22033 V WindowManager: Changing focus from null to Window{349da51 u0 com.android.settings/com.android.settings.Settings$ConnectedDeviceDashboardActivity} Callers=com.android.server.wm.WindowManagerService.relayoutWindow:2155 com.android.server.wm.Session.relayout:244 android.view.IWindowSession$Stub.onTransact:309 com.android.server.wm.Session.onTransact:164 
10-01 15:47:32.401   999 22033 D WindowManager: Input focus has changed to Window{349da51 u0 com.android.settings/com.android.settings.Settings$ConnectedDeviceDashboardActivity}
10-01 15:47:32.402   999  1026 I WindowManager: Focus moving from null to Window{349da51 u0 com.android.settings/com.android.settings.Settings$ConnectedDeviceDashboardActivity}
10-01 15:47:35.481   999 22033 I ActivityManager: START u0 {act=android.intent.action.MAIN cmp=com.android.settings/.SubSettings (has extras)} from uid 1000
10-01 15:47:35.496   999 18192 V WindowManager: Set focused app to: AppWindowToken{65d5566 token=Token{764f9c1 ActivityRecord{30b5aa8 u0 com.android.settings/.SubSettings t183}}} old focus=AppWindowToken{1e985e8 token=Token{2d730b ActivityRecord{3f422da u0 com.android.settings/.Settings$ConnectedDeviceDashboardActivity t183}}} moveFocusNow=true
10-01 15:47:35.497   999 18192 V WindowManager: Changing focus from Window{349da51 u0 com.android.settings/com.android.settings.Settings$ConnectedDeviceDashboardActivity} to null Callers=com.android.server.wm.WindowManagerService.setFocusedApp:2651 com.android.server.am.ActivityManagerService.setResumedActivityUncheckLocked:3631 com.android.server.am.ActivityStack.onActivityStateChanged:498 com.android.server.am.TaskRecord.onActivityStateChanged:1794 
10-01 15:47:35.497   999 18192 D WindowManager: Input focus has changed to null
10-01 15:47:35.498   999  1026 I WindowManager: Focus moving from Window{349da51 u0 com.android.settings/com.android.settings.Settings$ConnectedDeviceDashboardActivity} to null
10-01 15:47:35.562   999 18624 E UserRestrictionsUtils: Unknown restriction: null
10-01 15:47:35.563   999 18624 E UserRestrictionsUtils: Unknown restriction: null
10-01 15:47:35.647   999  1020 I ActivityManager: Start proc 11854:com.android.printspooler/u0a70 for service com.android.printspooler/.model.PrintSpoolerService
10-01 15:47:35.762   999 17777 I WindowManager: Relayout Window{23f2576 u0 com.android.settings/com.android.settings.SubSettings}: oldVis=4 newVis=0 focusMayChange = true
10-01 15:47:35.767   999 17777 V WindowManager: Changing focus from null to Window{23f2576 u0 com.android.settings/com.android.settings.SubSettings} Callers=com.android.server.wm.WindowManagerService.relayoutWindow:2155 com.android.server.wm.Session.relayout:244 android.view.IWindowSession$Stub.onTransact:309 com.android.server.wm.Session.onTransact:164 
10-01 15:47:35.767   999 17777 D WindowManager: Input focus has changed to Window{23f2576 u0 com.android.settings/com.android.settings.SubSettings}
10-01 15:47:35.768   999  1026 I WindowManager: Focus moving from null to Window{23f2576 u0 com.android.settings/com.android.settings.SubSettings}
10-01 15:47:36.076   999 18624 V AlarmManager: Past alarm, need to trigger immediatly (min_futurity)
10-01 15:47:37.966   999 18624 I ActivityManager: START u0 {act=android.intent.action.MAIN cmp=com.android.settings/.SubSettings (has extras)} from uid 1000
10-01 15:47:37.979   999 17777 V WindowManager: Set focused app to: AppWindowToken{87f9d57 token=Token{21e96d6 ActivityRecord{ba59af1 u0 com.android.settings/.SubSettings t183}}} old focus=AppWindowToken{65d5566 token=Token{764f9c1 ActivityRecord{30b5aa8 u0 com.android.settings/.SubSettings t183}}} moveFocusNow=true
10-01 15:47:37.980   999 17777 V WindowManager: Changing focus from Window{23f2576 u0 com.android.settings/com.android.settings.SubSettings} to null Callers=com.android.server.wm.WindowManagerService.setFocusedApp:2651 com.android.server.am.ActivityManagerService.setResumedActivityUncheckLocked:3631 com.android.server.am.ActivityStack.onActivityStateChanged:498 com.android.server.am.TaskRecord.onActivityStateChanged:1794 
10-01 15:47:37.980   999 17777 D WindowManager: Input focus has changed to null
10-01 15:47:37.981   999  1026 I WindowManager: Focus moving from Window{23f2576 u0 com.android.settings/com.android.settings.SubSettings} to null
10-01 15:47:38.054   999 17777 I WindowManager: Relayout Window{cd91012 u0 com.android.settings/com.android.settings.SubSettings}: oldVis=4 newVis=0 focusMayChange = true
10-01 15:47:38.058   999 17777 V WindowManager: Changing focus from null to Window{cd91012 u0 com.android.settings/com.android.settings.SubSettings} Callers=com.android.server.wm.WindowManagerService.relayoutWindow:2155 com.android.server.wm.Session.relayout:244 android.view.IWindowSession$Stub.onTransact:309 com.android.server.wm.Session.onTransact:164 
10-01 15:47:38.058   999 17777 D WindowManager: Input focus has changed to Window{cd91012 u0 com.android.settings/com.android.settings.SubSettings}
10-01 15:47:38.059   999  1026 I WindowManager: Focus moving from null to Window{cd91012 u0 com.android.settings/com.android.settings.SubSettings}
10-01 15:47:39.533  1160  1160 V DeadZone: consuming errant click: (123.82802,15.044189)
10-01 15:47:39.533  1160  1160 V DeadZone: consuming errant click: (123.82802,15.044189)
10-01 15:47:39.806   999 22033 D BluetoothManagerService: disable(): mBluetooth = android.bluetooth.IBluetooth$Stub$Proxy@1a18576 mBinding = false
10-01 15:47:39.806   999 22033 D BluetoothManagerService: Persisting Bluetooth Setting: 0
10-01 15:47:39.816   999  1025 D BluetoothManagerService: MESSAGE_DISABLE: mBluetooth = android.bluetooth.IBluetooth$Stub$Proxy@1a18576
10-01 15:47:39.817   999   999 V SettingsProvider: Notifying for 0: content://settings/global/bluetooth_on
10-01 15:47:39.817   999  1025 D BluetoothManagerService: Sending off request.
10-01 15:47:39.881   999   999 I Telecom : BluetoothStateReceiver: Device null is now the preferred HFP device: BSR.oR@Aw0
10-01 15:47:39.900   999  1025 D BluetoothManagerService: MESSAGE_BLUETOOTH_STATE_CHANGE: ON > TURNING_OFF
10-01 15:47:39.900   999  1025 D BluetoothManagerService: Sending BLE State Change: ON > TURNING_OFF
10-01 15:47:39.922   999 18624 W BroadcastQueue: Background execution not allowed: receiving Intent { act=android.bluetooth.adapter.action.STATE_CHANGED flg=0x4000010 (has extras) } to com.google.android.gms/.chimera.GmsIntentOperationService$PersistentTrustedReceiver
10-01 15:47:39.949   999   999 I Telecom : BluetoothDeviceManager: Lost BluetoothHeadset service. Removing all tracked devices.: BMSL.oSD@Aw4
10-01 15:47:40.031   999  1025 D BluetoothManagerService: MESSAGE_BLUETOOTH_STATE_CHANGE: TURNING_OFF > BLE_ON
10-01 15:47:40.031   999  1025 D BluetoothManagerService: Intermediate off, back to LE only mode
10-01 15:47:40.031   999  1025 D BluetoothManagerService: Sending BLE State Change: TURNING_OFF > BLE_ON
10-01 15:47:40.032   999  1025 D BluetoothManagerService: Broadcasting onBluetoothStateChange(false) to 20 receivers.
10-01 15:47:40.036   999  1025 D BluetoothManagerService: Calling sendBrEdrDownCallback callbacks
10-01 15:47:40.036   999  1025 D BluetoothManagerService: isBleAppPresent() count: 0
10-01 15:47:40.038   999  1229 E BluetoothManagerService: No proxy, unbind
10-01 15:47:40.056   999  1025 D BluetoothManagerService: MESSAGE_BLUETOOTH_STATE_CHANGE: BLE_ON > BLE_TURNING_OFF
10-01 15:47:40.056   999  1025 D BluetoothManagerService: Sending BLE State Change: BLE_ON > BLE_TURNING_OFF
10-01 15:47:40.068   999  1018 W BroadcastQueue: Background execution not allowed: receiving Intent { act=android.bluetooth.adapter.action.STATE_CHANGED flg=0x4000010 (has extras) } to com.google.android.gms/.chimera.GmsIntentOperationService$PersistentTrustedReceiver
10-01 15:47:40.297   999  1025 D BluetoothManagerService: MESSAGE_BLUETOOTH_STATE_CHANGE: BLE_TURNING_OFF > OFF
10-01 15:47:40.298   999  1025 D BluetoothManagerService: Bluetooth is complete send Service Down
10-01 15:47:40.298   999  1025 D BluetoothManagerService: Broadcasting onBluetoothServiceDown() to 11 receivers.
10-01 15:47:40.299   999  1025 D BluetoothManagerService: unbindAndFinish(): android.bluetooth.IBluetooth$Stub$Proxy@1a18576 mBinding = false mUnbinding = false
10-01 15:47:40.310   999  1025 D BluetoothManagerService: Sending BLE State Change: BLE_TURNING_OFF > OFF
10-01 15:47:40.375   999 23142 I ActivityManager: Process com.android.bluetooth (pid 30456) has died: fore SVC 
10-01 15:47:41.368   999 17825 D BluetoothManagerService: enable(com.android.settings):  mBluetooth =null mBinding = false mState = OFF
10-01 15:47:41.368   999 17825 D BluetoothManagerService: enable returning
10-01 15:47:41.368   999  1025 D BluetoothManagerService: MESSAGE_ENABLE(0): mBluetooth = null
10-01 15:47:41.385   999  1020 I ActivityManager: Start proc 11905:com.android.bluetooth/1002 for service com.android.bluetooth/.btservice.AdapterService
10-01 15:47:41.404   999 17825 D BluetoothManagerService: Registered for death of com.google.android.gms
10-01 15:47:41.404   999 17825 D BluetoothManagerService: 1 registered Ble Apps
10-01 15:47:41.405   999 17825 D BluetoothManagerService: enable(com.google.android.gms):  mBluetooth =null mBinding = true mState = OFF
10-01 15:47:41.406   999  1025 D BluetoothManagerService: MESSAGE_ENABLE(0): mBluetooth = null
10-01 15:47:41.406   999 17825 D BluetoothManagerService: enable returning
10-01 15:47:41.573   999 17825 V SettingsProvider: packageValueForCallResult, name = bluetooth_disabled_profiles, value : Bundle[{_track_generation=android.util.MemoryIntArray@69, value=0, _generation_index=0, _generation=90}]
10-01 15:47:41.666   999   999 D BluetoothManagerService: BluetoothServiceConnection: com.android.bluetooth.btservice.AdapterService
10-01 15:47:41.666   999  1025 D BluetoothManagerService: MESSAGE_BLUETOOTH_SERVICE_CONNECTED: 1
10-01 15:47:41.667   999  1025 D BluetoothManagerService: Broadcasting onBluetoothServiceUp() to 11 receivers.
10-01 15:47:41.671   999  1025 D BluetoothManagerService: MESSAGE_BLUETOOTH_STATE_CHANGE: OFF > BLE_TURNING_ON
10-01 15:47:41.671   999  1025 D BluetoothManagerService: Sending BLE State Change: OFF > BLE_TURNING_ON
10-01 15:47:41.872   999   999 D BluetoothManagerService: Bluetooth Adapter address changed to F8:1F:32:7E:C7:E6
10-01 15:47:41.872   999   999 D BluetoothManagerService: Stored Bluetoothaddress: F8:1F:32:7E:C7:E6
10-01 15:47:41.873   999   999 D BluetoothManagerService: Bluetooth Adapter name changed to moto e6s
10-01 15:47:41.873   999   999 D BluetoothManagerService: Stored Bluetooth name: moto e6s
10-01 15:47:41.891   999  1025 D BluetoothManagerService: MESSAGE_BLUETOOTH_STATE_CHANGE: BLE_TURNING_ON > BLE_ON
10-01 15:47:41.891   999  1025 D BluetoothManagerService: Bluetooth is in LE only mode
10-01 15:47:41.891   999  1025 D BluetoothManagerService: Binding Bluetooth GATT service
10-01 15:47:41.892   999  1025 D BluetoothManagerService: Sending BLE State Change: BLE_TURNING_ON > BLE_ON
10-01 15:47:41.894   999   999 D BluetoothManagerService: BluetoothServiceConnection: com.android.bluetooth.gatt.GattService
10-01 15:47:41.895   999  1025 D BluetoothManagerService: MESSAGE_BLUETOOTH_SERVICE_CONNECTED: 2
10-01 15:47:41.895   999  1025 D BluetoothManagerService: continueFromBleOnState()
10-01 15:47:41.895   999  1025 D BluetoothManagerService: isBleAppPresent() count: 1
10-01 15:47:41.896   999  1025 D BluetoothManagerService: Persisting Bluetooth Setting: 1
10-01 15:47:41.897   999   999 V SettingsProvider: Notifying for 0: content://settings/global/bluetooth_on
10-01 15:47:41.900   999  1025 D BluetoothManagerService: MESSAGE_BLUETOOTH_STATE_CHANGE: BLE_ON > TURNING_ON
10-01 15:47:41.900   999  1025 D BluetoothManagerService: Sending BLE State Change: BLE_ON > TURNING_ON
10-01 15:47:41.914   999  1018 W BroadcastQueue: Background execution not allowed: receiving Intent { act=android.bluetooth.adapter.action.STATE_CHANGED flg=0x4000010 (has extras) } to com.google.android.gms/.chimera.GmsIntentOperationService$PersistentTrustedReceiver
10-01 15:47:41.970   999   999 I Telecom : BluetoothStateReceiver: Device null is now the preferred HFP device: BSR.oR@AxA
10-01 15:47:42.186   999  1020 I ActivityManager: Start proc 11967:android.process.acore/u0a13 for content provider com.android.providers.contacts/.ContactsProvider2
10-01 15:47:42.206   999  1025 D BluetoothManagerService: MESSAGE_BLUETOOTH_STATE_CHANGE: TURNING_ON > ON
10-01 15:47:42.206   999  1025 D BluetoothManagerService: Broadcasting onBluetoothStateChange(true) to 20 receivers.
10-01 15:47:42.213   999  1018 W BroadcastQueue: Background execution not allowed: receiving Intent { act=android.bluetooth.device.action.UUID flg=0x10 (has extras) } to com.google.android.gms/.chimera.GmsIntentOperationService$PersistentTrustedReceiver
10-01 15:47:42.213   999  1018 W BroadcastQueue: Background execution not allowed: receiving Intent { act=android.bluetooth.device.action.UUID flg=0x10 (has extras) } to com.google.android.googlequicksearchbox/com.google.android.apps.gsa.broadcastreceiver.external.ExternalCommonBroadcastReceiver
--------- beginning of main
10-01 15:47:42.226  1160  1183 D BluetoothHeadset: onBluetoothStateChange: up=true
10-01 15:47:42.232 11790 11790 D CachedBluetoothDevice: MP 5-52006564 getConnectionSummary
10-01 15:47:42.232   999  1025 D BluetoothHeadset: onBluetoothStateChange: up=true
10-01 15:47:42.234 23314  5529 I NearbyDiscovery: (REDACTED) FastPairHandler: Uuid fetch for %s is done
10-01 15:47:42.235   999  1025 D BluetoothManagerService: Sending BLE State Change: TURNING_ON > ON
10-01 15:47:42.235 11790 11839 D BluetoothHidDevice: onBluetoothStateChange: up=true
10-01 15:47:42.235 11790 11839 D BluetoothHidDevice: Binding HID Device service...
10-01 15:47:42.236   999   999 D BluetoothA2dp: Proxy object connected
10-01 15:47:42.236 23314  5529 I NearbyDiscovery: (REDACTED) FastPairHandler:  %s
10-01 15:47:42.238 11905 11905 I BluetoothPhonePolicy: Received ACTION_UUID for device A8:E2:C1:A3:F3:33
10-01 15:47:42.239 11905 11905 I BluetoothPhonePolicy: index=0uuid=00001101-0000-1000-8000-00805f9b34fb
10-01 15:47:42.239 11905 11905 I BluetoothPhonePolicy: index=1uuid=00000000-0000-1000-8000-00805f9b34fb
10-01 15:47:42.239 11905 11905 I BluetoothPhonePolicy: index=2uuid=00000000-0000-1000-8000-00805f9b34fb
10-01 15:47:42.239 11905 11905 I BluetoothPhonePolicy: index=3uuid=00000000-deca-fade-deca-deafdecacaff
10-01 15:47:42.240  1160  1160 D BluetoothA2dp: Proxy object connected
10-01 15:47:42.240 11905 11905 I BluetoothPhonePolicy: processInitProfilePriorities() - device A8:E2:C1:A3:F3:33
10-01 15:47:42.240 23314  5529 I NearbyDiscovery: (REDACTED) FastPairHandler:  %s
10-01 15:47:42.242 23314  5529 I NearbyDiscovery: (REDACTED) FastPairHandler:  %s
10-01 15:47:42.244 23314  5529 I NearbyDiscovery: (REDACTED) FastPairHandler:  %s
10-01 15:47:42.245 11790 11790 D CachedBluetoothDevice: MP 5-52006564 bond state is 12
10-01 15:47:42.245  4933  4933 I emio    : onCreate()
10-01 15:47:42.246 11905 11905 W HearingAidService: getHearingAidService(): service is NULL
10-01 15:47:42.251 11790 11790 D BluetoothA2dp: Proxy object connected
10-01 15:47:42.251  4933  4933 I emio    : News media session token retrieved
10-01 15:47:42.259 23314 11757 I NearbyDiscovery: (REDACTED) SdpManager: Add cached device for %s, forceAdd=%s
10-01 15:47:42.260 23314  5529 I NearbyDiscovery: (REDACTED) FastPairHandler: Received action %s
10-01 15:47:42.261 11790 11839 D BluetoothHidDevice: Bound to HID Device Service
10-01 15:47:42.262  1160  1160 D BluetoothHidHost: Proxy object connected
10-01 15:47:42.262 11790 11790 D BluetoothHidHost: Proxy object connected
10-01 15:47:42.262 11790 11790 D HidProfile: Bluetooth service connected
10-01 15:47:42.262  1160  1160 D HidProfile: Bluetooth service connected
10-01 15:47:42.266 23314  5529 I NearbyDiscovery: (REDACTED) FastPairScanner: isScreenOn=%s, isLocationEnabled=%s, disableLocationRequirement=%s, isDiscoveryScanningEnabled=%s, during24GhzWifiWarmingUpPeriod=%s
10-01 15:47:42.267 11790 11790 D BluetoothHidDevice: onServiceConnected()
10-01 15:47:42.267 11790 11790 D HidDeviceProfile: Bluetooth service connected :-)
10-01 15:47:42.268  1160  1160 D BluetoothHidDevice: onServiceConnected()
10-01 15:47:42.268  1160  1160 D HidDeviceProfile: Bluetooth service connected :-)
10-01 15:47:42.268   999   999 I Telecom : BluetoothPhoneService: queryPhoneState: BPSI.qPS@AxI
10-01 15:47:42.272  4933  4933 I MediaBrowserService: No root for client com.android.bluetooth from service android.service.media.MediaBrowserService$ServiceBinder$1
10-01 15:47:42.273  6471  6471 I GsaVoiceInteractionSrv: (REDACTED) O received %s
10-01 15:47:42.277  1160  1389 D CachedBluetoothDevice: MP 5-52006564 update profiles
10-01 15:47:42.277  1160  1389 D LocalBluetoothProfileManager: Current Profiles[]
10-01 15:47:42.277  1160  1389 D LocalBluetoothProfileManager: update profiles
10-01 15:47:42.278 11790 11790 D LocalBluetoothProfileManager: Handsfree Uuid not found.
10-01 15:47:42.278 11790 11790 D LocalBluetoothProfileManager: MAP Client Uuid not found.
10-01 15:47:42.278 11790 11790 W LocalBluetoothProfileManager: Warning: Hid profile was previously added but the UUID is now missing.
10-01 15:47:42.279 23314  5529 D BluetoothAdapter: isLeEnabled(): ON
10-01 15:47:42.280  1160  1389 D BluetoothMap: getConnectedDevices()
10-01 15:47:42.280  1160  1389 W BluetoothMap: Proxy not attached to service
10-01 15:47:42.281  1160  1389 D BluetoothMap: getConnectionState(A8:E2:C1:A3:F3:33)
10-01 15:47:42.281  1160  1389 W BluetoothMap: Proxy not attached to service
10-01 15:47:42.281  1160  1389 D MapProfile: getConnectionStatus: status is: 0
10-01 15:47:42.281  1160  1389 W BluetoothPbap: Proxy not attached to service
10-01 15:47:42.281  1160  1389 D LocalBluetoothProfileManager: New Profiles[]
10-01 15:47:42.281 23314  5529 I NearbyDiscovery: (REDACTED) FastPairScanner: eventType=%s, intReq=%s, scanning=%s, scanAllowed=%s, bleEnabled=%s, bleScanAvailable=%s, lockScanRate=%s, startScanningByLowPowerMode=%s
10-01 15:47:42.283 23314  5529 I NearbyDiscovery: FastPairScanner: resetBleEnableProcedure: reset done [CONTEXT service_id=265 ]
10-01 15:47:42.283   999  1018 W BroadcastQueue: Background execution not allowed: receiving Intent { act=android.bluetooth.adapter.action.STATE_CHANGED flg=0x4000010 (has extras) } to com.google.android.gms/.chimera.GmsIntentOperationService$PersistentTrustedReceiver
10-01 15:47:42.285   480  1693 D APM_AudioPolicyManager: AudioPolicyManager:setRecordSilenced(uid:10013, silenced:0)
10-01 15:47:42.285   480  1693 D AudioFlinger: AudioFlinger::setRecordSilenced(uid:10013, silenced:0)
10-01 15:47:42.286 23314  5529 I NearbyDiscovery: FastPairScanner: Skipping stop, already stopped scanning [CONTEXT service_id=265 ]
10-01 15:47:42.288  1160  1160 D BluetoothMap: Proxy object connected
10-01 15:47:42.288  1160  1160 D MapProfile: Bluetooth service connected
10-01 15:47:42.288  1160  1160 D BluetoothMap: getConnectedDevices()
10-01 15:47:42.289 23314  9190 I NearbySharing: (REDACTED) Bluetooth is %s
10-01 15:47:42.290   999 18192 W ActivityManager: Receiver with filter android.content.IntentFilter@482e29 already registered for pid 11790, callerPackage is com.android.settings
10-01 15:47:42.290 23314 11885 W NearbyMediums: [BLUETOOTH_RADIO] State was changed outside of our control. Updating the snapshot to match current radio state.
10-01 15:47:42.290 23314  5529 I NearbyDiscovery: (REDACTED) FastPairScanner: isScreenOn=%s, isLocationEnabled=%s, disableLocationRequirement=%s, isDiscoveryScanningEnabled=%s, during24GhzWifiWarmingUpPeriod=%s
10-01 15:47:42.297 23314  5529 I NearbyDiscovery: (REDACTED) FastPairScanner: Start scanning internally in %s
10-01 15:47:42.300 11790 11790 D BluetoothEnabler: BluetoothAdapter state changed to12
10-01 15:47:42.300 11905 11905 E MediaBrowser: onConnectFailed for ComponentInfo{com.google.android.googlequicksearchbox/com.google.android.apps.search.podcasts.browser.PodcastBrowserService}
10-01 15:47:42.300 11790 11790 D BluetoothEnabler: Begin update status: turn on set mUpdateStatusOnly to true
10-01 15:47:42.301 11790 11790 D BluetoothEnabler: End update status: turn on set mUpdateStatusOnly to false
10-01 15:47:42.301 11790 11790 D BluetoothMap: Proxy object connected
10-01 15:47:42.301 11790 11790 D MapProfile: Bluetooth service connected
10-01 15:47:42.301 11790 11790 D BluetoothMap: getConnectedDevices()
10-01 15:47:42.304   487   487 I SurfaceFlinger: [Built-in Screen (type:0)] fps:43.938290,dur:1001.40,max:286.47,min:14.20
10-01 15:47:42.304 11790 11790 D BluetoothPan: BluetoothPAN Proxy object connected
10-01 15:47:42.304 11790 11790 D PanProfile: Bluetooth service connected
10-01 15:47:42.307 11905 11905 W NewAvrcpBrowsedPlayerWrapper: onConnectionFailed: Connection Failed with com.google.android.googlequicksearchbox
10-01 15:47:42.307 11905 11905 D BluetoothMapService: onReceive
10-01 15:47:42.307 11905 11905 D BluetoothMapService: onReceive: android.bluetooth.adapter.action.STATE_CHANGED
10-01 15:47:42.307 11905 11905 D BluetoothMapService: STATE_ON
10-01 15:47:42.309  4933  4933 E emio    : (REDACTED) Caller %s is not allowed to use the news media browser service
10-01 15:47:42.309  4933  4933 I MediaBrowserService: No root for client com.android.bluetooth from service android.service.media.MediaBrowserService$ServiceBinder$1
10-01 15:47:42.310 11905 11928 D BluetoothActiveDeviceManager: handleMessage(MESSAGE_ADAPTER_ACTION_STATE_CHANGED): newState=12
10-01 15:47:42.312 23314  5529 D BluetoothAdapter: isLeEnabled(): ON
10-01 15:47:42.313 11790 11790 D PbapServerProfile: Bluetooth service connected
10-01 15:47:42.315  1160  1160 D BluetoothPan: BluetoothPAN Proxy object connected
10-01 15:47:42.315  1160  1160 D PanProfile: Bluetooth service connected
10-01 15:47:42.315  1160  1160 D PbapServerProfile: Bluetooth service connected
10-01 15:47:42.316 23314  9190 I NearbySharing: Stopping foreground scanning because no scanning surface has been registered. [CONTEXT service_id=194 ]
10-01 15:47:42.317 11905 11905 I NewAvrcpBrowsedPlayerWrapper: onConnected: com.google.android.youtube is connected
10-01 15:47:42.317 23314  9190 I NearbySharing: Failed to stop scanning because we're not scanning. [CONTEXT service_id=194 ]
10-01 15:47:42.317 11905 11905 I NewAvrcpBrowsablePlayerConnector: com.google.android.googlequicksearchbox is not browsable
10-01 15:47:42.318 11905 11905 D BluetoothAdapterService: isQuetModeEnabled() - Enabled = false
10-01 15:47:42.318 11905 11905 I BluetoothPhonePolicy: autoConnect: Initiate auto connection on BT on...
10-01 15:47:42.321   487  1090 I BufferQueueProducer: [com.android.settings/com.android.settings.SubSettings#1](this:0xaa39e000,id:412,api:1,p:11790,c:487) queueBuffer: fps=14.61 dur=1026.53 max=795.59 min=13.45
10-01 15:47:42.321  4933  5421 I bdoy    : (REDACTED) bluetoothConnectionStateChanged. Action: %s
10-01 15:47:42.327 11905 11945 I bt_stack: [INFO:gatt_api.cc(948)] GATT_Register 7fe67e58-a537-f4ea-db47-a7f9b963fe82
10-01 15:47:42.327 11905 11945 I bt_stack: [INFO:gatt_api.cc(968)] allocated gatt_if=5
10-01 15:47:42.329 23314 24183 D BluetoothLeScanner: onScannerRegistered() - status=0 scannerId=5 mScannerId=0
10-01 15:47:42.329 11905 11905 I BluetoothPhonePolicy: autoConnectHeadset: skipped auto-connect HFP with device A8:E2:C1:A3:F3:33 priority -1
10-01 15:47:42.331 11905 11905 I BluetoothPhonePolicy: autoConnectA2dp: skipped auto-connect A2DP with device A8:E2:C1:A3:F3:33 priority -1
10-01 15:47:42.332 11905 11905 E MediaBrowser: onConnectFailed for ComponentInfo{com.google.android.googlequicksearchbox/com.google.android.libraries.assistant.auto.tng.media.mediabrowser.NewsMediaBrowserService}
10-01 15:47:42.332 11905 11958 D BluetoothMapMasInstance0: Map Service startSocketListeners
10-01 15:47:42.333 11905 11958 D ObexServerSockets: createWithFixedChannels(rfcomm = 26, l2capPsm = 4137)
10-01 15:47:42.333 11905 11958 D ObexServerSockets: create(rfcomm = 26, l2capPsm = 4137)
10-01 15:47:42.334 11905 11958 W BluetoothAdapter: getBluetoothService() called with no BluetoothManagerCallback
10-01 15:47:42.335  1160  1389 D LocalBluetoothProfileManager: Handsfree Uuid not found.
10-01 15:47:42.336 11905 11945 I bt_stack: [INFO:port_api.cc(237)] RFCOMM_CreateConnection: bd_addr=ff:ff:ff:ff:ff:ff, scn=26, is_server=1, mtu=990, uuid=0x0039, dlci=52, signal_state=0x0b, p_port=0x8efcfcb4
10-01 15:47:42.337 11905 11958 W BluetoothAdapter: getBluetoothService() called with no BluetoothManagerCallback
10-01 15:47:42.338  4933  4933 I emio    : onDestroy()
10-01 15:47:42.338  1160  1389 D LocalBluetoothProfileManager: MAP Client Uuid not found.
10-01 15:47:42.339  1160  1389 W LocalBluetoothProfileManager: Warning: Hid profile was previously added but the UUID is now missing.
10-01 15:47:42.339 11905 11958 D ObexServerSockets: Succeed to create listening sockets 
10-01 15:47:42.339 11905 11958 D ObexServerSockets1: startAccept()
10-01 15:47:42.341 23314  9190 I NearbySharing: Can't stop advertising FastInitiation. Not advertising. [CONTEXT service_id=194 ]
10-01 15:47:42.343 23314  9190 I NearbySharing: Stopping Fast Init advertisement because we're not scanning in the foreground. [CONTEXT service_id=194 ]
10-01 15:47:42.343 11905 11986 D ObexServerSockets1: Accepting socket connection...
10-01 15:47:42.344 11905 11958 D BluetoothSdpJni: sdpCreateMapMasRecordNative
10-01 15:47:42.344 11905 11987 D ObexServerSockets1: Accepting socket connection...
10-01 15:47:42.345 11905 11958 D BluetoothSdpJni: SDP Create record success - handle: 1
10-01 15:47:42.353 11905 11905 W NewAvrcpBrowsedPlayerWrapper: onConnectionFailed: Connection Failed with com.google.android.googlequicksearchbox
10-01 15:47:42.353 23314  5529 I NearbyDiscovery: (REDACTED) FastPairScanner: Starting %s scanning for %s seconds
10-01 15:47:42.355 11905 11905 D ObexServerSockets: createInsecureWithFixedChannels(rfcomm = 12, l2capPsm = 4131)
10-01 15:47:42.355 23314  5529 I NearbyDiscovery: (REDACTED) FastPairHandler: Received action %s
10-01 15:47:42.355 11905 11905 D ObexServerSockets: create(rfcomm = 12, l2capPsm = 4131)
10-01 15:47:42.356 11905 11905 W BluetoothAdapter: getBluetoothService() called with no BluetoothManagerCallback
10-01 15:47:42.357   999 18611 W ActivityManager: Receiver with filter android.content.IntentFilter@6a21eba already registered for pid 1160, callerPackage is com.android.systemui
10-01 15:47:42.359 11905 11905 D BluetoothAdapter: listenUsingInsecureL2capOn: port=4131
10-01 15:47:42.359 11905 11945 I bt_stack: [INFO:port_api.cc(237)] RFCOMM_CreateConnection: bd_addr=ff:ff:ff:ff:ff:ff, scn=12, is_server=1, mtu=990, uuid=0x003b, dlci=24, signal_state=0x0b, p_port=0x8efcfd3c
10-01 15:47:42.360 23314  5529 I NearbyDiscovery: (REDACTED) FastPairScanner: isScreenOn=%s, isLocationEnabled=%s, disableLocationRequirement=%s, isDiscoveryScanningEnabled=%s, during24GhzWifiWarmingUpPeriod=%s
10-01 15:47:42.362 11905 11905 W BluetoothAdapter: getBluetoothService() called with no BluetoothManagerCallback
10-01 15:47:42.365 11905 11905 D ObexServerSockets: Succeed to create listening sockets 
10-01 15:47:42.365 11905 11905 D ObexServerSockets2: startAccept()
10-01 15:47:42.366 23314  5529 D BluetoothAdapter: isLeEnabled(): ON
10-01 15:47:42.367 11905 11988 D ObexServerSockets2: Accepting socket connection...
10-01 15:47:42.367 11905 11905 D BluetoothSdpJni: sdpCreateOppOpsRecordNative
10-01 15:47:42.367 11905 11905 D BluetoothSdpJni: SDP Create record success - handle: 2
10-01 15:47:42.370 11905 11989 D ObexServerSockets2: Accepting socket connection...
10-01 15:47:42.371 11905 11937 D BluetoothAdapterService: getAdapterService() - returning com.android.bluetooth.btservice.AdapterService@398fbaa
10-01 15:47:42.373 23314  5529 I NearbyDiscovery: (REDACTED) FastPairScanner: eventType=%s, intReq=%s, scanning=%s, scanAllowed=%s, bleEnabled=%s, bleScanAvailable=%s, lockScanRate=%s, startScanningByLowPowerMode=%s
10-01 15:47:42.373 23314  5529 I NearbyDiscovery: (REDACTED) FastPairScanner: nothing changed, eventType=%s
10-01 15:47:42.376  4933  5421 W aotf    : Abort, client detached.
10-01 15:47:42.389 23314  9190 I NearbySharing: (REDACTED) Start advertising with mode %s certificate visibility %s data usage preference %s, and bt advertising %s
10-01 15:47:42.397 23314 23314 I NearbyFastPair: WDLS created [CONTEXT service_id=265 ]
10-01 15:47:42.403 23314  9190 I NearbySharing: (REDACTED) Advertising has started with mode %s, Bt enabled : %s
10-01 15:47:42.403 23314  9748 I NearbySharing: NearbyConnectionsManager cleared incoming payload tracking [CONTEXT service_id=194 ]
10-01 15:47:42.407   999  1012 V SettingsProvider: packageValueForCallResult, name = null, value : Bundle[{_track_generation=android.util.MemoryIntArray@69, value=null, _generation_index=0, _generation=91}]
10-01 15:47:42.423 11905 11905 I NewAvrcpBrowsablePlayerConnector: com.google.android.googlequicksearchbox is not browsable
10-01 15:47:42.423   999   999 D BluetoothHeadset: Proxy object connected
10-01 15:47:42.423 11905 11905 I NewAvrcpBrowsedPlayerWrapper: onConnected: com.google.android.apps.youtube.music is connected
10-01 15:47:42.423   999   999 D BluetoothHeadset: Proxy object connected
10-01 15:47:42.423   999   999 D BluetoothHeadset: Proxy object connected
10-01 15:47:42.423  1283 17652 D BluetoothHeadset: Proxy object connected
10-01 15:47:42.424 11790 11801 D BluetoothHeadset: Proxy object connected
10-01 15:47:42.424 11790 11790 D HeadsetProfile: Bluetooth service connected
10-01 15:47:42.424  1160  1683 D BluetoothHeadset: Proxy object connected
10-01 15:47:42.424  1160  1160 D HeadsetProfile: Bluetooth service connected
10-01 15:47:42.427  4933  4978 I bdoy    : (REDACTED) Failed to get bistoDeviceInfo %s
10-01 15:47:42.430   999   999 I AudioService: setBtScoActiveDevice: null -> null
10-01 15:47:42.431   999   999 I Telecom : : - Got BluetoothHeadset: com.android.server.telecom.BluetoothHeadsetProxy@6bf399: BMSL.oSC@AxM
10-01 15:47:42.434 23314 11885 I NearbyFastPair: (REDACTED) WDLS onStartCommand: uuid fetch for %s is done
10-01 15:47:42.439 23314 11891 I ProximityAuth: [PhoneHubService] Bluetooth state has changed. Calling startService.
10-01 15:47:42.442 23314 23583 W WearableService: onGetService: Wear is not available on this device.
10-01 15:47:42.442 11967 11992 D ContactsProvider: performBackgroundTask()+ **** task=0
10-01 15:47:42.450 23314  9190 I NearbySharing: (REDACTED) Failed to scan for fast initiation because we're already scanning with isHighPowerAllowed=%s.
10-01 15:47:42.451 23314  9190 I NearbySharing: Dismissing HUN as there's no device nearby. [CONTEXT service_id=194 ]
10-01 15:47:42.451 23314  9190 I NearbySharing: Cancelling in use notification [CONTEXT service_id=194 ]
10-01 15:47:42.459 23314 11891 I Nearby  : (REDACTED) is blocked device type %s, isAuto=%s, isIot=%s, isLatchsky=%s, isChinaWearable=%s, isTv=%s, isWearable=%s (supportWearOs=%s), isChromeOsDevice=%s (supportChromeOs=%s)
10-01 15:47:42.465 23314 11885 W NearbyFastPair: WearApiHelper: failed to get local node id [CONTEXT service_id=265 ]
10-01 15:47:42.465 23314 11885 W NearbyFastPair: java.util.concurrent.ExecutionException: ahod: 17: API: Wearable.API is not available on this device. Connection failed with: ConnectionResult{statusCode=API_UNAVAILABLE, resolution=null, message=null}
10-01 15:47:42.465 23314 11885 W NearbyFastPair: 	at cfwf.q(:com.google.android.gms@233614024@23.36.14 (100300-567131450):28)
10-01 15:47:42.465 23314 11885 W NearbyFastPair: 	at cfwf.p(:com.google.android.gms@233614024@23.36.14 (100300-567131450):44)
10-01 15:47:42.465 23314 11885 W NearbyFastPair: 	at bnav.b(:com.google.android.gms@233614024@23.36.14 (100300-567131450):13)
10-01 15:47:42.465 23314 11885 W NearbyFastPair: 	at bnar.a(:com.google.android.gms@233614024@23.36.14 (100300-567131450):3)
10-01 15:47:42.465 23314 11885 W NearbyFastPair: 	at bnaw.a(:com.google.android.gms@233614024@23.36.14 (100300-567131450):18)
10-01 15:47:42.465 23314 11885 W NearbyFastPair: 	at com.google.android.gms.nearby.fastpair.service.WearableDataListenerChimeraService.A(:com.google.android.gms@233614024@23.36.14 (100300-567131450):18)
10-01 15:47:42.465 23314 11885 W NearbyFastPair: 	at com.google.android.gms.nearby.fastpair.service.WearableDataListenerChimeraService.M(:com.google.android.gms@233614024@23.36.14 (100300-567131450):2)
10-01 15:47:42.465 23314 11885 W NearbyFastPair: 	at com.google.android.gms.nearby.fastpair.service.WearableDataListenerChimeraService.w(:com.google.android.gms@233614024@23.36.14 (100300-567131450):1702)
10-01 15:47:42.465 23314 11885 W NearbyFastPair: 	at bmwv.run(:com.google.android.gms@233614024@23.36.14 (100300-567131450):5)
10-01 15:47:42.465 23314 11885 W NearbyFastPair: 	at ajbg.c(:com.google.android.gms@233614024@23.36.14 (100300-567131450):50)
10-01 15:47:42.465 23314 11885 W NearbyFastPair: 	at ajbg.run(:com.google.android.gms@233614024@23.36.14 (100300-567131450):97)
10-01 15:47:42.465 23314 11885 W NearbyFastPair: 	at java.util.concurrent.ThreadPoolExecutor.runWorker(ThreadPoolExecutor.java:1167)
10-01 15:47:42.465 23314 11885 W NearbyFastPair: 	at java.util.concurrent.ThreadPoolExecutor$Worker.run(ThreadPoolExecutor.java:641)
10-01 15:47:42.465 23314 11885 W NearbyFastPair: 	at ajgn.run(:com.google.android.gms@233614024@23.36.14 (100300-567131450):8)
10-01 15:47:42.465 23314 11885 W NearbyFastPair: 	at java.lang.Thread.run(Thread.java:764)
10-01 15:47:42.465 23314 11885 W NearbyFastPair: Caused by: ahod: 17: API: Wearable.API is not available on this device. Connection failed with: ConnectionResult{statusCode=API_UNAVAILABLE, resolution=null, message=null}
10-01 15:47:42.465 23314 11885 W NearbyFastPair: 	at aiju.a(:com.google.android.gms@233614024@23.36.14 (100300-567131450):15)
10-01 15:47:42.465 23314 11885 W NearbyFastPair: 	at aimv.a(:com.google.android.gms@233614024@23.36.14 (100300-567131450):31)
10-01 15:47:42.465 23314 11885 W NearbyFastPair: 	at ahqb.run(:com.google.android.gms@233614024@23.36.14 (100300-567131450):7)
10-01 15:47:42.465 23314 11885 W NearbyFastPair: 	at ajao.c(:com.google.android.gms@233614024@23.36.14 (100300-567131450):12)
10-01 15:47:42.465 23314 11885 W NearbyFastPair: 	at ahpy.a(:com.google.android.gms@233614024@23.36.14 (100300-567131450):10)
10-01 15:47:42.465 23314 11885 W NearbyFastPair: 	at com.google.android.gms.common.api.internal.BasePendingResult.y(:com.google.android.gms@233614024@23.36.14 (100300-567131450):74)
10-01 15:47:42.465 23314 11885 W NearbyFastPair: 	at com.google.android.gms.common.api.internal.BasePendingResult.p(:com.google.android.gms@233614024@23.36.14 (100300-567131450):35)
10-01 15:47:42.465 23314 11885 W NearbyFastPair: 	at ahps.a(:com.google.android.gms@233614024@23.36.14 (100300-567131450):16)
10-01 15:47:42.465 23314 11885 W NearbyFastPair: 	at ahph.c(:com.google.android.gms@233614024@23.36.14 (100300-567131450):3)
10-01 15:47:42.465 23314 11885 W NearbyFastPair: 	at ahsa.p(:com.google.android.gms@233614024@23.36.14 (100300-567131450):48)
10-01 15:47:42.465 23314 11885 W NearbyFastPair: 	at ahsa.d(:com.google.android.gms@233614024@23.36.14 (100300-567131450):10)
10-01 15:47:42.465 23314 11885 W NearbyFastPair: 	at ahsa.g(:com.google.android.gms@233614024@23.36.14 (100300-567131450):204)
10-01 15:47:42.465 23314 11885 W NearbyFastPair: 	at ahsa.onConnectionFailed(:com.google.android.gms@233614024@23.36.14 (100300-567131450):2)
10-01 15:47:42.465 23314 11885 W NearbyFastPair: 	at ailc.hM(:com.google.android.gms@233614024@23.36.14 (100300-567131450):3)
10-01 15:47:42.465 23314 11885 W NearbyFastPair: 	at aikg.b(:com.google.android.gms@233614024@23.36.14 (100300-567131450):7)
10-01 15:47:42.465 23314 11885 W NearbyFastPair: 	at aijx.a(:com.google.android.gms@233614024@23.36.14 (100300-567131450):85)
10-01 15:47:42.465 23314 11885 W NearbyFastPair: 	at aika.handleMessage(:com.google.android.gms@233614024@23.36.14 (100300-567131450):287)
10-01 15:47:42.465 23314 11885 W NearbyFastPair: 	at android.os.Handler.dispatchMessage(Handler.java:106)
10-01 15:47:42.465 23314 11885 W NearbyFastPair: 	at becy.lB(:com.google.android.gms@233614024@23.36.14 (100300-567131450):1)
10-01 15:47:42.465 23314 11885 W NearbyFastPair: 	at becy.dispatchMessage(:com.google.android.gms@233614024@23.36.14 (100300-567131450):143)
10-01 15:47:42.465 23314 11885 W NearbyFastPair: 	at android.os.Looper.loop(Looper.java:193)
10-01 15:47:42.465 23314 11885 W NearbyFastPair: 	at android.os.HandlerThread.run(HandlerThread.java:65)
10-01 15:47:42.465 23314 11885 I NearbyFastPair: (REDACTED) WearApiRetryWrapper: retry#%s
10-01 15:47:42.469 11967 11967 I ContactsPerf: VoicemailContentProvider.onCreate start
10-01 15:47:42.476 23314 23314 I ProximityAuth: [PhoneHubService] Handling intent for PhoneHubChimeraService.
10-01 15:47:42.477 23314 23314 I Fido    : [CableAuthenticatorChimeraService] Unregistering receiver.
10-01 15:47:42.483 23314 23314 I Fido    : [CableAuthenticatorChimeraService] Registering broadcast receiver.
10-01 15:47:42.483  1160  1160 D TileServices: Couldn't find tile for ComponentInfo{com.google.android.gms/com.google.android.gms.nearby.sharing.SharingTileService}
10-01 15:47:42.488 23314 23314 D BoundBrokerSvc: onBind: Intent { act=com.google.android.gms.auth.proximity.devicesyncservice.START dat=chimera-action: cmp=com.google.android.gms/.chimera.PersistentBoundBrokerService }
10-01 15:47:42.488 23314 23314 D BoundBrokerSvc: Loading bound service for intent: Intent { act=com.google.android.gms.auth.proximity.devicesyncservice.START dat=chimera-action: cmp=com.google.android.gms/.chimera.PersistentBoundBrokerService }
10-01 15:47:42.494 11905 11905 I NewAvrcpBrowsedPlayerWrapper: onConnected: com.google.android.youtube is connected
10-01 15:47:42.494 11905 11905 I NewAvrcpBrowsedPlayerWrapper: getFolderItems: Connected to browsable player: com.google.android.youtube
10-01 15:47:42.494 23314 23583 W WearableService: onGetService: Wear is not available on this device.
10-01 15:47:42.495 23314 23314 I NearbyDiscovery: (REDACTED) FastPair: onAdapterStateChange: state=%s
10-01 15:47:42.496 23314 11350 I NearbyFastPair: DynamicSupportModule: onSupportStateUpdate start [CONTEXT service_id=265 ]
10-01 15:47:42.498 23314 11757 I Nearby  : (REDACTED) is blocked device type %s, isAuto=%s, isIot=%s, isLatchsky=%s, isChinaWearable=%s, isTv=%s, isWearable=%s (supportWearOs=%s), isChromeOsDevice=%s (supportChromeOs=%s)
10-01 15:47:42.499 23314 11885 W NearbyFastPair: WearApiHelper: failed to get local node id [CONTEXT service_id=265 ]
10-01 15:47:42.499 23314 11885 W NearbyFastPair: java.util.concurrent.ExecutionException: ahod: 17: API: Wearable.API is not available on this device. Connection failed with: ConnectionResult{statusCode=API_UNAVAILABLE, resolution=null, message=null}
10-01 15:47:42.499 23314 11885 W NearbyFastPair: 	at cfwf.q(:com.google.android.gms@233614024@23.36.14 (100300-567131450):28)
10-01 15:47:42.499 23314 11885 W NearbyFastPair: 	at cfwf.p(:com.google.android.gms@233614024@23.36.14 (100300-567131450):44)
10-01 15:47:42.499 23314 11885 W NearbyFastPair: 	at bnav.b(:com.google.android.gms@233614024@23.36.14 (100300-567131450):13)
10-01 15:47:42.499 23314 11885 W NearbyFastPair: 	at bnar.a(:com.google.android.gms@233614024@23.36.14 (100300-567131450):3)
10-01 15:47:42.499 23314 11885 W NearbyFastPair: 	at bnaw.a(:com.google.android.gms@233614024@23.36.14 (100300-567131450):18)
10-01 15:47:42.499 23314 11885 W NearbyFastPair: 	at com.google.android.gms.nearby.fastpair.service.WearableDataListenerChimeraService.A(:com.google.android.gms@233614024@23.36.14 (100300-567131450):18)
10-01 15:47:42.499 23314 11885 W NearbyFastPair: 	at com.google.android.gms.nearby.fastpair.service.WearableDataListenerChimeraService.M(:com.google.android.gms@233614024@23.36.14 (100300-567131450):2)
10-01 15:47:42.499 23314 11885 W NearbyFastPair: 	at com.google.android.gms.nearby.fastpair.service.WearableDataListenerChimeraService.w(:com.google.android.gms@233614024@23.36.14 (100300-567131450):1702)
10-01 15:47:42.499 23314 11885 W NearbyFastPair: 	at bmwv.run(:com.google.android.gms@233614024@23.36.14 (100300-567131450):5)
10-01 15:47:42.499 23314 11885 W NearbyFastPair: 	at ajbg.c(:com.google.android.gms@233614024@23.36.14 (100300-567131450):50)
10-01 15:47:42.499 23314 11885 W NearbyFastPair: 	at ajbg.run(:com.google.android.gms@233614024@23.36.14 (100300-567131450):97)
10-01 15:47:42.499 23314 11885 W NearbyFastPair: 	at java.util.concurrent.ThreadPoolExecutor.runWorker(ThreadPoolExecutor.java:1167)
10-01 15:47:42.499 23314 11885 W NearbyFastPair: 	at java.util.concurrent.ThreadPoolExecutor$Worker.run(ThreadPoolExecutor.java:641)
10-01 15:47:42.499 23314 11885 W NearbyFastPair: 	at ajgn.run(:com.google.android.gms@233614024@23.36.14 (100300-567131450):8)
10-01 15:47:42.499 23314 11885 W NearbyFastPair: 	at java.lang.Thread.run(Thread.java:764)
10-01 15:47:42.499 23314 11885 W NearbyFastPair: Caused by: ahod: 17: API: Wearable.API is not available on this device. Connection failed with: ConnectionResult{statusCode=API_UNAVAILABLE, resolution=null, message=null}
10-01 15:47:42.499 23314 11885 W NearbyFastPair: 	at aiju.a(:com.google.android.gms@233614024@23.36.14 (100300-567131450):15)
10-01 15:47:42.499 23314 11885 W NearbyFastPair: 	at aimv.a(:com.google.android.gms@233614024@23.36.14 (100300-567131450):31)
10-01 15:47:42.499 23314 11885 W NearbyFastPair: 	at ahqb.run(:com.google.android.gms@233614024@23.36.14 (100300-567131450):7)
10-01 15:47:42.499 23314 11885 W NearbyFastPair: 	at ajao.c(:com.google.android.gms@233614024@23.36.14 (100300-567131450):12)
10-01 15:47:42.499 23314 11885 W NearbyFastPair: 	at ahpy.a(:com.google.android.gms@233614024@23.36.14 (100300-567131450):10)
